******************************************************************************
                  TI ARM Linker PC v20.2.5                     
******************************************************************************
>> Linked Tue May 21 17:23:26 2024

OUTPUT FILE NAME:   <013_soc_soh.out>
ENTRY POINT SYMBOL: "_c_int00"  address: 0000f754


MEMORY CONFIGURATION

         name            origin    length      used     unused   attr    fill
----------------------  --------  ---------  --------  --------  ----  --------
  VECTORS               00000000   00000020  00000020  00000000     X
  KERNEL                00000020   00008000  00005200  00002e00  R  X
  FLASH0                00008020   00137fe0  00009a44  0012e59c  R  X
  STACKS                08000000   00000800  00000000  00000800  RW  
  KRAM                  08000800   00000800  00000104  000006fc  RW  
  RAM                   08001000   0002f000  000020c5  0002cf3b  RW  


SEGMENT ALLOCATION MAP

run origin  load origin   length   init length attrs members
----------  ----------- ---------- ----------- ----- -------
00000000    00000000    00005220   00005220    r-x
  00000000    00000000    00000020   00000020    r-x .intvecs
  00000020    00000020    000051b0   000051b0    r-x .kernelTEXT
  000051d0    000051d0    00000050   00000050    r-- .cinit
00008020    00008020    00009a44   00009a44    r-x
  00008020    00008020    00008e84   00008e84    r-x .text
  00010ea4    00010ea4    00000bc0   00000bc0    r-- .const
08000800    08000800    00000104   00000000    rw-
  08000800    08000800    00000104   00000000    rw- .kernelBSS
08001000    08001000    000020c8   00000000    rw-
  08001000    08001000    00002000   00000000    rw- .kernelHEAP
  08003000    08003000    000000a9   00000000    rw- .bss
  080030ac    080030ac    0000001c   00000000    rw- .data


SECTION ALLOCATION MAP

 output                                  attributes/
section   page    origin      length       input sections
--------  ----  ----------  ----------   ----------------
.intvecs   0    00000000    00000020     
                  00000000    00000020     sys_intvecs.obj (.intvecs)

.kernelTEXT 
*          0    00000020    000051b0     
                  00000020    00002bb8     os_tasks.obj (.kernelTEXT)
                  00002bd8    000011d4     os_queue.obj (.kernelTEXT)
                  00003dac    00000818     os_event_groups.obj (.kernelTEXT)
                  000045c4    000004b0     os_portasm.obj (.kernelTEXT)
                  00004a74    000003e0     os_port.obj (.kernelTEXT)
                  00004e54    0000037c     os_heap.obj (.kernelTEXT)

.cinit     0    000051d0    00000050     
                  000051d0    0000000c     (__TI_handler_table)
                  000051dc    0000000b     (.cinit..data.load) [load image, compression = lzss]
                  000051e7    00000009     (.cinit..kernelBSS.load) [load image, compression = lzss]
                  000051f0    00000008     (.cinit..bss.load) [load image, compression = zero_init]
                  000051f8    00000008     (.cinit..kernelHEAP.load) [load image, compression = zero_init]
                  00005200    00000020     (__TI_cinit_table)

.text      0    00008020    00008e84     
                  00008020    00002cdc     sys_selftest.obj (.text)
                  0000acfc    00000b64     system.obj (.text)
                  0000b860    00000a58     sys_vim.obj (.text)
                  0000c2b8    000009a0     os_mpu_wrappers.obj (.text)
                  0000cc58    000008ac     pinmux.obj (.text)
                  0000d504    000007b8     sci.obj (.text)
                  0000dcbc    00000664     errata_SSWF021_45.obj (.text)
                  0000e320    000005bc     esm.obj (.text)
                  0000e8dc    00000484     gio.obj (.text)
                  0000ed60    000003dc     sox.obj (.text)
                  0000f13c    0000034c     sys_core.obj (.text)
                  0000f488    000002cc     sys_vim.obj (.text:retain)
                  0000f754    00000288     sys_startup.obj (.text:retain)
                  0000f9dc    00000278     os_heap.obj (.text)
                  0000fc54    00000238     os_list.obj (.text)
                  0000fe8c    00000204     sci.obj (.text:retain)
                  00010090    000001b0     os_port.obj (.text)
                  00010240    00000158     os_tasks.obj (.text)
                  00010398    0000014c     orkaMain.obj (.text)
                  000104e4    00000114     esm.obj (.text:retain)
                  000105f8    000000f8     notification.obj (.text)
                  000106f0    000000e8     dabort.obj (.text)
                  000107d8    000000e0     rtsv7R4_T_be_v3D16_eabi.lib : s_floor.c.obj (.text:floor)
                  000108b8    000000e0     sys_pmu.obj (.text)
                  00010998    000000bc     Notification.obj (.text)
                  00010a54    000000b8     circularBuffer.obj (.text)
                  00010b0c    000000b0     het.obj (.text:retain)
                  00010bbc    0000009c     rtsv7R4_T_be_v3D16_eabi.lib : memcpy_t2.asm.obj (.text)
                  00010c58    0000007a                                 : memset_t2.asm.obj (.text)
                  00010cd2    0000006c                                 : copy_decompress_lzss.c.obj (.text:decompress:lzss:__TI_decompress_lzss)
                  00010d3e    00000002                                 : div0.asm.obj (.text)
                  00010d40    0000006c     task10ms.obj (.text)
                  00010dac    00000054     rtsv7R4_T_be_v3D16_eabi.lib : i_div32.asm.obj (.text)
                  00010e00    00000044                                 : autoinit.c.obj (.text:__TI_auto_init_nobinit_nopinit:__TI_auto_init_nobinit_nopinit)
                  00010e44    00000016                                 : strlen.c.obj (.text:strlen)
                  00010e5a    00000002     --HOLE-- [fill = 0]
                  00010e5c    00000014     task100ms.obj (.text)
                  00010e70    0000000e     rtsv7R4_T_be_v3D16_eabi.lib : copy_decompress_none.c.obj (.text:decompress:none:__TI_decompress_none)
                  00010e7e    0000000c                                 : copy_zero_init.c.obj (.text:decompress:ZI:__TI_zero_init)
                  00010e8a    00000002     --HOLE-- [fill = 0]
                  00010e8c    0000000c     sys_main.obj (.text)
                  00010e98    00000004     rtsv7R4_T_be_v3D16_eabi.lib : exit.c.obj (.text:abort:abort)
                  00010e9c    00000004     sys_phantom.obj (.text:retain)
                  00010ea0    00000004     sys_startup.obj (.text)

.const     0    00010ea4    00000bc0     
                  00010ea4    000004bc     sox.obj (.const:moliceDischargeTable)
                  00011360    000004bc     sox.obj (.const:molicelChargeTable)
                  0001181c    00000200     sys_vim.obj (.const:s_vim_init)
                  00011a1c    0000001c     orkaMain.obj (.const:$P$T0$1)
                  00011a38    00000014     sox.obj (.const:$P$T2$3)
                  00011a4c    0000000c     sox.obj (.const:$P$T0$1)
                  00011a58    0000000c     sox.obj (.const:$P$T1$2)

.kernelBSS 
*          0    08000800    00000104     UNINITIALIZED
                  08000800    000000d0     os_tasks.obj (.kernelBSS:uninit)
                  080008d0    00000034     os_tasks.obj (.kernelBSS:init)

.kernelHEAP 
*          0    08001000    00002000     UNINITIALIZED
                  08001000    00002000     os_heap.obj (.kernelHEAP)

.bss       0    08003000    000000a9     UNINITIALIZED
                  08003000    00000040     (.common:crcBuffer)
                  08003040    00000028     sci.obj (.bss:g_sciTransfer_t)
                  08003068    0000001c     sox.obj (.bss:soxInitVals)
                  08003084    00000014     (.common:batSox)
                  08003098    00000008     os_heap.obj (.bss:xStart)
                  080030a0    00000004     (.common:task_100ms)
                  080030a4    00000004     (.common:task_10ms)
                  080030a8    00000001     (.common:rxData)

.data      0    080030ac    0000001c     UNINITIALIZED
                  080030ac    00000010     os_heap.obj (.data)
                  080030bc    00000008     os_port.obj (.data)
                  080030c4    00000004     task10ms.obj (.data)

__llvm_prf_cnts 
*          0    08001000    00000000     UNINITIALIZED

MODULE SUMMARY

       Module                       code    ro data   rw data
       ------                       ----    -------   -------
    .\013_soc_soh\source\
       os_tasks.obj                 11536   0         260    
       sys_selftest.obj             11484   0         0      
       os_heap.obj                  1524    0         8216   
       os_queue.obj                 4564    0         0      
       sys_vim.obj                  3364    512       0      
       system.obj                   2916    0         0      
       sci.obj                      2492    0         40     
       os_mpu_wrappers.obj          2464    0         0      
       pinmux.obj                   2220    0         0      
       os_event_groups.obj          2072    0         0      
       esm.obj                      1744    0         0      
       errata_SSWF021_45.obj        1636    0         0      
       os_port.obj                  1424    0         8      
       os_portasm.obj               1200    0         0      
       gio.obj                      1156    0         0      
       sys_core.obj                 844     0         0      
       sys_startup.obj              652     0         0      
       os_list.obj                  568     0         0      
       notification.obj             248     0         0      
       dabort.obj                   232     0         0      
       sys_pmu.obj                  224     0         0      
       het.obj                      176     0         0      
       sys_intvecs.obj              32      0         0      
       sys_main.obj                 12      0         0      
       sys_phantom.obj              4       0         0      
    +--+----------------------------+-------+---------+---------+
       Total:                       54788   512       8524   
                                                             
    .\ORKA\System\
       orkaMain.obj                 332     28        0      
       Notification.obj             188     0         1      
    +--+----------------------------+-------+---------+---------+
       Total:                       520     28        1      
                                                             
    .\ORKA\System\Tasks\Task100ms\
       task100ms.obj                20      0         4      
    +--+----------------------------+-------+---------+---------+
       Total:                       20      0         4      
                                                             
    .\ORKA\System\Tasks\Task10ms\
       task10ms.obj                 108     0         8      
    +--+----------------------------+-------+---------+---------+
       Total:                       108     0         8      
                                                             
    .\ORKA\UserDefinedApis\CircularBuffer\
       circularBuffer.obj           184     0         64     
    +--+----------------------------+-------+---------+---------+
       Total:                       184     0         64     
                                                             
    .\ORKA\UserDefinedApis\Sox\
       sox.obj                      988     2468      48     
    +--+----------------------------+-------+---------+---------+
       Total:                       988     2468      48     
                                                             
    C:/ti/ccs1120/ccs/tools/compiler/ti-cgt-arm_20.2.5.LTS/lib/rtsv7R4_T_be_v3D16_eabi.lib
       s_floor.c.obj                224     0         0      
       memcpy_t2.asm.obj            156     0         0      
       memset_t2.asm.obj            122     0         0      
       copy_decompress_lzss.c.obj   108     0         0      
       i_div32.asm.obj              84      0         0      
       autoinit.c.obj               68      0         0      
       strlen.c.obj                 22      0         0      
       copy_decompress_none.c.obj   14      0         0      
       copy_zero_init.c.obj         12      0         0      
       exit.c.obj                   4       0         0      
       div0.asm.obj                 2       0         0      
    +--+----------------------------+-------+---------+---------+
       Total:                       816     0         0      
                                                             
       Linker Generated:            0       80        0      
    +--+----------------------------+-------+---------+---------+
       Grand Total:                 57424   3088      8649   


LINKER GENERATED COPY TABLES

__TI_cinit_table @ 00005200 records: 4, size/record: 8, table size: 32
	.data: load addr=000051dc, load size=0000000b bytes, run addr=080030ac, run size=0000001c bytes, compression=lzss
	.kernelBSS: load addr=000051e7, load size=00000009 bytes, run addr=08000800, run size=00000104 bytes, compression=lzss
	.bss: load addr=000051f0, load size=00000008 bytes, run addr=08003000, run size=000000a9 bytes, compression=zero_init
	.kernelHEAP: load addr=000051f8, load size=00000008 bytes, run addr=08001000, run size=00002000 bytes, compression=zero_init


LINKER GENERATED HANDLER TABLE

__TI_handler_table @ 000051d0 records: 3, size/record: 4, table size: 12
	index: 0, handler: __TI_decompress_lzss
	index: 1, handler: __TI_decompress_none
	index: 2, handler: __TI_zero_init


GLOBAL SYMBOLS: SORTED ALPHABETICALLY BY Name 

address   name                                  
-------   ----                                  
00010a54  AE_circularBufferParse                
00010398  AE_orkaMain                           
0000f044  AE_soxCalculate_UML                   
0000eec0  AE_soxInit                            
00010e5c  AE_task100ms                          
00010d40  AE_task10ms                           
00010e99  C$$EXIT                               
0000c488  MPU_eTaskGetState                     
0000c5f0  MPU_pcTaskGetName                     
0000c6d0  MPU_pvTaskGetThreadLocalStoragePointer
0000c7e8  MPU_ulTaskNotifyTake                  
0000c9a4  MPU_uxQueueMessagesWaiting            
0000c9d8  MPU_uxQueueSpacesAvailable            
0000c5c4  MPU_uxTaskGetNumberOfTasks            
0000c658  MPU_uxTaskGetStackHighWaterMark       
0000c454  MPU_uxTaskPriorityGet                 
0000cc2c  MPU_vEventGroupDelete                 
0000ca0c  MPU_vQueueDelete                      
0000c360  MPU_vTaskAllocateMPURegions           
0000c3c0  MPU_vTaskDelay                        
0000c3ec  MPU_vTaskDelayUntil                   
0000c394  MPU_vTaskDelete                       
0000c4bc  MPU_vTaskPrioritySet                  
0000c51c  MPU_vTaskResume                       
0000c68c  MPU_vTaskSetThreadLocalStoragePointer 
0000c860  MPU_vTaskSetTimeOutState              
0000c4f0  MPU_vTaskSuspend                      
0000c548  MPU_vTaskSuspendAll                   
0000cb50  MPU_xEventGroupClearBits              
0000cac8  MPU_xEventGroupCreate                 
0000cb94  MPU_xEventGroupSetBits                
0000cbd8  MPU_xEventGroupSync                   
0000caf4  MPU_xEventGroupWaitBits               
0000ca38  MPU_xQueueGenericCreate               
0000c950  MPU_xQueueGenericReceive              
0000ca84  MPU_xQueueGenericReset                
0000c8fc  MPU_xQueueGenericSend                 
0000c420  MPU_xTaskAbortDelay                   
0000c88c  MPU_xTaskCheckForTimeOut              
0000c2b8  MPU_xTaskCreate                       
0000c31c  MPU_xTaskCreateRestricted             
0000c740  MPU_xTaskGenericNotify                
0000c624  MPU_xTaskGetHandle                    
0000c714  MPU_xTaskGetIdleTaskHandle            
0000c8d0  MPU_xTaskGetSchedulerState            
0000c598  MPU_xTaskGetTickCount                 
0000c82c  MPU_xTaskNotifyStateClear             
0000c794  MPU_xTaskNotifyWait                   
0000c56c  MPU_xTaskResumeAll                    
UNDEFED   SHT$$INIT_ARRAY$$Base                 
UNDEFED   SHT$$INIT_ARRAY$$Limit                
00005200  __TI_CINIT_Base                       
00005220  __TI_CINIT_Limit                      
000051d0  __TI_Handler_Table_Base               
000051dc  __TI_Handler_Table_Limit              
0000f480  __TI_PINIT_Base                       
0000f484  __TI_PINIT_Limit                      
00010e01  __TI_auto_init_nobinit_nopinit        
00010cd3  __TI_decompress_lzss                  
00010e71  __TI_decompress_none                  
ffffffff  __TI_pprof_out_hndl                   
ffffffff  __TI_prof_data_size                   
ffffffff  __TI_prof_data_start                  
00000000  __TI_static_base__                    
00010e7f  __TI_zero_init                        
00010dac  __aeabi_idiv                          
00010d3f  __aeabi_idiv0                         
00010dac  __aeabi_idivmod                       
00010d3f  __aeabi_ldiv0                         
00010c59  __aeabi_memclr                        
00010c59  __aeabi_memclr4                       
00010c59  __aeabi_memclr8                       
00010bbd  __aeabi_memcpy                        
00010bbd  __aeabi_memcpy4                       
00010bbd  __aeabi_memcpy8                       
00010c5b  __aeabi_memset                        
00010c5b  __aeabi_memset4                       
00010c5b  __aeabi_memset8                       
ffffffff  __binit__                             
ffffffff  __c_args__                            
08001000  __start___llvm_prf_cnts               
08001000  __stop___llvm_prf_cnts                
0000f754  _c_int00                              
0000f398  _coreClearAuxiliaryDataFault_         
0000f3ac  _coreClearAuxiliaryInstructionFault_  
0000f370  _coreClearDataFaultAddress_           
0000f348  _coreClearDataFault_                  
0000f384  _coreClearInstructionFaultAddress_    
0000f35c  _coreClearInstructionFault_           
0000f2dc  _coreDisableEventBusExport_           
0000f320  _coreDisableFlashEcc_                 
0000f2fc  _coreDisableRamEcc_                   
0000f2cc  _coreEnableEventBusExport_            
0000f30c  _coreEnableFlashEcc_                  
0000f330  _coreEnableIrqVicOffset_              
0000f2ec  _coreEnableRamEcc_                    
0000f2b4  _coreEnableVfp_                       
0000f390  _coreGetAuxiliaryDataFault_           
0000f3a4  _coreGetAuxiliaryInstructionFault_    
0000f368  _coreGetDataFaultAddress_             
0000f340  _coreGetDataFault_                    
0000f37c  _coreGetInstructionFaultAddress_      
0000f354  _coreGetInstructionFault_             
0000f13c  _coreInitRegisters_                   
0000f248  _coreInitStackPointer_                
000106f0  _dabort                               
0000f3c0  _disable_FIQ_interrupt_               
0000f3c8  _disable_IRQ_interrupt_               
0000f3b8  _disable_interrupt_                   
0000f3d0  _enable_interrupt_                    
0000f460  _errata_CORTEXR4_57_                  
0000f470  _errata_CORTEXR4_66_                  
0000dcbc  _errata_SSWF021_45_both_plls          
0000deb0  _errata_SSWF021_45_pll1               
0000e028  _errata_SSWF021_45_pll2               
0000f3d8  _esmCcmErrorsClear_                   
0000f294  _getCPSRValue_                        
0000f29c  _gotoCPUIdle_                         
00010914  _pmuDisableCountersGlobal_            
00010904  _pmuEnableCountersGlobal_             
00010970  _pmuGetCycleCount_                    
00010978  _pmuGetEventCount_                    
00010984  _pmuGetOverflow_                      
000108b8  _pmuInit_                             
00010944  _pmuResetCounters_                    
00010924  _pmuResetCycleCounter_                
00010934  _pmuResetEventCounters_               
00010964  _pmuSetCountEvent_                    
00010954  _pmuStartCounters_                    
0001095c  _pmuStopCounters_                     
UNDEFED   _system_post_cinit                    
00010e99  abort                                 
0000926c  adc1ParityCheck                       
00009358  adc2ParityCheck                       
08003084  batSox                                
ffffffff  binit                                 
00009410  can1ParityCheck                       
000094e8  can2ParityCheck                       
000095b0  can3ParityCheck                       
00008030  ccmSelfCheck                          
0000a6fc  ccmr4GetConfigValue                   
00008938  checkB0RAMECC                         
00008b28  checkB1RAMECC                         
00009c18  checkClockMonitor                     
00008d18  checkFlashECC                         
00009cf4  checkFlashEEPROMECC                   
00009e8c  checkPLL1Slip                         
00009f8c  checkPLL2Slip                         
0000a050  checkRAMAddrParity                    
000099d0  checkRAMECC                           
0000a15c  checkRAMUERRTest                      
000087bc  checkefcSelfTest                      
080030c4  counterOf10msTask                     
00008234  cpuSelfTest                           
00008dfc  cpuSelfTestFail                       
08003000  crcBuffer                             
0000b784  customTrimLPO                         
00008df4  custom_dabort                         
0000ab58  disableParity                         
000106dc  dmaGroupANotification                 
00008eac  dmaParityCheck                        
00001f00  eTaskConfirmSleepModeStatus           
00000888  eTaskGetState                         
000106b4  edgeNotification                      
00008660  efcCheck                              
0000a660  efcGetConfigValue                     
00008794  efcSelfTest                           
000086e8  efcStuckZeroTest                      
0000aad0  enableParity                          
0000a76c  errata_PBIST_4                        
0000e4a4  esmActivateNormalOperation            
0000e578  esmClearStatus                        
0000e5b8  esmClearStatusBuffer                  
0000e46c  esmDisableError                       
0000e4dc  esmDisableInterrupt                   
0000e444  esmEnableError                        
0000e4b4  esmEnableInterrupt                    
0000e6b0  esmEnterSelfTest                      
0000e428  esmError                              
0000e788  esmGetConfigValue                     
0000e5f4  esmGetStatus                          
0000e678  esmGetStatusBuffer                    
000105f8  esmGroup1Notification                 
00010608  esmGroup2Notification                 
000104e4  esmHighInterrupt                      
0000e320  esmInit                               
0000e738  esmSelfTestStatus                     
0000e5d4  esmSetCounterPreloadValue             
0000e504  esmSetInterruptLevel                  
0000e494  esmTriggerErrorPinReset               
000107d9  floor                                 
000107d9  floorl                                
0000a2c4  fmcBus1ParityCheck                    
0000885c  fmcBus2Check                          
00008898  fmcECCcheck                           
0000eb3c  gioDisableNotification                
0000ead4  gioEnableNotification                 
0000ea3c  gioGetBit                             
0000eba4  gioGetConfigValue                     
0000ea64  gioGetPort                            
0000e8dc  gioInit                               
00010650  gioNotification                       
0000e9cc  gioSetBit                             
0000e9ac  gioSetDirection                       
0000ea1c  gioSetPort                            
0000ea7c  gioToggleBit                          
00010ea0  handlePLLLockFail                     
00010b0c  het1HighLevelInterrupt                
00008f58  het1ParityCheck                       
000090c0  het2ParityCheck                       
000106c8  hetNotification                       
00009004  htu1ParityCheck                       
000091bc  htu2ParityCheck                       
0000fe8c  linHighLevelInterrupt                 
00010e8c  main                                  
0000ae64  mapClocks                             
00010bbd  memcpy                                
00008174  memoryInit                            
00010618  memoryPort0TestFailNotification       
00010634  memoryPort1TestFailNotification       
00010c61  memset                                
00009684  mibspi1ParityCheck                    
0000978c  mibspi3ParityCheck                    
000098b0  mibspi5ParityCheck                    
00010ea4  moliceDischargeTable                  
00011360  molicelChargeTable                    
0000cc58  muxInit                               
0000a3ec  pbistFail                             
0000a470  pbistGetConfigValue                   
000085a8  pbistIsTestCompleted                  
000085d4  pbistIsTestPassed                     
00008608  pbistPortTestStatus                   
000084ac  pbistRun                              
000082cc  pbistSelfCheck                        
00008578  pbistStop                             
00001344  pcTaskGetName                         
0000ae10  periphInit                            
00010e9c  phantomInterrupt                      
0000d0f4  pinmuxGetConfigValue                  
00004a4c  prvMpuDisable                         
00004a34  prvMpuEnable                          
00004a1c  prvMpuSetRegion                       
00004e54  pvPortMalloc                          
00001fe0  pvTaskGetThreadLocalStoragePointer    
0001069c  pwmNotification                       
080008d0  pxCurrentTCB                          
00004a74  pxPortInitialiseStack                 
00000000  resetEntry                            
080030a8  rxData                                
0000d9cc  sciDisableLoopback                    
0000da58  sciDisableNotification                
0000d998  sciEnableLoopback                     
0000d9f0  sciEnableNotification                 
0000dac0  sciEnterResetState                    
0000dae0  sciExitResetState                     
0000d504  sciInit                               
0000d848  sciIsIdleDetected                     
0000d82c  sciIsRxReady                          
0000d6ac  sciIsTxReady                          
00010998  sciNotification                       
0000d8c0  sciReceive                            
0000d894  sciReceiveByte                        
0000d864  sciRxError                            
0000d6f8  sciSend                               
0000d6c8  sciSendByte                           
0000d610  sciSetBaudrate                        
0000d5f0  sciSetFunctional                      
0000db00  scilinGetConfigValue                  
00008020  selftestFailNotification              
0000add0  setupFlash                            
0000acfc  setupPLL                              
0001068c  spiEndNotification                    
00010678  spiNotification                       
0000b648  sramGetConfigValue                    
0000a5bc  stcGetConfigValue                     
000081b8  stcSelfCheck                          
00008df8  stcSelfCheckFail                      
00010e45  strlen                                
0000b088  systemGetConfigValue                  
0000af8c  systemInit                            
0000b058  systemPowerDown                       
080030a0  task_100ms                            
080030a4  task_10ms                             
0000b49c  tcmflashGetConfigValue                
0000ad5c  trimLPO                               
080030bc  ulCriticalNesting                     
00004944  ulPortCountLeadingZeros               
080030c0  ulTaskHasFPUContext                   
00002378  ulTaskNotifyTake                      
0000fe00  uxListRemove                          
000038e8  uxQueueMessagesWaiting                
0000396c  uxQueueMessagesWaitingFromISR         
00003920  uxQueueSpacesAvailable                
00001338  uxTaskGetNumberOfTasks                
00002224  uxTaskGetStackHighWaterMark           
0000098c  uxTaskPriorityGet                     
000009d0  uxTaskPriorityGetFromISR              
0000233c  uxTaskResetEventItemValue             
0000453c  vEventGroupClearBitsCallback          
0000449c  vEventGroupDelete                     
00004520  vEventGroupSetBitsCallback            
0000fc54  vListInitialise                       
0000fcac  vListInitialiseItem                   
0000fd3c  vListInsert                           
0000fcc8  vListInsertEnd                        
00004e20  vPortEndScheduler                     
000050a8  vPortFree                             
000051b8  vPortInitialiseBlocks                 
00004938  vPortInitialiseFPSCR                  
00004838  vPortPreemptiveTick                   
0000494c  vPortSWI                              
000045c8  vPortStartFirstTask                   
00004b88  vPortStoreTaskMPUSettings             
00004744  vPortYeildWithinAPI                   
00004658  vPortYieldProcessor                   
0000399c  vQueueDelete                          
0000204c  vTaskAllocateMPURegions               
00000804  vTaskDelay                            
00000698  vTaskDelayUntil                       
00000530  vTaskDelete                           
00001074  vTaskEndScheduler                     
00001ef0  vTaskMissedYield                      
00002930  vTaskNotifyGiveFromISR                
00001ab8  vTaskPlaceOnEventList                 
00001afc  vTaskPlaceOnUnorderedEventList        
00000a18  vTaskPrioritySet                      
00000e14  vTaskResume                           
00001f7c  vTaskSetThreadLocalStoragePointer     
00001d74  vTaskSetTimeOutState                  
00000fdc  vTaskStartScheduler                   
00001658  vTaskStepTick                         
00000c10  vTaskSuspend                          
00001090  vTaskSuspendAll                       
000019d8  vTaskSwitchContext                    
0000b934  vimChannelMap                         
0000bba0  vimDisableInterrupt                   
0000b9d8  vimEnableInterrupt                    
0000bc4c  vimGetConfigValue                     
0000b860  vimInit                               
00008e00  vimParityCheck                        
0000f488  vimParityErrorHandler                 
00004238  xEventGroupClearBits                  
00003dac  xEventGroupCreate                     
000042bc  xEventGroupGetBitsFromISR             
000042ec  xEventGroupSetBits                    
00003de8  xEventGroupSync                       
00003fe8  xEventGroupWaitBits                   
000051a0  xPortGetFreeHeapSize                  
000051ac  xPortGetMinimumEverFreeHeapSize       
00004dfc  xPortStartScheduler                   
00002d00  xQueueGenericCreate                   
000033d8  xQueueGenericReceive                  
00002bd8  xQueueGenericReset                    
00002e1c  xQueueGenericSend                     
000030dc  xQueueGenericSendFromISR              
0000326c  xQueueGiveFromISR                     
00003cd0  xQueueIsQueueEmptyFromISR             
00003d5c  xQueueIsQueueFullFromISR              
000037f4  xQueuePeekFromISR                     
000036ac  xQueueReceiveFromISR                  
000016b4  xTaskAbortDelay                       
00001db8  xTaskCheckForTimeOut                  
000000fc  xTaskCreate                           
00000020  xTaskCreateRestricted                 
00002560  xTaskGenericNotify                    
00002730  xTaskGenericNotifyFromISR             
00001518  xTaskGetHandle                        
00001620  xTaskGetIdleTaskHandle                
000022ec  xTaskGetSchedulerState                
000012f8  xTaskGetTickCount                     
00001314  xTaskGetTickCountFromISR              
000017b0  xTaskIncrementTick                    
0001031c  xTaskNotifyStateClear                 
0000244c  xTaskNotifyWait                       
00001b80  xTaskRemoveFromEventList              
00001c70  xTaskRemoveFromUnorderedEventList     
00001148  xTaskResumeAll                        
00000ef4  xTaskResumeFromISR                    


GLOBAL SYMBOLS: SORTED BY Symbol Address 

address   name                                  
-------   ----                                  
00000000  __TI_static_base__                    
00000000  resetEntry                            
00000020  xTaskCreateRestricted                 
000000fc  xTaskCreate                           
00000530  vTaskDelete                           
00000698  vTaskDelayUntil                       
00000804  vTaskDelay                            
00000888  eTaskGetState                         
0000098c  uxTaskPriorityGet                     
000009d0  uxTaskPriorityGetFromISR              
00000a18  vTaskPrioritySet                      
00000c10  vTaskSuspend                          
00000e14  vTaskResume                           
00000ef4  xTaskResumeFromISR                    
00000fdc  vTaskStartScheduler                   
00001074  vTaskEndScheduler                     
00001090  vTaskSuspendAll                       
00001148  xTaskResumeAll                        
000012f8  xTaskGetTickCount                     
00001314  xTaskGetTickCountFromISR              
00001338  uxTaskGetNumberOfTasks                
00001344  pcTaskGetName                         
00001518  xTaskGetHandle                        
00001620  xTaskGetIdleTaskHandle                
00001658  vTaskStepTick                         
000016b4  xTaskAbortDelay                       
000017b0  xTaskIncrementTick                    
000019d8  vTaskSwitchContext                    
00001ab8  vTaskPlaceOnEventList                 
00001afc  vTaskPlaceOnUnorderedEventList        
00001b80  xTaskRemoveFromEventList              
00001c70  xTaskRemoveFromUnorderedEventList     
00001d74  vTaskSetTimeOutState                  
00001db8  xTaskCheckForTimeOut                  
00001ef0  vTaskMissedYield                      
00001f00  eTaskConfirmSleepModeStatus           
00001f7c  vTaskSetThreadLocalStoragePointer     
00001fe0  pvTaskGetThreadLocalStoragePointer    
0000204c  vTaskAllocateMPURegions               
00002224  uxTaskGetStackHighWaterMark           
000022ec  xTaskGetSchedulerState                
0000233c  uxTaskResetEventItemValue             
00002378  ulTaskNotifyTake                      
0000244c  xTaskNotifyWait                       
00002560  xTaskGenericNotify                    
00002730  xTaskGenericNotifyFromISR             
00002930  vTaskNotifyGiveFromISR                
00002bd8  xQueueGenericReset                    
00002d00  xQueueGenericCreate                   
00002e1c  xQueueGenericSend                     
000030dc  xQueueGenericSendFromISR              
0000326c  xQueueGiveFromISR                     
000033d8  xQueueGenericReceive                  
000036ac  xQueueReceiveFromISR                  
000037f4  xQueuePeekFromISR                     
000038e8  uxQueueMessagesWaiting                
00003920  uxQueueSpacesAvailable                
0000396c  uxQueueMessagesWaitingFromISR         
0000399c  vQueueDelete                          
00003cd0  xQueueIsQueueEmptyFromISR             
00003d5c  xQueueIsQueueFullFromISR              
00003dac  xEventGroupCreate                     
00003de8  xEventGroupSync                       
00003fe8  xEventGroupWaitBits                   
00004238  xEventGroupClearBits                  
000042bc  xEventGroupGetBitsFromISR             
000042ec  xEventGroupSetBits                    
0000449c  vEventGroupDelete                     
00004520  vEventGroupSetBitsCallback            
0000453c  vEventGroupClearBitsCallback          
000045c8  vPortStartFirstTask                   
00004658  vPortYieldProcessor                   
00004744  vPortYeildWithinAPI                   
00004838  vPortPreemptiveTick                   
00004938  vPortInitialiseFPSCR                  
00004944  ulPortCountLeadingZeros               
0000494c  vPortSWI                              
00004a1c  prvMpuSetRegion                       
00004a34  prvMpuEnable                          
00004a4c  prvMpuDisable                         
00004a74  pxPortInitialiseStack                 
00004b88  vPortStoreTaskMPUSettings             
00004dfc  xPortStartScheduler                   
00004e20  vPortEndScheduler                     
00004e54  pvPortMalloc                          
000050a8  vPortFree                             
000051a0  xPortGetFreeHeapSize                  
000051ac  xPortGetMinimumEverFreeHeapSize       
000051b8  vPortInitialiseBlocks                 
000051d0  __TI_Handler_Table_Base               
000051dc  __TI_Handler_Table_Limit              
00005200  __TI_CINIT_Base                       
00005220  __TI_CINIT_Limit                      
00008020  selftestFailNotification              
00008030  ccmSelfCheck                          
00008174  memoryInit                            
000081b8  stcSelfCheck                          
00008234  cpuSelfTest                           
000082cc  pbistSelfCheck                        
000084ac  pbistRun                              
00008578  pbistStop                             
000085a8  pbistIsTestCompleted                  
000085d4  pbistIsTestPassed                     
00008608  pbistPortTestStatus                   
00008660  efcCheck                              
000086e8  efcStuckZeroTest                      
00008794  efcSelfTest                           
000087bc  checkefcSelfTest                      
0000885c  fmcBus2Check                          
00008898  fmcECCcheck                           
00008938  checkB0RAMECC                         
00008b28  checkB1RAMECC                         
00008d18  checkFlashECC                         
00008df4  custom_dabort                         
00008df8  stcSelfCheckFail                      
00008dfc  cpuSelfTestFail                       
00008e00  vimParityCheck                        
00008eac  dmaParityCheck                        
00008f58  het1ParityCheck                       
00009004  htu1ParityCheck                       
000090c0  het2ParityCheck                       
000091bc  htu2ParityCheck                       
0000926c  adc1ParityCheck                       
00009358  adc2ParityCheck                       
00009410  can1ParityCheck                       
000094e8  can2ParityCheck                       
000095b0  can3ParityCheck                       
00009684  mibspi1ParityCheck                    
0000978c  mibspi3ParityCheck                    
000098b0  mibspi5ParityCheck                    
000099d0  checkRAMECC                           
00009c18  checkClockMonitor                     
00009cf4  checkFlashEEPROMECC                   
00009e8c  checkPLL1Slip                         
00009f8c  checkPLL2Slip                         
0000a050  checkRAMAddrParity                    
0000a15c  checkRAMUERRTest                      
0000a2c4  fmcBus1ParityCheck                    
0000a3ec  pbistFail                             
0000a470  pbistGetConfigValue                   
0000a5bc  stcGetConfigValue                     
0000a660  efcGetConfigValue                     
0000a6fc  ccmr4GetConfigValue                   
0000a76c  errata_PBIST_4                        
0000aad0  enableParity                          
0000ab58  disableParity                         
0000acfc  setupPLL                              
0000ad5c  trimLPO                               
0000add0  setupFlash                            
0000ae10  periphInit                            
0000ae64  mapClocks                             
0000af8c  systemInit                            
0000b058  systemPowerDown                       
0000b088  systemGetConfigValue                  
0000b49c  tcmflashGetConfigValue                
0000b648  sramGetConfigValue                    
0000b784  customTrimLPO                         
0000b860  vimInit                               
0000b934  vimChannelMap                         
0000b9d8  vimEnableInterrupt                    
0000bba0  vimDisableInterrupt                   
0000bc4c  vimGetConfigValue                     
0000c2b8  MPU_xTaskCreate                       
0000c31c  MPU_xTaskCreateRestricted             
0000c360  MPU_vTaskAllocateMPURegions           
0000c394  MPU_vTaskDelete                       
0000c3c0  MPU_vTaskDelay                        
0000c3ec  MPU_vTaskDelayUntil                   
0000c420  MPU_xTaskAbortDelay                   
0000c454  MPU_uxTaskPriorityGet                 
0000c488  MPU_eTaskGetState                     
0000c4bc  MPU_vTaskPrioritySet                  
0000c4f0  MPU_vTaskSuspend                      
0000c51c  MPU_vTaskResume                       
0000c548  MPU_vTaskSuspendAll                   
0000c56c  MPU_xTaskResumeAll                    
0000c598  MPU_xTaskGetTickCount                 
0000c5c4  MPU_uxTaskGetNumberOfTasks            
0000c5f0  MPU_pcTaskGetName                     
0000c624  MPU_xTaskGetHandle                    
0000c658  MPU_uxTaskGetStackHighWaterMark       
0000c68c  MPU_vTaskSetThreadLocalStoragePointer 
0000c6d0  MPU_pvTaskGetThreadLocalStoragePointer
0000c714  MPU_xTaskGetIdleTaskHandle            
0000c740  MPU_xTaskGenericNotify                
0000c794  MPU_xTaskNotifyWait                   
0000c7e8  MPU_ulTaskNotifyTake                  
0000c82c  MPU_xTaskNotifyStateClear             
0000c860  MPU_vTaskSetTimeOutState              
0000c88c  MPU_xTaskCheckForTimeOut              
0000c8d0  MPU_xTaskGetSchedulerState            
0000c8fc  MPU_xQueueGenericSend                 
0000c950  MPU_xQueueGenericReceive              
0000c9a4  MPU_uxQueueMessagesWaiting            
0000c9d8  MPU_uxQueueSpacesAvailable            
0000ca0c  MPU_vQueueDelete                      
0000ca38  MPU_xQueueGenericCreate               
0000ca84  MPU_xQueueGenericReset                
0000cac8  MPU_xEventGroupCreate                 
0000caf4  MPU_xEventGroupWaitBits               
0000cb50  MPU_xEventGroupClearBits              
0000cb94  MPU_xEventGroupSetBits                
0000cbd8  MPU_xEventGroupSync                   
0000cc2c  MPU_vEventGroupDelete                 
0000cc58  muxInit                               
0000d0f4  pinmuxGetConfigValue                  
0000d504  sciInit                               
0000d5f0  sciSetFunctional                      
0000d610  sciSetBaudrate                        
0000d6ac  sciIsTxReady                          
0000d6c8  sciSendByte                           
0000d6f8  sciSend                               
0000d82c  sciIsRxReady                          
0000d848  sciIsIdleDetected                     
0000d864  sciRxError                            
0000d894  sciReceiveByte                        
0000d8c0  sciReceive                            
0000d998  sciEnableLoopback                     
0000d9cc  sciDisableLoopback                    
0000d9f0  sciEnableNotification                 
0000da58  sciDisableNotification                
0000dac0  sciEnterResetState                    
0000dae0  sciExitResetState                     
0000db00  scilinGetConfigValue                  
0000dcbc  _errata_SSWF021_45_both_plls          
0000deb0  _errata_SSWF021_45_pll1               
0000e028  _errata_SSWF021_45_pll2               
0000e320  esmInit                               
0000e428  esmError                              
0000e444  esmEnableError                        
0000e46c  esmDisableError                       
0000e494  esmTriggerErrorPinReset               
0000e4a4  esmActivateNormalOperation            
0000e4b4  esmEnableInterrupt                    
0000e4dc  esmDisableInterrupt                   
0000e504  esmSetInterruptLevel                  
0000e578  esmClearStatus                        
0000e5b8  esmClearStatusBuffer                  
0000e5d4  esmSetCounterPreloadValue             
0000e5f4  esmGetStatus                          
0000e678  esmGetStatusBuffer                    
0000e6b0  esmEnterSelfTest                      
0000e738  esmSelfTestStatus                     
0000e788  esmGetConfigValue                     
0000e8dc  gioInit                               
0000e9ac  gioSetDirection                       
0000e9cc  gioSetBit                             
0000ea1c  gioSetPort                            
0000ea3c  gioGetBit                             
0000ea64  gioGetPort                            
0000ea7c  gioToggleBit                          
0000ead4  gioEnableNotification                 
0000eb3c  gioDisableNotification                
0000eba4  gioGetConfigValue                     
0000eec0  AE_soxInit                            
0000f044  AE_soxCalculate_UML                   
0000f13c  _coreInitRegisters_                   
0000f248  _coreInitStackPointer_                
0000f294  _getCPSRValue_                        
0000f29c  _gotoCPUIdle_                         
0000f2b4  _coreEnableVfp_                       
0000f2cc  _coreEnableEventBusExport_            
0000f2dc  _coreDisableEventBusExport_           
0000f2ec  _coreEnableRamEcc_                    
0000f2fc  _coreDisableRamEcc_                   
0000f30c  _coreEnableFlashEcc_                  
0000f320  _coreDisableFlashEcc_                 
0000f330  _coreEnableIrqVicOffset_              
0000f340  _coreGetDataFault_                    
0000f348  _coreClearDataFault_                  
0000f354  _coreGetInstructionFault_             
0000f35c  _coreClearInstructionFault_           
0000f368  _coreGetDataFaultAddress_             
0000f370  _coreClearDataFaultAddress_           
0000f37c  _coreGetInstructionFaultAddress_      
0000f384  _coreClearInstructionFaultAddress_    
0000f390  _coreGetAuxiliaryDataFault_           
0000f398  _coreClearAuxiliaryDataFault_         
0000f3a4  _coreGetAuxiliaryInstructionFault_    
0000f3ac  _coreClearAuxiliaryInstructionFault_  
0000f3b8  _disable_interrupt_                   
0000f3c0  _disable_FIQ_interrupt_               
0000f3c8  _disable_IRQ_interrupt_               
0000f3d0  _enable_interrupt_                    
0000f3d8  _esmCcmErrorsClear_                   
0000f460  _errata_CORTEXR4_57_                  
0000f470  _errata_CORTEXR4_66_                  
0000f480  __TI_PINIT_Base                       
0000f484  __TI_PINIT_Limit                      
0000f488  vimParityErrorHandler                 
0000f754  _c_int00                              
0000fc54  vListInitialise                       
0000fcac  vListInitialiseItem                   
0000fcc8  vListInsertEnd                        
0000fd3c  vListInsert                           
0000fe00  uxListRemove                          
0000fe8c  linHighLevelInterrupt                 
0001031c  xTaskNotifyStateClear                 
00010398  AE_orkaMain                           
000104e4  esmHighInterrupt                      
000105f8  esmGroup1Notification                 
00010608  esmGroup2Notification                 
00010618  memoryPort0TestFailNotification       
00010634  memoryPort1TestFailNotification       
00010650  gioNotification                       
00010678  spiNotification                       
0001068c  spiEndNotification                    
0001069c  pwmNotification                       
000106b4  edgeNotification                      
000106c8  hetNotification                       
000106dc  dmaGroupANotification                 
000106f0  _dabort                               
000107d9  floor                                 
000107d9  floorl                                
000108b8  _pmuInit_                             
00010904  _pmuEnableCountersGlobal_             
00010914  _pmuDisableCountersGlobal_            
00010924  _pmuResetCycleCounter_                
00010934  _pmuResetEventCounters_               
00010944  _pmuResetCounters_                    
00010954  _pmuStartCounters_                    
0001095c  _pmuStopCounters_                     
00010964  _pmuSetCountEvent_                    
00010970  _pmuGetCycleCount_                    
00010978  _pmuGetEventCount_                    
00010984  _pmuGetOverflow_                      
00010998  sciNotification                       
00010a54  AE_circularBufferParse                
00010b0c  het1HighLevelInterrupt                
00010bbd  __aeabi_memcpy                        
00010bbd  __aeabi_memcpy4                       
00010bbd  __aeabi_memcpy8                       
00010bbd  memcpy                                
00010c59  __aeabi_memclr                        
00010c59  __aeabi_memclr4                       
00010c59  __aeabi_memclr8                       
00010c5b  __aeabi_memset                        
00010c5b  __aeabi_memset4                       
00010c5b  __aeabi_memset8                       
00010c61  memset                                
00010cd3  __TI_decompress_lzss                  
00010d3f  __aeabi_idiv0                         
00010d3f  __aeabi_ldiv0                         
00010d40  AE_task10ms                           
00010dac  __aeabi_idiv                          
00010dac  __aeabi_idivmod                       
00010e01  __TI_auto_init_nobinit_nopinit        
00010e45  strlen                                
00010e5c  AE_task100ms                          
00010e71  __TI_decompress_none                  
00010e7f  __TI_zero_init                        
00010e8c  main                                  
00010e99  C$$EXIT                               
00010e99  abort                                 
00010e9c  phantomInterrupt                      
00010ea0  handlePLLLockFail                     
00010ea4  moliceDischargeTable                  
00011360  molicelChargeTable                    
080008d0  pxCurrentTCB                          
08001000  __start___llvm_prf_cnts               
08001000  __stop___llvm_prf_cnts                
08003000  crcBuffer                             
08003084  batSox                                
080030a0  task_100ms                            
080030a4  task_10ms                             
080030a8  rxData                                
080030bc  ulCriticalNesting                     
080030c0  ulTaskHasFPUContext                   
080030c4  counterOf10msTask                     
ffffffff  __TI_pprof_out_hndl                   
ffffffff  __TI_prof_data_size                   
ffffffff  __TI_prof_data_start                  
ffffffff  __binit__                             
ffffffff  __c_args__                            
ffffffff  binit                                 
UNDEFED   SHT$$INIT_ARRAY$$Base                 
UNDEFED   SHT$$INIT_ARRAY$$Limit                
UNDEFED   _system_post_cinit                    

[378 symbols]
