******************************************************************************
                  TI ARM Linker PC v20.2.5                     
******************************************************************************
>> Linked Thu May 30 08:24:49 2024

OUTPUT FILE NAME:   <013_soc_soh.out>
ENTRY POINT SYMBOL: "_c_int00"  address: 00010350


MEMORY CONFIGURATION

         name            origin    length      used     unused   attr    fill
----------------------  --------  ---------  --------  --------  ----  --------
  VECTORS               00000000   00000020  00000020  00000000     X
  KERNEL                00000020   00008000  00005200  00002e00  R  X
  FLASH0                00008020   00137fe0  0000b9e0  0012c600  R  X
  STACKS                08000000   00000800  00000000  00000800  RW  
  KRAM                  08000800   00000800  00000104  000006fc  RW  
  RAM                   08001000   0002f000  000020f1  0002cf0f  RW  


SEGMENT ALLOCATION MAP

run origin  load origin   length   init length attrs members
----------  ----------- ---------- ----------- ----- -------
00000000    00000000    00005220   00005220    r-x
  00000000    00000000    00000020   00000020    r-x .intvecs
  00000020    00000020    000051b0   000051b0    r-x .kernelTEXT
  000051d0    000051d0    00000050   00000050    r-- .cinit
00008020    00008020    0000b9e0   0000b9e0    r-x
  00008020    00008020    00009b08   00009b08    r-x .text
  00011b28    00011b28    00001ed8   00001ed8    r-- .const
08000800    08000800    00000104   00000000    rw-
  08000800    08000800    00000104   00000000    rw- .kernelBSS
08001000    08001000    000020f4   00000000    rw-
  08001000    08001000    00002000   00000000    rw- .kernelHEAP
  08003000    08003000    000000d5   00000000    rw- .bss
  080030d8    080030d8    0000001c   00000000    rw- .data


SECTION ALLOCATION MAP

 output                                  attributes/
section   page    origin      length       input sections
--------  ----  ----------  ----------   ----------------
.intvecs   0    00000000    00000020     
                  00000000    00000020     sys_intvecs.obj (.intvecs)

.kernelTEXT 
*          0    00000020    000051b0     
                  00000020    00002bb8     os_tasks.obj (.kernelTEXT)
                  00002bd8    000011d4     os_queue.obj (.kernelTEXT)
                  00003dac    00000818     os_event_groups.obj (.kernelTEXT)
                  000045c4    000004b0     os_portasm.obj (.kernelTEXT)
                  00004a74    000003e0     os_port.obj (.kernelTEXT)
                  00004e54    0000037c     os_heap.obj (.kernelTEXT)

.cinit     0    000051d0    00000050     
                  000051d0    0000000c     (__TI_handler_table)
                  000051dc    0000000b     (.cinit..data.load) [load image, compression = lzss]
                  000051e7    00000009     (.cinit..kernelBSS.load) [load image, compression = lzss]
                  000051f0    00000008     (.cinit..bss.load) [load image, compression = zero_init]
                  000051f8    00000008     (.cinit..kernelHEAP.load) [load image, compression = zero_init]
                  00005200    00000020     (__TI_cinit_table)

.text      0    00008020    00009b08     
                  00008020    00002cdc     sys_selftest.obj (.text)
                  0000acfc    00000b64     system.obj (.text)
                  0000b860    00000a58     sys_vim.obj (.text)
                  0000c2b8    000009b0     sox.obj (.text)
                  0000cc68    000009a0     os_mpu_wrappers.obj (.text)
                  0000d608    000008ac     pinmux.obj (.text)
                  0000deb4    000007b8     sci.obj (.text)
                  0000e66c    00000664     errata_SSWF021_45.obj (.text)
                  0000ecd0    00000628     cellLookupTable.obj (.text)
                  0000f2f8    000005bc     esm.obj (.text)
                  0000f8b4    00000484     gio.obj (.text)
                  0000fd38    0000034c     sys_core.obj (.text)
                  00010084    000002cc     sys_vim.obj (.text:retain)
                  00010350    00000288     sys_startup.obj (.text:retain)
                  000105d8    00000278     os_heap.obj (.text)
                  00010850    00000238     os_list.obj (.text)
                  00010a88    00000204     sci.obj (.text:retain)
                  00010c8c    000001b0     os_port.obj (.text)
                  00010e3c    00000168     orkaMain.obj (.text)
                  00010fa4    00000158     os_tasks.obj (.text)
                  000110fc    00000114     esm.obj (.text:retain)
                  00011210    00000100     Notification.obj (.text)
                  00011310    000000f8     notification.obj (.text)
                  00011408    000000e8     dabort.obj (.text)
                  000114f0    000000e0     rtsv7R4_T_be_v3D16_eabi.lib : s_floor.c.obj (.text:floor)
                  000115d0    000000e0     sys_pmu.obj (.text)
                  000116b0    000000cc     circularBuffer.obj (.text)
                  0001177c    000000b0     het.obj (.text:retain)
                  0001182c    0000009c     rtsv7R4_T_be_v3D16_eabi.lib : memcpy_t2.asm.obj (.text)
                  000118c8    00000080     task10ms.obj (.text)
                  00011948    0000007a     rtsv7R4_T_be_v3D16_eabi.lib : memset_t2.asm.obj (.text)
                  000119c2    0000006c                                 : copy_decompress_lzss.c.obj (.text:decompress:lzss:__TI_decompress_lzss)
                  00011a2e    00000002                                 : div0.asm.obj (.text)
                  00011a30    00000054                                 : i_div32.asm.obj (.text)
                  00011a84    00000044                                 : autoinit.c.obj (.text:__TI_auto_init_nobinit_nopinit:__TI_auto_init_nobinit_nopinit)
                  00011ac8    00000016                                 : strlen.c.obj (.text:strlen)
                  00011ade    00000002     --HOLE-- [fill = 0]
                  00011ae0    00000014     task100ms.obj (.text)
                  00011af4    0000000e     rtsv7R4_T_be_v3D16_eabi.lib : copy_decompress_none.c.obj (.text:decompress:none:__TI_decompress_none)
                  00011b02    0000000c                                 : copy_zero_init.c.obj (.text:decompress:ZI:__TI_zero_init)
                  00011b0e    00000002     --HOLE-- [fill = 0]
                  00011b10    0000000c     sys_main.obj (.text)
                  00011b1c    00000004     rtsv7R4_T_be_v3D16_eabi.lib : exit.c.obj (.text:abort:abort)
                  00011b20    00000004     sys_phantom.obj (.text:retain)
                  00011b24    00000004     sys_startup.obj (.text)

.const     0    00011b28    00001ed8     
                  00011b28    00000978     cells.obj (.const:moliceDischargeTable)
                  000124a0    00000978     cells.obj (.const:molicelChargeTable)
                  00012e18    00000978     cells.obj (.const:molicelIdleChargeTable)
                  00013790    00000200     sys_vim.obj (.const:s_vim_init)
                  00013990    00000034     orkaMain.obj (.const:$P$T0$1)
                  000139c4    00000024     sox.obj (.const:$P$T1$2)
                  000139e8    00000018     sox.obj (.const:$P$T0$1)

.kernelBSS 
*          0    08000800    00000104     UNINITIALIZED
                  08000800    000000d0     os_tasks.obj (.kernelBSS:uninit)
                  080008d0    00000034     os_tasks.obj (.kernelBSS:init)

.kernelHEAP 
*          0    08001000    00002000     UNINITIALIZED
                  08001000    00002000     os_heap.obj (.kernelHEAP)

.bss       0    08003000    000000d5     UNINITIALIZED
                  08003000    00000044     (.common:crcBuffer)
                  08003044    00000034     sox.obj (.bss:soxInitVals)
                  08003078    00000028     sci.obj (.bss:g_sciTransfer_t)
                  080030a0    00000024     (.common:batSox)
                  080030c4    00000008     os_heap.obj (.bss:xStart)
                  080030cc    00000004     (.common:task_100ms)
                  080030d0    00000004     (.common:task_10ms)
                  080030d4    00000001     (.common:rxData)

.data      0    080030d8    0000001c     UNINITIALIZED
                  080030d8    00000010     os_heap.obj (.data)
                  080030e8    00000008     os_port.obj (.data)
                  080030f0    00000004     task10ms.obj (.data)

__llvm_prf_cnts 
*          0    08001000    00000000     UNINITIALIZED

MODULE SUMMARY

       Module                       code    ro data   rw data
       ------                       ----    -------   -------
    .\013_soc_soh\source\
       os_tasks.obj                 11536   0         260    
       sys_selftest.obj             11484   0         0      
       os_heap.obj                  1524    0         8216   
       os_queue.obj                 4564    0         0      
       sys_vim.obj                  3364    512       0      
       system.obj                   2916    0         0      
       sci.obj                      2492    0         40     
       os_mpu_wrappers.obj          2464    0         0      
       pinmux.obj                   2220    0         0      
       os_event_groups.obj          2072    0         0      
       esm.obj                      1744    0         0      
       errata_SSWF021_45.obj        1636    0         0      
       os_port.obj                  1424    0         8      
       os_portasm.obj               1200    0         0      
       gio.obj                      1156    0         0      
       sys_core.obj                 844     0         0      
       sys_startup.obj              652     0         0      
       os_list.obj                  568     0         0      
       notification.obj             248     0         0      
       dabort.obj                   232     0         0      
       sys_pmu.obj                  224     0         0      
       het.obj                      176     0         0      
       sys_intvecs.obj              32      0         0      
       sys_main.obj                 12      0         0      
       sys_phantom.obj              4       0         0      
    +--+----------------------------+-------+---------+---------+
       Total:                       54788   512       8524   
                                                             
    .\ORKA\System\
       orkaMain.obj                 360     52        0      
       Notification.obj             256     0         1      
    +--+----------------------------+-------+---------+---------+
       Total:                       616     52        1      
                                                             
    .\ORKA\System\Tasks\Task100ms\
       task100ms.obj                20      0         4      
    +--+----------------------------+-------+---------+---------+
       Total:                       20      0         4      
                                                             
    .\ORKA\System\Tasks\Task10ms\
       task10ms.obj                 128     0         8      
    +--+----------------------------+-------+---------+---------+
       Total:                       128     0         8      
                                                             
    .\ORKA\UserDefinedApis\CellLookUpTable\
       cells.obj                    0       7272      0      
       cellLookupTable.obj          1576    0         0      
    +--+----------------------------+-------+---------+---------+
       Total:                       1576    7272      0      
                                                             
    .\ORKA\UserDefinedApis\CircularBuffer\
       circularBuffer.obj           204     0         68     
    +--+----------------------------+-------+---------+---------+
       Total:                       204     0         68     
                                                             
    .\ORKA\UserDefinedApis\Sox\
       sox.obj                      2480    60        88     
    +--+----------------------------+-------+---------+---------+
       Total:                       2480    60        88     
                                                             
    C:/ti/ccs1120/ccs/tools/compiler/ti-cgt-arm_20.2.5.LTS/lib/rtsv7R4_T_be_v3D16_eabi.lib
       s_floor.c.obj                224     0         0      
       memcpy_t2.asm.obj            156     0         0      
       memset_t2.asm.obj            122     0         0      
       copy_decompress_lzss.c.obj   108     0         0      
       i_div32.asm.obj              84      0         0      
       autoinit.c.obj               68      0         0      
       strlen.c.obj                 22      0         0      
       copy_decompress_none.c.obj   14      0         0      
       copy_zero_init.c.obj         12      0         0      
       exit.c.obj                   4       0         0      
       div0.asm.obj                 2       0         0      
    +--+----------------------------+-------+---------+---------+
       Total:                       816     0         0      
                                                             
       Linker Generated:            0       80        0      
    +--+----------------------------+-------+---------+---------+
       Grand Total:                 60628   7976      8693   


LINKER GENERATED COPY TABLES

__TI_cinit_table @ 00005200 records: 4, size/record: 8, table size: 32
	.data: load addr=000051dc, load size=0000000b bytes, run addr=080030d8, run size=0000001c bytes, compression=lzss
	.kernelBSS: load addr=000051e7, load size=00000009 bytes, run addr=08000800, run size=00000104 bytes, compression=lzss
	.bss: load addr=000051f0, load size=00000008 bytes, run addr=08003000, run size=000000d5 bytes, compression=zero_init
	.kernelHEAP: load addr=000051f8, load size=00000008 bytes, run addr=08001000, run size=00002000 bytes, compression=zero_init


LINKER GENERATED HANDLER TABLE

__TI_handler_table @ 000051d0 records: 3, size/record: 4, table size: 12
	index: 0, handler: __TI_decompress_lzss
	index: 1, handler: __TI_decompress_none
	index: 2, handler: __TI_zero_init


GLOBAL SYMBOLS: SORTED ALPHABETICALLY BY Name 

address   name                                  
-------   ----                                  
000116b0  AE_circularBufferParse                
0000ca6c  AE_dodCalibrate                       
00010e3c  AE_orkaMain                           
0000cbd0  AE_readBatSoxDatasFromEeprom          
0000c3c8  AE_soxCalculate_UML                   
0000c2b8  AE_soxInit                            
0000ed30  AE_tableFindByCapacity                
0000ecd0  AE_tableFindByVoltage                 
00011ae0  AE_task100ms                          
000118c8  AE_task10ms                           
00011b1d  C$$EXIT                               
0000ce38  MPU_eTaskGetState                     
0000cfa0  MPU_pcTaskGetName                     
0000d080  MPU_pvTaskGetThreadLocalStoragePointer
0000d198  MPU_ulTaskNotifyTake                  
0000d354  MPU_uxQueueMessagesWaiting            
0000d388  MPU_uxQueueSpacesAvailable            
0000cf74  MPU_uxTaskGetNumberOfTasks            
0000d008  MPU_uxTaskGetStackHighWaterMark       
0000ce04  MPU_uxTaskPriorityGet                 
0000d5dc  MPU_vEventGroupDelete                 
0000d3bc  MPU_vQueueDelete                      
0000cd10  MPU_vTaskAllocateMPURegions           
0000cd70  MPU_vTaskDelay                        
0000cd9c  MPU_vTaskDelayUntil                   
0000cd44  MPU_vTaskDelete                       
0000ce6c  MPU_vTaskPrioritySet                  
0000cecc  MPU_vTaskResume                       
0000d03c  MPU_vTaskSetThreadLocalStoragePointer 
0000d210  MPU_vTaskSetTimeOutState              
0000cea0  MPU_vTaskSuspend                      
0000cef8  MPU_vTaskSuspendAll                   
0000d500  MPU_xEventGroupClearBits              
0000d478  MPU_xEventGroupCreate                 
0000d544  MPU_xEventGroupSetBits                
0000d588  MPU_xEventGroupSync                   
0000d4a4  MPU_xEventGroupWaitBits               
0000d3e8  MPU_xQueueGenericCreate               
0000d300  MPU_xQueueGenericReceive              
0000d434  MPU_xQueueGenericReset                
0000d2ac  MPU_xQueueGenericSend                 
0000cdd0  MPU_xTaskAbortDelay                   
0000d23c  MPU_xTaskCheckForTimeOut              
0000cc68  MPU_xTaskCreate                       
0000cccc  MPU_xTaskCreateRestricted             
0000d0f0  MPU_xTaskGenericNotify                
0000cfd4  MPU_xTaskGetHandle                    
0000d0c4  MPU_xTaskGetIdleTaskHandle            
0000d280  MPU_xTaskGetSchedulerState            
0000cf48  MPU_xTaskGetTickCount                 
0000d1dc  MPU_xTaskNotifyStateClear             
0000d144  MPU_xTaskNotifyWait                   
0000cf1c  MPU_xTaskResumeAll                    
UNDEFED   SHT$$INIT_ARRAY$$Base                 
UNDEFED   SHT$$INIT_ARRAY$$Limit                
00005200  __TI_CINIT_Base                       
00005220  __TI_CINIT_Limit                      
000051d0  __TI_Handler_Table_Base               
000051dc  __TI_Handler_Table_Limit              
0001007c  __TI_PINIT_Base                       
00010080  __TI_PINIT_Limit                      
00011a85  __TI_auto_init_nobinit_nopinit        
000119c3  __TI_decompress_lzss                  
00011af5  __TI_decompress_none                  
ffffffff  __TI_pprof_out_hndl                   
ffffffff  __TI_prof_data_size                   
ffffffff  __TI_prof_data_start                  
00000000  __TI_static_base__                    
00011b03  __TI_zero_init                        
00011a30  __aeabi_idiv                          
00011a2f  __aeabi_idiv0                         
00011a30  __aeabi_idivmod                       
00011a2f  __aeabi_ldiv0                         
00011949  __aeabi_memclr                        
00011949  __aeabi_memclr4                       
00011949  __aeabi_memclr8                       
0001182d  __aeabi_memcpy                        
0001182d  __aeabi_memcpy4                       
0001182d  __aeabi_memcpy8                       
0001194b  __aeabi_memset                        
0001194b  __aeabi_memset4                       
0001194b  __aeabi_memset8                       
ffffffff  __binit__                             
ffffffff  __c_args__                            
08001000  __start___llvm_prf_cnts               
08001000  __stop___llvm_prf_cnts                
00010350  _c_int00                              
0000ff94  _coreClearAuxiliaryDataFault_         
0000ffa8  _coreClearAuxiliaryInstructionFault_  
0000ff6c  _coreClearDataFaultAddress_           
0000ff44  _coreClearDataFault_                  
0000ff80  _coreClearInstructionFaultAddress_    
0000ff58  _coreClearInstructionFault_           
0000fed8  _coreDisableEventBusExport_           
0000ff1c  _coreDisableFlashEcc_                 
0000fef8  _coreDisableRamEcc_                   
0000fec8  _coreEnableEventBusExport_            
0000ff08  _coreEnableFlashEcc_                  
0000ff2c  _coreEnableIrqVicOffset_              
0000fee8  _coreEnableRamEcc_                    
0000feb0  _coreEnableVfp_                       
0000ff8c  _coreGetAuxiliaryDataFault_           
0000ffa0  _coreGetAuxiliaryInstructionFault_    
0000ff64  _coreGetDataFaultAddress_             
0000ff3c  _coreGetDataFault_                    
0000ff78  _coreGetInstructionFaultAddress_      
0000ff50  _coreGetInstructionFault_             
0000fd38  _coreInitRegisters_                   
0000fe44  _coreInitStackPointer_                
00011408  _dabort                               
0000ffbc  _disable_FIQ_interrupt_               
0000ffc4  _disable_IRQ_interrupt_               
0000ffb4  _disable_interrupt_                   
0000ffcc  _enable_interrupt_                    
0001005c  _errata_CORTEXR4_57_                  
0001006c  _errata_CORTEXR4_66_                  
0000e66c  _errata_SSWF021_45_both_plls          
0000e860  _errata_SSWF021_45_pll1               
0000e9d8  _errata_SSWF021_45_pll2               
0000ffd4  _esmCcmErrorsClear_                   
0000fe90  _getCPSRValue_                        
0000fe98  _gotoCPUIdle_                         
0001162c  _pmuDisableCountersGlobal_            
0001161c  _pmuEnableCountersGlobal_             
00011688  _pmuGetCycleCount_                    
00011690  _pmuGetEventCount_                    
0001169c  _pmuGetOverflow_                      
000115d0  _pmuInit_                             
0001165c  _pmuResetCounters_                    
0001163c  _pmuResetCycleCounter_                
0001164c  _pmuResetEventCounters_               
0001167c  _pmuSetCountEvent_                    
0001166c  _pmuStartCounters_                    
00011674  _pmuStopCounters_                     
UNDEFED   _system_post_cinit                    
00011b1d  abort                                 
0000926c  adc1ParityCheck                       
00009358  adc2ParityCheck                       
080030a0  batSox                                
ffffffff  binit                                 
00009410  can1ParityCheck                       
000094e8  can2ParityCheck                       
000095b0  can3ParityCheck                       
00008030  ccmSelfCheck                          
0000a6fc  ccmr4GetConfigValue                   
00008938  checkB0RAMECC                         
00008b28  checkB1RAMECC                         
00009c18  checkClockMonitor                     
00008d18  checkFlashECC                         
00009cf4  checkFlashEEPROMECC                   
00009e8c  checkPLL1Slip                         
00009f8c  checkPLL2Slip                         
0000a050  checkRAMAddrParity                    
000099d0  checkRAMECC                           
0000a15c  checkRAMUERRTest                      
000087bc  checkefcSelfTest                      
080030f0  counterOf10msTask                     
00008234  cpuSelfTest                           
00008dfc  cpuSelfTestFail                       
08003000  crcBuffer                             
0000b784  customTrimLPO                         
00008df4  custom_dabort                         
0000ab58  disableParity                         
000113f4  dmaGroupANotification                 
00008eac  dmaParityCheck                        
00001f00  eTaskConfirmSleepModeStatus           
00000888  eTaskGetState                         
000113cc  edgeNotification                      
00008660  efcCheck                              
0000a660  efcGetConfigValue                     
00008794  efcSelfTest                           
000086e8  efcStuckZeroTest                      
0000aad0  enableParity                          
0000a76c  errata_PBIST_4                        
0000f47c  esmActivateNormalOperation            
0000f550  esmClearStatus                        
0000f590  esmClearStatusBuffer                  
0000f444  esmDisableError                       
0000f4b4  esmDisableInterrupt                   
0000f41c  esmEnableError                        
0000f48c  esmEnableInterrupt                    
0000f688  esmEnterSelfTest                      
0000f400  esmError                              
0000f760  esmGetConfigValue                     
0000f5cc  esmGetStatus                          
0000f650  esmGetStatusBuffer                    
00011310  esmGroup1Notification                 
00011320  esmGroup2Notification                 
000110fc  esmHighInterrupt                      
0000f2f8  esmInit                               
0000f710  esmSelfTestStatus                     
0000f5ac  esmSetCounterPreloadValue             
0000f4dc  esmSetInterruptLevel                  
0000f46c  esmTriggerErrorPinReset               
000114f1  floor                                 
000114f1  floorl                                
0000a2c4  fmcBus1ParityCheck                    
0000885c  fmcBus2Check                          
00008898  fmcECCcheck                           
0000fb14  gioDisableNotification                
0000faac  gioEnableNotification                 
0000fa14  gioGetBit                             
0000fb7c  gioGetConfigValue                     
0000fa3c  gioGetPort                            
0000f8b4  gioInit                               
00011368  gioNotification                       
0000f9a4  gioSetBit                             
0000f984  gioSetDirection                       
0000f9f4  gioSetPort                            
0000fa54  gioToggleBit                          
00011b24  handlePLLLockFail                     
0001177c  het1HighLevelInterrupt                
00008f58  het1ParityCheck                       
000090c0  het2ParityCheck                       
000113e0  hetNotification                       
00009004  htu1ParityCheck                       
000091bc  htu2ParityCheck                       
00010a88  linHighLevelInterrupt                 
00011b10  main                                  
0000ae64  mapClocks                             
0001182d  memcpy                                
00008174  memoryInit                            
00011330  memoryPort0TestFailNotification       
0001134c  memoryPort1TestFailNotification       
00011951  memset                                
00009684  mibspi1ParityCheck                    
0000978c  mibspi3ParityCheck                    
000098b0  mibspi5ParityCheck                    
00011b28  moliceDischargeTable                  
000124a0  molicelChargeTable                    
00012e18  molicelIdleChargeTable                
0000d608  muxInit                               
0000a3ec  pbistFail                             
0000a470  pbistGetConfigValue                   
000085a8  pbistIsTestCompleted                  
000085d4  pbistIsTestPassed                     
00008608  pbistPortTestStatus                   
000084ac  pbistRun                              
000082cc  pbistSelfCheck                        
00008578  pbistStop                             
00001344  pcTaskGetName                         
0000ae10  periphInit                            
00011b20  phantomInterrupt                      
0000daa4  pinmuxGetConfigValue                  
00004a4c  prvMpuDisable                         
00004a34  prvMpuEnable                          
00004a1c  prvMpuSetRegion                       
00004e54  pvPortMalloc                          
00001fe0  pvTaskGetThreadLocalStoragePointer    
000113b4  pwmNotification                       
080008d0  pxCurrentTCB                          
00004a74  pxPortInitialiseStack                 
00000000  resetEntry                            
080030d4  rxData                                
0000e37c  sciDisableLoopback                    
0000e408  sciDisableNotification                
0000e348  sciEnableLoopback                     
0000e3a0  sciEnableNotification                 
0000e470  sciEnterResetState                    
0000e490  sciExitResetState                     
0000deb4  sciInit                               
0000e1f8  sciIsIdleDetected                     
0000e1dc  sciIsRxReady                          
0000e05c  sciIsTxReady                          
00011210  sciNotification                       
0000e270  sciReceive                            
0000e244  sciReceiveByte                        
0000e214  sciRxError                            
0000e0a8  sciSend                               
0000e078  sciSendByte                           
0000dfc0  sciSetBaudrate                        
0000dfa0  sciSetFunctional                      
0000e4b0  scilinGetConfigValue                  
00008020  selftestFailNotification              
0000add0  setupFlash                            
0000acfc  setupPLL                              
000113a4  spiEndNotification                    
00011390  spiNotification                       
0000b648  sramGetConfigValue                    
0000a5bc  stcGetConfigValue                     
000081b8  stcSelfCheck                          
00008df8  stcSelfCheckFail                      
00011ac9  strlen                                
0000b088  systemGetConfigValue                  
0000af8c  systemInit                            
0000b058  systemPowerDown                       
080030cc  task_100ms                            
080030d0  task_10ms                             
0000b49c  tcmflashGetConfigValue                
0000ad5c  trimLPO                               
080030e8  ulCriticalNesting                     
00004944  ulPortCountLeadingZeros               
080030ec  ulTaskHasFPUContext                   
00002378  ulTaskNotifyTake                      
000109fc  uxListRemove                          
000038e8  uxQueueMessagesWaiting                
0000396c  uxQueueMessagesWaitingFromISR         
00003920  uxQueueSpacesAvailable                
00001338  uxTaskGetNumberOfTasks                
00002224  uxTaskGetStackHighWaterMark           
0000098c  uxTaskPriorityGet                     
000009d0  uxTaskPriorityGetFromISR              
0000233c  uxTaskResetEventItemValue             
0000453c  vEventGroupClearBitsCallback          
0000449c  vEventGroupDelete                     
00004520  vEventGroupSetBitsCallback            
00010850  vListInitialise                       
000108a8  vListInitialiseItem                   
00010938  vListInsert                           
000108c4  vListInsertEnd                        
00004e20  vPortEndScheduler                     
000050a8  vPortFree                             
000051b8  vPortInitialiseBlocks                 
00004938  vPortInitialiseFPSCR                  
00004838  vPortPreemptiveTick                   
0000494c  vPortSWI                              
000045c8  vPortStartFirstTask                   
00004b88  vPortStoreTaskMPUSettings             
00004744  vPortYeildWithinAPI                   
00004658  vPortYieldProcessor                   
0000399c  vQueueDelete                          
0000204c  vTaskAllocateMPURegions               
00000804  vTaskDelay                            
00000698  vTaskDelayUntil                       
00000530  vTaskDelete                           
00001074  vTaskEndScheduler                     
00001ef0  vTaskMissedYield                      
00002930  vTaskNotifyGiveFromISR                
00001ab8  vTaskPlaceOnEventList                 
00001afc  vTaskPlaceOnUnorderedEventList        
00000a18  vTaskPrioritySet                      
00000e14  vTaskResume                           
00001f7c  vTaskSetThreadLocalStoragePointer     
00001d74  vTaskSetTimeOutState                  
00000fdc  vTaskStartScheduler                   
00001658  vTaskStepTick                         
00000c10  vTaskSuspend                          
00001090  vTaskSuspendAll                       
000019d8  vTaskSwitchContext                    
0000b934  vimChannelMap                         
0000bba0  vimDisableInterrupt                   
0000b9d8  vimEnableInterrupt                    
0000bc4c  vimGetConfigValue                     
0000b860  vimInit                               
00008e00  vimParityCheck                        
00010084  vimParityErrorHandler                 
00004238  xEventGroupClearBits                  
00003dac  xEventGroupCreate                     
000042bc  xEventGroupGetBitsFromISR             
000042ec  xEventGroupSetBits                    
00003de8  xEventGroupSync                       
00003fe8  xEventGroupWaitBits                   
000051a0  xPortGetFreeHeapSize                  
000051ac  xPortGetMinimumEverFreeHeapSize       
00004dfc  xPortStartScheduler                   
00002d00  xQueueGenericCreate                   
000033d8  xQueueGenericReceive                  
00002bd8  xQueueGenericReset                    
00002e1c  xQueueGenericSend                     
000030dc  xQueueGenericSendFromISR              
0000326c  xQueueGiveFromISR                     
00003cd0  xQueueIsQueueEmptyFromISR             
00003d5c  xQueueIsQueueFullFromISR              
000037f4  xQueuePeekFromISR                     
000036ac  xQueueReceiveFromISR                  
000016b4  xTaskAbortDelay                       
00001db8  xTaskCheckForTimeOut                  
000000fc  xTaskCreate                           
00000020  xTaskCreateRestricted                 
00002560  xTaskGenericNotify                    
00002730  xTaskGenericNotifyFromISR             
00001518  xTaskGetHandle                        
00001620  xTaskGetIdleTaskHandle                
000022ec  xTaskGetSchedulerState                
000012f8  xTaskGetTickCount                     
00001314  xTaskGetTickCountFromISR              
000017b0  xTaskIncrementTick                    
00011080  xTaskNotifyStateClear                 
0000244c  xTaskNotifyWait                       
00001b80  xTaskRemoveFromEventList              
00001c70  xTaskRemoveFromUnorderedEventList     
00001148  xTaskResumeAll                        
00000ef4  xTaskResumeFromISR                    


GLOBAL SYMBOLS: SORTED BY Symbol Address 

address   name                                  
-------   ----                                  
00000000  __TI_static_base__                    
00000000  resetEntry                            
00000020  xTaskCreateRestricted                 
000000fc  xTaskCreate                           
00000530  vTaskDelete                           
00000698  vTaskDelayUntil                       
00000804  vTaskDelay                            
00000888  eTaskGetState                         
0000098c  uxTaskPriorityGet                     
000009d0  uxTaskPriorityGetFromISR              
00000a18  vTaskPrioritySet                      
00000c10  vTaskSuspend                          
00000e14  vTaskResume                           
00000ef4  xTaskResumeFromISR                    
00000fdc  vTaskStartScheduler                   
00001074  vTaskEndScheduler                     
00001090  vTaskSuspendAll                       
00001148  xTaskResumeAll                        
000012f8  xTaskGetTickCount                     
00001314  xTaskGetTickCountFromISR              
00001338  uxTaskGetNumberOfTasks                
00001344  pcTaskGetName                         
00001518  xTaskGetHandle                        
00001620  xTaskGetIdleTaskHandle                
00001658  vTaskStepTick                         
000016b4  xTaskAbortDelay                       
000017b0  xTaskIncrementTick                    
000019d8  vTaskSwitchContext                    
00001ab8  vTaskPlaceOnEventList                 
00001afc  vTaskPlaceOnUnorderedEventList        
00001b80  xTaskRemoveFromEventList              
00001c70  xTaskRemoveFromUnorderedEventList     
00001d74  vTaskSetTimeOutState                  
00001db8  xTaskCheckForTimeOut                  
00001ef0  vTaskMissedYield                      
00001f00  eTaskConfirmSleepModeStatus           
00001f7c  vTaskSetThreadLocalStoragePointer     
00001fe0  pvTaskGetThreadLocalStoragePointer    
0000204c  vTaskAllocateMPURegions               
00002224  uxTaskGetStackHighWaterMark           
000022ec  xTaskGetSchedulerState                
0000233c  uxTaskResetEventItemValue             
00002378  ulTaskNotifyTake                      
0000244c  xTaskNotifyWait                       
00002560  xTaskGenericNotify                    
00002730  xTaskGenericNotifyFromISR             
00002930  vTaskNotifyGiveFromISR                
00002bd8  xQueueGenericReset                    
00002d00  xQueueGenericCreate                   
00002e1c  xQueueGenericSend                     
000030dc  xQueueGenericSendFromISR              
0000326c  xQueueGiveFromISR                     
000033d8  xQueueGenericReceive                  
000036ac  xQueueReceiveFromISR                  
000037f4  xQueuePeekFromISR                     
000038e8  uxQueueMessagesWaiting                
00003920  uxQueueSpacesAvailable                
0000396c  uxQueueMessagesWaitingFromISR         
0000399c  vQueueDelete                          
00003cd0  xQueueIsQueueEmptyFromISR             
00003d5c  xQueueIsQueueFullFromISR              
00003dac  xEventGroupCreate                     
00003de8  xEventGroupSync                       
00003fe8  xEventGroupWaitBits                   
00004238  xEventGroupClearBits                  
000042bc  xEventGroupGetBitsFromISR             
000042ec  xEventGroupSetBits                    
0000449c  vEventGroupDelete                     
00004520  vEventGroupSetBitsCallback            
0000453c  vEventGroupClearBitsCallback          
000045c8  vPortStartFirstTask                   
00004658  vPortYieldProcessor                   
00004744  vPortYeildWithinAPI                   
00004838  vPortPreemptiveTick                   
00004938  vPortInitialiseFPSCR                  
00004944  ulPortCountLeadingZeros               
0000494c  vPortSWI                              
00004a1c  prvMpuSetRegion                       
00004a34  prvMpuEnable                          
00004a4c  prvMpuDisable                         
00004a74  pxPortInitialiseStack                 
00004b88  vPortStoreTaskMPUSettings             
00004dfc  xPortStartScheduler                   
00004e20  vPortEndScheduler                     
00004e54  pvPortMalloc                          
000050a8  vPortFree                             
000051a0  xPortGetFreeHeapSize                  
000051ac  xPortGetMinimumEverFreeHeapSize       
000051b8  vPortInitialiseBlocks                 
000051d0  __TI_Handler_Table_Base               
000051dc  __TI_Handler_Table_Limit              
00005200  __TI_CINIT_Base                       
00005220  __TI_CINIT_Limit                      
00008020  selftestFailNotification              
00008030  ccmSelfCheck                          
00008174  memoryInit                            
000081b8  stcSelfCheck                          
00008234  cpuSelfTest                           
000082cc  pbistSelfCheck                        
000084ac  pbistRun                              
00008578  pbistStop                             
000085a8  pbistIsTestCompleted                  
000085d4  pbistIsTestPassed                     
00008608  pbistPortTestStatus                   
00008660  efcCheck                              
000086e8  efcStuckZeroTest                      
00008794  efcSelfTest                           
000087bc  checkefcSelfTest                      
0000885c  fmcBus2Check                          
00008898  fmcECCcheck                           
00008938  checkB0RAMECC                         
00008b28  checkB1RAMECC                         
00008d18  checkFlashECC                         
00008df4  custom_dabort                         
00008df8  stcSelfCheckFail                      
00008dfc  cpuSelfTestFail                       
00008e00  vimParityCheck                        
00008eac  dmaParityCheck                        
00008f58  het1ParityCheck                       
00009004  htu1ParityCheck                       
000090c0  het2ParityCheck                       
000091bc  htu2ParityCheck                       
0000926c  adc1ParityCheck                       
00009358  adc2ParityCheck                       
00009410  can1ParityCheck                       
000094e8  can2ParityCheck                       
000095b0  can3ParityCheck                       
00009684  mibspi1ParityCheck                    
0000978c  mibspi3ParityCheck                    
000098b0  mibspi5ParityCheck                    
000099d0  checkRAMECC                           
00009c18  checkClockMonitor                     
00009cf4  checkFlashEEPROMECC                   
00009e8c  checkPLL1Slip                         
00009f8c  checkPLL2Slip                         
0000a050  checkRAMAddrParity                    
0000a15c  checkRAMUERRTest                      
0000a2c4  fmcBus1ParityCheck                    
0000a3ec  pbistFail                             
0000a470  pbistGetConfigValue                   
0000a5bc  stcGetConfigValue                     
0000a660  efcGetConfigValue                     
0000a6fc  ccmr4GetConfigValue                   
0000a76c  errata_PBIST_4                        
0000aad0  enableParity                          
0000ab58  disableParity                         
0000acfc  setupPLL                              
0000ad5c  trimLPO                               
0000add0  setupFlash                            
0000ae10  periphInit                            
0000ae64  mapClocks                             
0000af8c  systemInit                            
0000b058  systemPowerDown                       
0000b088  systemGetConfigValue                  
0000b49c  tcmflashGetConfigValue                
0000b648  sramGetConfigValue                    
0000b784  customTrimLPO                         
0000b860  vimInit                               
0000b934  vimChannelMap                         
0000b9d8  vimEnableInterrupt                    
0000bba0  vimDisableInterrupt                   
0000bc4c  vimGetConfigValue                     
0000c2b8  AE_soxInit                            
0000c3c8  AE_soxCalculate_UML                   
0000ca6c  AE_dodCalibrate                       
0000cbd0  AE_readBatSoxDatasFromEeprom          
0000cc68  MPU_xTaskCreate                       
0000cccc  MPU_xTaskCreateRestricted             
0000cd10  MPU_vTaskAllocateMPURegions           
0000cd44  MPU_vTaskDelete                       
0000cd70  MPU_vTaskDelay                        
0000cd9c  MPU_vTaskDelayUntil                   
0000cdd0  MPU_xTaskAbortDelay                   
0000ce04  MPU_uxTaskPriorityGet                 
0000ce38  MPU_eTaskGetState                     
0000ce6c  MPU_vTaskPrioritySet                  
0000cea0  MPU_vTaskSuspend                      
0000cecc  MPU_vTaskResume                       
0000cef8  MPU_vTaskSuspendAll                   
0000cf1c  MPU_xTaskResumeAll                    
0000cf48  MPU_xTaskGetTickCount                 
0000cf74  MPU_uxTaskGetNumberOfTasks            
0000cfa0  MPU_pcTaskGetName                     
0000cfd4  MPU_xTaskGetHandle                    
0000d008  MPU_uxTaskGetStackHighWaterMark       
0000d03c  MPU_vTaskSetThreadLocalStoragePointer 
0000d080  MPU_pvTaskGetThreadLocalStoragePointer
0000d0c4  MPU_xTaskGetIdleTaskHandle            
0000d0f0  MPU_xTaskGenericNotify                
0000d144  MPU_xTaskNotifyWait                   
0000d198  MPU_ulTaskNotifyTake                  
0000d1dc  MPU_xTaskNotifyStateClear             
0000d210  MPU_vTaskSetTimeOutState              
0000d23c  MPU_xTaskCheckForTimeOut              
0000d280  MPU_xTaskGetSchedulerState            
0000d2ac  MPU_xQueueGenericSend                 
0000d300  MPU_xQueueGenericReceive              
0000d354  MPU_uxQueueMessagesWaiting            
0000d388  MPU_uxQueueSpacesAvailable            
0000d3bc  MPU_vQueueDelete                      
0000d3e8  MPU_xQueueGenericCreate               
0000d434  MPU_xQueueGenericReset                
0000d478  MPU_xEventGroupCreate                 
0000d4a4  MPU_xEventGroupWaitBits               
0000d500  MPU_xEventGroupClearBits              
0000d544  MPU_xEventGroupSetBits                
0000d588  MPU_xEventGroupSync                   
0000d5dc  MPU_vEventGroupDelete                 
0000d608  muxInit                               
0000daa4  pinmuxGetConfigValue                  
0000deb4  sciInit                               
0000dfa0  sciSetFunctional                      
0000dfc0  sciSetBaudrate                        
0000e05c  sciIsTxReady                          
0000e078  sciSendByte                           
0000e0a8  sciSend                               
0000e1dc  sciIsRxReady                          
0000e1f8  sciIsIdleDetected                     
0000e214  sciRxError                            
0000e244  sciReceiveByte                        
0000e270  sciReceive                            
0000e348  sciEnableLoopback                     
0000e37c  sciDisableLoopback                    
0000e3a0  sciEnableNotification                 
0000e408  sciDisableNotification                
0000e470  sciEnterResetState                    
0000e490  sciExitResetState                     
0000e4b0  scilinGetConfigValue                  
0000e66c  _errata_SSWF021_45_both_plls          
0000e860  _errata_SSWF021_45_pll1               
0000e9d8  _errata_SSWF021_45_pll2               
0000ecd0  AE_tableFindByVoltage                 
0000ed30  AE_tableFindByCapacity                
0000f2f8  esmInit                               
0000f400  esmError                              
0000f41c  esmEnableError                        
0000f444  esmDisableError                       
0000f46c  esmTriggerErrorPinReset               
0000f47c  esmActivateNormalOperation            
0000f48c  esmEnableInterrupt                    
0000f4b4  esmDisableInterrupt                   
0000f4dc  esmSetInterruptLevel                  
0000f550  esmClearStatus                        
0000f590  esmClearStatusBuffer                  
0000f5ac  esmSetCounterPreloadValue             
0000f5cc  esmGetStatus                          
0000f650  esmGetStatusBuffer                    
0000f688  esmEnterSelfTest                      
0000f710  esmSelfTestStatus                     
0000f760  esmGetConfigValue                     
0000f8b4  gioInit                               
0000f984  gioSetDirection                       
0000f9a4  gioSetBit                             
0000f9f4  gioSetPort                            
0000fa14  gioGetBit                             
0000fa3c  gioGetPort                            
0000fa54  gioToggleBit                          
0000faac  gioEnableNotification                 
0000fb14  gioDisableNotification                
0000fb7c  gioGetConfigValue                     
0000fd38  _coreInitRegisters_                   
0000fe44  _coreInitStackPointer_                
0000fe90  _getCPSRValue_                        
0000fe98  _gotoCPUIdle_                         
0000feb0  _coreEnableVfp_                       
0000fec8  _coreEnableEventBusExport_            
0000fed8  _coreDisableEventBusExport_           
0000fee8  _coreEnableRamEcc_                    
0000fef8  _coreDisableRamEcc_                   
0000ff08  _coreEnableFlashEcc_                  
0000ff1c  _coreDisableFlashEcc_                 
0000ff2c  _coreEnableIrqVicOffset_              
0000ff3c  _coreGetDataFault_                    
0000ff44  _coreClearDataFault_                  
0000ff50  _coreGetInstructionFault_             
0000ff58  _coreClearInstructionFault_           
0000ff64  _coreGetDataFaultAddress_             
0000ff6c  _coreClearDataFaultAddress_           
0000ff78  _coreGetInstructionFaultAddress_      
0000ff80  _coreClearInstructionFaultAddress_    
0000ff8c  _coreGetAuxiliaryDataFault_           
0000ff94  _coreClearAuxiliaryDataFault_         
0000ffa0  _coreGetAuxiliaryInstructionFault_    
0000ffa8  _coreClearAuxiliaryInstructionFault_  
0000ffb4  _disable_interrupt_                   
0000ffbc  _disable_FIQ_interrupt_               
0000ffc4  _disable_IRQ_interrupt_               
0000ffcc  _enable_interrupt_                    
0000ffd4  _esmCcmErrorsClear_                   
0001005c  _errata_CORTEXR4_57_                  
0001006c  _errata_CORTEXR4_66_                  
0001007c  __TI_PINIT_Base                       
00010080  __TI_PINIT_Limit                      
00010084  vimParityErrorHandler                 
00010350  _c_int00                              
00010850  vListInitialise                       
000108a8  vListInitialiseItem                   
000108c4  vListInsertEnd                        
00010938  vListInsert                           
000109fc  uxListRemove                          
00010a88  linHighLevelInterrupt                 
00010e3c  AE_orkaMain                           
00011080  xTaskNotifyStateClear                 
000110fc  esmHighInterrupt                      
00011210  sciNotification                       
00011310  esmGroup1Notification                 
00011320  esmGroup2Notification                 
00011330  memoryPort0TestFailNotification       
0001134c  memoryPort1TestFailNotification       
00011368  gioNotification                       
00011390  spiNotification                       
000113a4  spiEndNotification                    
000113b4  pwmNotification                       
000113cc  edgeNotification                      
000113e0  hetNotification                       
000113f4  dmaGroupANotification                 
00011408  _dabort                               
000114f1  floor                                 
000114f1  floorl                                
000115d0  _pmuInit_                             
0001161c  _pmuEnableCountersGlobal_             
0001162c  _pmuDisableCountersGlobal_            
0001163c  _pmuResetCycleCounter_                
0001164c  _pmuResetEventCounters_               
0001165c  _pmuResetCounters_                    
0001166c  _pmuStartCounters_                    
00011674  _pmuStopCounters_                     
0001167c  _pmuSetCountEvent_                    
00011688  _pmuGetCycleCount_                    
00011690  _pmuGetEventCount_                    
0001169c  _pmuGetOverflow_                      
000116b0  AE_circularBufferParse                
0001177c  het1HighLevelInterrupt                
0001182d  __aeabi_memcpy                        
0001182d  __aeabi_memcpy4                       
0001182d  __aeabi_memcpy8                       
0001182d  memcpy                                
000118c8  AE_task10ms                           
00011949  __aeabi_memclr                        
00011949  __aeabi_memclr4                       
00011949  __aeabi_memclr8                       
0001194b  __aeabi_memset                        
0001194b  __aeabi_memset4                       
0001194b  __aeabi_memset8                       
00011951  memset                                
000119c3  __TI_decompress_lzss                  
00011a2f  __aeabi_idiv0                         
00011a2f  __aeabi_ldiv0                         
00011a30  __aeabi_idiv                          
00011a30  __aeabi_idivmod                       
00011a85  __TI_auto_init_nobinit_nopinit        
00011ac9  strlen                                
00011ae0  AE_task100ms                          
00011af5  __TI_decompress_none                  
00011b03  __TI_zero_init                        
00011b10  main                                  
00011b1d  C$$EXIT                               
00011b1d  abort                                 
00011b20  phantomInterrupt                      
00011b24  handlePLLLockFail                     
00011b28  moliceDischargeTable                  
000124a0  molicelChargeTable                    
00012e18  molicelIdleChargeTable                
080008d0  pxCurrentTCB                          
08001000  __start___llvm_prf_cnts               
08001000  __stop___llvm_prf_cnts                
08003000  crcBuffer                             
080030a0  batSox                                
080030cc  task_100ms                            
080030d0  task_10ms                             
080030d4  rxData                                
080030e8  ulCriticalNesting                     
080030ec  ulTaskHasFPUContext                   
080030f0  counterOf10msTask                     
ffffffff  __TI_pprof_out_hndl                   
ffffffff  __TI_prof_data_size                   
ffffffff  __TI_prof_data_start                  
ffffffff  __binit__                             
ffffffff  __c_args__                            
ffffffff  binit                                 
UNDEFED   SHT$$INIT_ARRAY$$Base                 
UNDEFED   SHT$$INIT_ARRAY$$Limit                
UNDEFED   _system_post_cinit                    

[383 symbols]
