<?xml version="1.0" encoding="ISO-8859-1" ?>
<link_info>
   <banner>TI ARM Linker PC v20.2.5.LTS</banner>
   <copyright>Copyright (c) 1996-2018 Texas Instruments Incorporated</copyright>
   <link_time>0x66580da1</link_time>
   <link_errors>0x0</link_errors>
   <output_file>013_soc_soh.out</output_file>
   <entry_point>
      <name>_c_int00</name>
      <address>0x10350</address>
   </entry_point>
   <input_file_list>
      <input_file id="fl-2">
         <path>.\013_soc_soh\source\</path>
         <kind>object</kind>
         <file>dabort.obj</file>
         <name>dabort.obj</name>
      </input_file>
      <input_file id="fl-3">
         <path>.\013_soc_soh\source\</path>
         <kind>object</kind>
         <file>errata_SSWF021_45.obj</file>
         <name>errata_SSWF021_45.obj</name>
      </input_file>
      <input_file id="fl-4">
         <path>.\013_soc_soh\source\</path>
         <kind>object</kind>
         <file>esm.obj</file>
         <name>esm.obj</name>
      </input_file>
      <input_file id="fl-5">
         <path>.\013_soc_soh\source\</path>
         <kind>object</kind>
         <file>gio.obj</file>
         <name>gio.obj</name>
      </input_file>
      <input_file id="fl-6">
         <path>.\013_soc_soh\source\</path>
         <kind>object</kind>
         <file>het.obj</file>
         <name>het.obj</name>
      </input_file>
      <input_file id="fl-7">
         <path>.\013_soc_soh\source\</path>
         <kind>object</kind>
         <file>notification.obj</file>
         <name>notification.obj</name>
      </input_file>
      <input_file id="fl-8">
         <path>.\013_soc_soh\source\</path>
         <kind>object</kind>
         <file>os_croutine.obj</file>
         <name>os_croutine.obj</name>
      </input_file>
      <input_file id="fl-9">
         <path>.\013_soc_soh\source\</path>
         <kind>object</kind>
         <file>os_event_groups.obj</file>
         <name>os_event_groups.obj</name>
      </input_file>
      <input_file id="fl-a">
         <path>.\013_soc_soh\source\</path>
         <kind>object</kind>
         <file>os_heap.obj</file>
         <name>os_heap.obj</name>
      </input_file>
      <input_file id="fl-b">
         <path>.\013_soc_soh\source\</path>
         <kind>object</kind>
         <file>os_list.obj</file>
         <name>os_list.obj</name>
      </input_file>
      <input_file id="fl-c">
         <path>.\013_soc_soh\source\</path>
         <kind>object</kind>
         <file>os_mpu_wrappers.obj</file>
         <name>os_mpu_wrappers.obj</name>
      </input_file>
      <input_file id="fl-d">
         <path>.\013_soc_soh\source\</path>
         <kind>object</kind>
         <file>os_port.obj</file>
         <name>os_port.obj</name>
      </input_file>
      <input_file id="fl-e">
         <path>.\013_soc_soh\source\</path>
         <kind>object</kind>
         <file>os_portasm.obj</file>
         <name>os_portasm.obj</name>
      </input_file>
      <input_file id="fl-f">
         <path>.\013_soc_soh\source\</path>
         <kind>object</kind>
         <file>os_queue.obj</file>
         <name>os_queue.obj</name>
      </input_file>
      <input_file id="fl-10">
         <path>.\013_soc_soh\source\</path>
         <kind>object</kind>
         <file>os_tasks.obj</file>
         <name>os_tasks.obj</name>
      </input_file>
      <input_file id="fl-11">
         <path>.\013_soc_soh\source\</path>
         <kind>object</kind>
         <file>os_timer.obj</file>
         <name>os_timer.obj</name>
      </input_file>
      <input_file id="fl-12">
         <path>.\013_soc_soh\source\</path>
         <kind>object</kind>
         <file>pinmux.obj</file>
         <name>pinmux.obj</name>
      </input_file>
      <input_file id="fl-13">
         <path>.\013_soc_soh\source\</path>
         <kind>object</kind>
         <file>sci.obj</file>
         <name>sci.obj</name>
      </input_file>
      <input_file id="fl-14">
         <path>.\013_soc_soh\source\</path>
         <kind>object</kind>
         <file>spi.obj</file>
         <name>spi.obj</name>
      </input_file>
      <input_file id="fl-15">
         <path>.\013_soc_soh\source\</path>
         <kind>object</kind>
         <file>sys_core.obj</file>
         <name>sys_core.obj</name>
      </input_file>
      <input_file id="fl-16">
         <path>.\013_soc_soh\source\</path>
         <kind>object</kind>
         <file>sys_dma.obj</file>
         <name>sys_dma.obj</name>
      </input_file>
      <input_file id="fl-17">
         <path>.\013_soc_soh\source\</path>
         <kind>object</kind>
         <file>sys_intvecs.obj</file>
         <name>sys_intvecs.obj</name>
      </input_file>
      <input_file id="fl-18">
         <path>.\013_soc_soh\source\</path>
         <kind>object</kind>
         <file>sys_main.obj</file>
         <name>sys_main.obj</name>
      </input_file>
      <input_file id="fl-19">
         <path>.\013_soc_soh\source\</path>
         <kind>object</kind>
         <file>sys_mpu.obj</file>
         <name>sys_mpu.obj</name>
      </input_file>
      <input_file id="fl-1a">
         <path>.\013_soc_soh\source\</path>
         <kind>object</kind>
         <file>sys_pcr.obj</file>
         <name>sys_pcr.obj</name>
      </input_file>
      <input_file id="fl-1b">
         <path>.\013_soc_soh\source\</path>
         <kind>object</kind>
         <file>sys_phantom.obj</file>
         <name>sys_phantom.obj</name>
      </input_file>
      <input_file id="fl-1c">
         <path>.\013_soc_soh\source\</path>
         <kind>object</kind>
         <file>sys_pmm.obj</file>
         <name>sys_pmm.obj</name>
      </input_file>
      <input_file id="fl-1d">
         <path>.\013_soc_soh\source\</path>
         <kind>object</kind>
         <file>sys_pmu.obj</file>
         <name>sys_pmu.obj</name>
      </input_file>
      <input_file id="fl-1e">
         <path>.\013_soc_soh\source\</path>
         <kind>object</kind>
         <file>sys_selftest.obj</file>
         <name>sys_selftest.obj</name>
      </input_file>
      <input_file id="fl-1f">
         <path>.\013_soc_soh\source\</path>
         <kind>object</kind>
         <file>sys_startup.obj</file>
         <name>sys_startup.obj</name>
      </input_file>
      <input_file id="fl-20">
         <path>.\013_soc_soh\source\</path>
         <kind>object</kind>
         <file>sys_vim.obj</file>
         <name>sys_vim.obj</name>
      </input_file>
      <input_file id="fl-21">
         <path>.\013_soc_soh\source\</path>
         <kind>object</kind>
         <file>system.obj</file>
         <name>system.obj</name>
      </input_file>
      <input_file id="fl-22">
         <path>.\ORKA\System\</path>
         <kind>object</kind>
         <file>Notification.obj</file>
         <name>Notification.obj</name>
      </input_file>
      <input_file id="fl-23">
         <path>.\ORKA\System\</path>
         <kind>object</kind>
         <file>orkaMain.obj</file>
         <name>orkaMain.obj</name>
      </input_file>
      <input_file id="fl-24">
         <path>.\ORKA\System\Tasks\Task100ms\</path>
         <kind>object</kind>
         <file>task100ms.obj</file>
         <name>task100ms.obj</name>
      </input_file>
      <input_file id="fl-25">
         <path>.\ORKA\System\Tasks\Task10ms\</path>
         <kind>object</kind>
         <file>task10ms.obj</file>
         <name>task10ms.obj</name>
      </input_file>
      <input_file id="fl-26">
         <path>.\ORKA\UserDefinedApis\CellLookUpTable\</path>
         <kind>object</kind>
         <file>cellLookupTable.obj</file>
         <name>cellLookupTable.obj</name>
      </input_file>
      <input_file id="fl-27">
         <path>.\ORKA\UserDefinedApis\CellLookUpTable\</path>
         <kind>object</kind>
         <file>cells.obj</file>
         <name>cells.obj</name>
      </input_file>
      <input_file id="fl-28">
         <path>.\ORKA\UserDefinedApis\CircularBuffer\</path>
         <kind>object</kind>
         <file>circularBuffer.obj</file>
         <name>circularBuffer.obj</name>
      </input_file>
      <input_file id="fl-29">
         <path>.\ORKA\UserDefinedApis\Sox\</path>
         <kind>object</kind>
         <file>sox.obj</file>
         <name>sox.obj</name>
      </input_file>
      <input_file id="fl-2d">
         <kind>object</kind>
         <file>&lt;internal&gt;</file>
         <name>&lt;internal&gt;</name>
      </input_file>
      <input_file id="fl-2e">
         <path>C:\ti\ccs1120\ccs\tools\compiler\ti-cgt-arm_20.2.5.LTS\lib\</path>
         <kind>archive</kind>
         <file>rtsv7R4_T_be_v3D16_eabi.lib</file>
         <name>s_floor.c.obj</name>
      </input_file>
      <input_file id="fl-2f">
         <path>C:\ti\ccs1120\ccs\tools\compiler\ti-cgt-arm_20.2.5.LTS\lib\</path>
         <kind>archive</kind>
         <file>rtsv7R4_T_be_v3D16_eabi.lib</file>
         <name>memcpy_t2.asm.obj</name>
      </input_file>
      <input_file id="fl-30">
         <path>C:\ti\ccs1120\ccs\tools\compiler\ti-cgt-arm_20.2.5.LTS\lib\</path>
         <kind>archive</kind>
         <file>rtsv7R4_T_be_v3D16_eabi.lib</file>
         <name>i_div32.asm.obj</name>
      </input_file>
      <input_file id="fl-31">
         <path>C:\ti\ccs1120\ccs\tools\compiler\ti-cgt-arm_20.2.5.LTS\lib\</path>
         <kind>archive</kind>
         <file>rtsv7R4_T_be_v3D16_eabi.lib</file>
         <name>u_div32.asm.obj</name>
      </input_file>
      <input_file id="fl-32">
         <path>C:\ti\ccs1120\ccs\tools\compiler\ti-cgt-arm_20.2.5.LTS\lib\</path>
         <kind>archive</kind>
         <file>rtsv7R4_T_be_v3D16_eabi.lib</file>
         <name>memset_t2.asm.obj</name>
      </input_file>
      <input_file id="fl-33">
         <path>C:\ti\ccs1120\ccs\tools\compiler\ti-cgt-arm_20.2.5.LTS\lib\</path>
         <kind>archive</kind>
         <file>rtsv7R4_T_be_v3D16_eabi.lib</file>
         <name>autoinit.c.obj</name>
      </input_file>
      <input_file id="fl-34">
         <path>C:\ti\ccs1120\ccs\tools\compiler\ti-cgt-arm_20.2.5.LTS\lib\</path>
         <kind>archive</kind>
         <file>rtsv7R4_T_be_v3D16_eabi.lib</file>
         <name>cpy_tbl.c.obj</name>
      </input_file>
      <input_file id="fl-35">
         <path>C:\ti\ccs1120\ccs\tools\compiler\ti-cgt-arm_20.2.5.LTS\lib\</path>
         <kind>archive</kind>
         <file>rtsv7R4_T_be_v3D16_eabi.lib</file>
         <name>copy_zero_init.c.obj</name>
      </input_file>
      <input_file id="fl-36">
         <path>C:\ti\ccs1120\ccs\tools\compiler\ti-cgt-arm_20.2.5.LTS\lib\</path>
         <kind>archive</kind>
         <file>rtsv7R4_T_be_v3D16_eabi.lib</file>
         <name>copy_decompress_none.c.obj</name>
      </input_file>
      <input_file id="fl-37">
         <path>C:\ti\ccs1120\ccs\tools\compiler\ti-cgt-arm_20.2.5.LTS\lib\</path>
         <kind>archive</kind>
         <file>rtsv7R4_T_be_v3D16_eabi.lib</file>
         <name>copy_decompress_lzss.c.obj</name>
      </input_file>
      <input_file id="fl-38">
         <path>C:\ti\ccs1120\ccs\tools\compiler\ti-cgt-arm_20.2.5.LTS\lib\</path>
         <kind>archive</kind>
         <file>rtsv7R4_T_be_v3D16_eabi.lib</file>
         <name>exit.c.obj</name>
      </input_file>
      <input_file id="fl-39">
         <path>C:\ti\ccs1120\ccs\tools\compiler\ti-cgt-arm_20.2.5.LTS\lib\</path>
         <kind>archive</kind>
         <file>rtsv7R4_T_be_v3D16_eabi.lib</file>
         <name>_lock.c.obj</name>
      </input_file>
      <input_file id="fl-3a">
         <path>C:\ti\ccs1120\ccs\tools\compiler\ti-cgt-arm_20.2.5.LTS\lib\</path>
         <kind>archive</kind>
         <file>rtsv7R4_T_be_v3D16_eabi.lib</file>
         <name>strlen.c.obj</name>
      </input_file>
      <input_file id="fl-3b">
         <path>C:\ti\ccs1120\ccs\tools\compiler\ti-cgt-arm_20.2.5.LTS\lib\</path>
         <kind>archive</kind>
         <file>rtsv7R4_T_be_v3D16_eabi.lib</file>
         <name>div0.asm.obj</name>
      </input_file>
   </input_file_list>
   <object_component_list>
      <object_component id="oc-39">
         <name>.intvecs</name>
         <load_address>0x0</load_address>
         <run_address>0x0</run_address>
         <size>0x20</size>
         <input_file_ref idref="fl-17"/>
      </object_component>
      <object_component id="oc-15e">
         <name>.kernelTEXT</name>
         <load_address>0x20</load_address>
         <run_address>0x20</run_address>
         <size>0x2bb8</size>
         <input_file_ref idref="fl-10"/>
      </object_component>
      <object_component id="oc-2e2">
         <name>.kernelTEXT</name>
         <load_address>0x2bd8</load_address>
         <run_address>0x2bd8</run_address>
         <size>0x11d4</size>
         <input_file_ref idref="fl-f"/>
      </object_component>
      <object_component id="oc-2e8">
         <name>.kernelTEXT</name>
         <load_address>0x3dac</load_address>
         <run_address>0x3dac</run_address>
         <size>0x818</size>
         <input_file_ref idref="fl-9"/>
      </object_component>
      <object_component id="oc-ab">
         <name>.kernelTEXT</name>
         <load_address>0x45c4</load_address>
         <run_address>0x45c4</run_address>
         <size>0x4b0</size>
         <input_file_ref idref="fl-e"/>
      </object_component>
      <object_component id="oc-27b">
         <name>.kernelTEXT</name>
         <load_address>0x4a74</load_address>
         <run_address>0x4a74</run_address>
         <size>0x3e0</size>
         <input_file_ref idref="fl-d"/>
      </object_component>
      <object_component id="oc-26f">
         <name>.kernelTEXT</name>
         <load_address>0x4e54</load_address>
         <run_address>0x4e54</run_address>
         <size>0x37c</size>
         <input_file_ref idref="fl-a"/>
      </object_component>
      <object_component id="oc-414">
         <name>__TI_handler_table</name>
         <load_address>0x51d0</load_address>
         <run_address>0x51d0</run_address>
         <size>0xc</size>
      </object_component>
      <object_component id="oc-419">
         <name>.cinit..data.load</name>
         <load_address>0x51dc</load_address>
         <run_address>0x51dc</run_address>
         <size>0xb</size>
      </object_component>
      <object_component id="oc-416">
         <name>.cinit..kernelBSS.load</name>
         <load_address>0x51e7</load_address>
         <run_address>0x51e7</run_address>
         <size>0x9</size>
      </object_component>
      <object_component id="oc-418">
         <name>.cinit..bss.load</name>
         <load_address>0x51f0</load_address>
         <run_address>0x51f0</run_address>
         <size>0x8</size>
      </object_component>
      <object_component id="oc-417">
         <name>.cinit..kernelHEAP.load</name>
         <load_address>0x51f8</load_address>
         <run_address>0x51f8</run_address>
         <size>0x8</size>
      </object_component>
      <object_component id="oc-415">
         <name>__TI_cinit_table</name>
         <load_address>0x5200</load_address>
         <run_address>0x5200</run_address>
         <size>0x20</size>
      </object_component>
      <object_component id="oc-8a">
         <name>.text</name>
         <load_address>0x8020</load_address>
         <run_address>0x8020</run_address>
         <size>0x2cdc</size>
         <input_file_ref idref="fl-1e"/>
      </object_component>
      <object_component id="oc-84">
         <name>.text</name>
         <load_address>0xacfc</load_address>
         <run_address>0xacfc</run_address>
         <size>0xb64</size>
         <input_file_ref idref="fl-21"/>
      </object_component>
      <object_component id="oc-45">
         <name>.text</name>
         <load_address>0xb860</load_address>
         <run_address>0xb860</run_address>
         <size>0xa58</size>
         <input_file_ref idref="fl-20"/>
      </object_component>
      <object_component id="oc-226">
         <name>.text</name>
         <load_address>0xc2b8</load_address>
         <run_address>0xc2b8</run_address>
         <size>0x9b0</size>
         <input_file_ref idref="fl-29"/>
      </object_component>
      <object_component id="oc-21a">
         <name>.text</name>
         <load_address>0xcc68</load_address>
         <run_address>0xcc68</run_address>
         <size>0x9a0</size>
         <input_file_ref idref="fl-c"/>
      </object_component>
      <object_component id="oc-f9">
         <name>.text</name>
         <load_address>0xd608</load_address>
         <run_address>0xd608</run_address>
         <size>0x8ac</size>
         <input_file_ref idref="fl-12"/>
      </object_component>
      <object_component id="oc-195">
         <name>.text</name>
         <load_address>0xdeb4</load_address>
         <run_address>0xdeb4</run_address>
         <size>0x7b8</size>
         <input_file_ref idref="fl-13"/>
      </object_component>
      <object_component id="oc-78">
         <name>.text</name>
         <load_address>0xe66c</load_address>
         <run_address>0xe66c</run_address>
         <size>0x664</size>
         <input_file_ref idref="fl-3"/>
      </object_component>
      <object_component id="oc-2fb">
         <name>.text</name>
         <load_address>0xecd0</load_address>
         <run_address>0xecd0</run_address>
         <size>0x628</size>
         <input_file_ref idref="fl-26"/>
      </object_component>
      <object_component id="oc-90">
         <name>.text</name>
         <load_address>0xf2f8</load_address>
         <run_address>0xf2f8</run_address>
         <size>0x5bc</size>
         <input_file_ref idref="fl-4"/>
      </object_component>
      <object_component id="oc-220">
         <name>.text</name>
         <load_address>0xf8b4</load_address>
         <run_address>0xf8b4</run_address>
         <size>0x484</size>
         <input_file_ref idref="fl-5"/>
      </object_component>
      <object_component id="oc-73">
         <name>.text</name>
         <load_address>0xfd38</load_address>
         <run_address>0xfd38</run_address>
         <size>0x34c</size>
         <input_file_ref idref="fl-15"/>
      </object_component>
      <object_component id="oc-44">
         <name>.text:retain</name>
         <load_address>0x10084</load_address>
         <run_address>0x10084</run_address>
         <size>0x2cc</size>
         <input_file_ref idref="fl-20"/>
      </object_component>
      <object_component id="oc-1e">
         <name>.text:retain</name>
         <load_address>0x10350</load_address>
         <run_address>0x10350</run_address>
         <size>0x288</size>
         <input_file_ref idref="fl-1f"/>
      </object_component>
      <object_component id="oc-33a">
         <name>.text</name>
         <load_address>0x105d8</load_address>
         <run_address>0x105d8</run_address>
         <size>0x278</size>
         <input_file_ref idref="fl-a"/>
      </object_component>
      <object_component id="oc-275">
         <name>.text</name>
         <load_address>0x10850</load_address>
         <run_address>0x10850</run_address>
         <size>0x238</size>
         <input_file_ref idref="fl-b"/>
      </object_component>
      <object_component id="oc-33">
         <name>.text:retain</name>
         <load_address>0x10a88</load_address>
         <run_address>0x10a88</run_address>
         <size>0x204</size>
         <input_file_ref idref="fl-13"/>
      </object_component>
      <object_component id="oc-34f">
         <name>.text</name>
         <load_address>0x10c8c</load_address>
         <run_address>0x10c8c</run_address>
         <size>0x1b0</size>
         <input_file_ref idref="fl-d"/>
      </object_component>
      <object_component id="oc-13f">
         <name>.text</name>
         <load_address>0x10e3c</load_address>
         <run_address>0x10e3c</run_address>
         <size>0x168</size>
         <input_file_ref idref="fl-23"/>
      </object_component>
      <object_component id="oc-281">
         <name>.text</name>
         <load_address>0x10fa4</load_address>
         <run_address>0x10fa4</run_address>
         <size>0x158</size>
         <input_file_ref idref="fl-10"/>
      </object_component>
      <object_component id="oc-24">
         <name>.text:retain</name>
         <load_address>0x110fc</load_address>
         <run_address>0x110fc</run_address>
         <size>0x114</size>
         <input_file_ref idref="fl-4"/>
      </object_component>
      <object_component id="oc-b4">
         <name>.text</name>
         <load_address>0x11210</load_address>
         <run_address>0x11210</run_address>
         <size>0x100</size>
         <input_file_ref idref="fl-22"/>
      </object_component>
      <object_component id="oc-9f">
         <name>.text</name>
         <load_address>0x11310</load_address>
         <run_address>0x11310</run_address>
         <size>0xf8</size>
         <input_file_ref idref="fl-7"/>
      </object_component>
      <object_component id="oc-be">
         <name>.text</name>
         <load_address>0x11408</load_address>
         <run_address>0x11408</run_address>
         <size>0xe8</size>
         <input_file_ref idref="fl-2"/>
      </object_component>
      <object_component id="oc-2a1">
         <name>.text:floor</name>
         <load_address>0x114f0</load_address>
         <run_address>0x114f0</run_address>
         <size>0xe0</size>
         <input_file_ref idref="fl-2e"/>
      </object_component>
      <object_component id="oc-101">
         <name>.text</name>
         <load_address>0x115d0</load_address>
         <run_address>0x115d0</run_address>
         <size>0xe0</size>
         <input_file_ref idref="fl-1d"/>
      </object_component>
      <object_component id="oc-1a0">
         <name>.text</name>
         <load_address>0x116b0</load_address>
         <run_address>0x116b0</run_address>
         <size>0xcc</size>
         <input_file_ref idref="fl-28"/>
      </object_component>
      <object_component id="oc-2d">
         <name>.text:retain</name>
         <load_address>0x1177c</load_address>
         <run_address>0x1177c</run_address>
         <size>0xb0</size>
         <input_file_ref idref="fl-6"/>
      </object_component>
      <object_component id="oc-5b">
         <name>.text</name>
         <load_address>0x1182c</load_address>
         <run_address>0x1182c</run_address>
         <size>0x9c</size>
         <input_file_ref idref="fl-2f"/>
      </object_component>
      <object_component id="oc-22f">
         <name>.text</name>
         <load_address>0x118c8</load_address>
         <run_address>0x118c8</run_address>
         <size>0x80</size>
         <input_file_ref idref="fl-25"/>
      </object_component>
      <object_component id="oc-eb">
         <name>.text</name>
         <load_address>0x11948</load_address>
         <run_address>0x11948</run_address>
         <size>0x7a</size>
         <input_file_ref idref="fl-32"/>
      </object_component>
      <object_component id="oc-11">
         <name>.text:decompress:lzss:__TI_decompress_lzss</name>
         <load_address>0x119c2</load_address>
         <run_address>0x119c2</run_address>
         <size>0x6c</size>
         <input_file_ref idref="fl-37"/>
      </object_component>
      <object_component id="oc-2a8">
         <name>.text</name>
         <load_address>0x11a2e</load_address>
         <run_address>0x11a2e</run_address>
         <size>0x2</size>
         <input_file_ref idref="fl-3b"/>
      </object_component>
      <object_component id="oc-19b">
         <name>.text</name>
         <load_address>0x11a30</load_address>
         <run_address>0x11a30</run_address>
         <size>0x54</size>
         <input_file_ref idref="fl-30"/>
      </object_component>
      <object_component id="oc-10f">
         <name>.text:__TI_auto_init_nobinit_nopinit:__TI_auto_init_nobinit_nopinit</name>
         <load_address>0x11a84</load_address>
         <run_address>0x11a84</run_address>
         <size>0x44</size>
         <input_file_ref idref="fl-33"/>
      </object_component>
      <object_component id="oc-28a">
         <name>.text:strlen</name>
         <load_address>0x11ac8</load_address>
         <run_address>0x11ac8</run_address>
         <size>0x16</size>
         <input_file_ref idref="fl-3a"/>
      </object_component>
      <object_component id="oc-238">
         <name>.text</name>
         <load_address>0x11ae0</load_address>
         <run_address>0x11ae0</run_address>
         <size>0x14</size>
         <input_file_ref idref="fl-24"/>
      </object_component>
      <object_component id="oc-17">
         <name>.text:decompress:none:__TI_decompress_none</name>
         <load_address>0x11af4</load_address>
         <run_address>0x11af4</run_address>
         <size>0xe</size>
         <input_file_ref idref="fl-36"/>
      </object_component>
      <object_component id="oc-6d">
         <name>.text:decompress:ZI:__TI_zero_init</name>
         <load_address>0x11b02</load_address>
         <run_address>0x11b02</run_address>
         <size>0xc</size>
         <input_file_ref idref="fl-35"/>
      </object_component>
      <object_component id="oc-97">
         <name>.text</name>
         <load_address>0x11b10</load_address>
         <run_address>0x11b10</run_address>
         <size>0xc</size>
         <input_file_ref idref="fl-18"/>
      </object_component>
      <object_component id="oc-146">
         <name>.text:abort:abort</name>
         <load_address>0x11b1c</load_address>
         <run_address>0x11b1c</run_address>
         <size>0x4</size>
         <input_file_ref idref="fl-38"/>
      </object_component>
      <object_component id="oc-3e">
         <name>.text:retain</name>
         <load_address>0x11b20</load_address>
         <run_address>0x11b20</run_address>
         <size>0x4</size>
         <input_file_ref idref="fl-1b"/>
      </object_component>
      <object_component id="oc-7e">
         <name>.text</name>
         <load_address>0x11b24</load_address>
         <run_address>0x11b24</run_address>
         <size>0x4</size>
         <input_file_ref idref="fl-1f"/>
      </object_component>
      <object_component id="oc-39b">
         <name>.const:moliceDischargeTable</name>
         <load_address>0x11b28</load_address>
         <run_address>0x11b28</run_address>
         <size>0x978</size>
         <input_file_ref idref="fl-27"/>
      </object_component>
      <object_component id="oc-304">
         <name>.const:molicelChargeTable</name>
         <load_address>0x124a0</load_address>
         <run_address>0x124a0</run_address>
         <size>0x978</size>
         <input_file_ref idref="fl-27"/>
      </object_component>
      <object_component id="oc-398">
         <name>.const:molicelIdleChargeTable</name>
         <load_address>0x12e18</load_address>
         <run_address>0x12e18</run_address>
         <size>0x978</size>
         <input_file_ref idref="fl-27"/>
      </object_component>
      <object_component id="oc-2a">
         <name>.const:s_vim_init</name>
         <load_address>0x13790</load_address>
         <run_address>0x13790</run_address>
         <size>0x200</size>
         <input_file_ref idref="fl-20"/>
      </object_component>
      <object_component id="oc-23e">
         <name>.const:$P$T0$1</name>
         <load_address>0x13990</load_address>
         <run_address>0x13990</run_address>
         <size>0x34</size>
         <input_file_ref idref="fl-23"/>
      </object_component>
      <object_component id="oc-30a">
         <name>.const:$P$T1$2</name>
         <load_address>0x139c4</load_address>
         <run_address>0x139c4</run_address>
         <size>0x24</size>
         <input_file_ref idref="fl-29"/>
      </object_component>
      <object_component id="oc-307">
         <name>.const:$P$T0$1</name>
         <load_address>0x139e8</load_address>
         <run_address>0x139e8</run_address>
         <size>0x18</size>
         <input_file_ref idref="fl-29"/>
      </object_component>
      <object_component id="oc-164">
         <name>.kernelBSS:init</name>
         <load_address>0x80008d0</load_address>
         <run_address>0x80008d0</run_address>
         <size>0x34</size>
         <input_file_ref idref="fl-10"/>
      </object_component>
      <object_component id="oc-287">
         <name>.kernelBSS:uninit</name>
         <load_address>0x8000800</load_address>
         <run_address>0x8000800</run_address>
         <size>0xd0</size>
         <input_file_ref idref="fl-10"/>
      </object_component>
      <object_component id="oc-3b7">
         <name>.kernelHEAP</name>
         <uninitialized>true</uninitialized>
         <run_address>0x8001000</run_address>
         <size>0x2000</size>
         <input_file_ref idref="fl-a"/>
      </object_component>
      <object_component id="oc-343">
         <name>.bss:xStart</name>
         <uninitialized>true</uninitialized>
         <run_address>0x80030c4</run_address>
         <size>0x8</size>
         <input_file_ref idref="fl-a"/>
      </object_component>
      <object_component id="oc-ba">
         <name>.bss:g_sciTransfer_t</name>
         <uninitialized>true</uninitialized>
         <run_address>0x8003078</run_address>
         <size>0x28</size>
         <input_file_ref idref="fl-13"/>
      </object_component>
      <object_component id="oc-301">
         <name>.bss:soxInitVals</name>
         <uninitialized>true</uninitialized>
         <run_address>0x8003044</run_address>
         <size>0x34</size>
         <input_file_ref idref="fl-29"/>
      </object_component>
      <object_component id="oc-1a6">
         <name>.common:rxData</name>
         <uninitialized>true</uninitialized>
         <run_address>0x80030d4</run_address>
         <size>0x1</size>
      </object_component>
      <object_component id="oc-235">
         <name>.common:task_100ms</name>
         <uninitialized>true</uninitialized>
         <run_address>0x80030cc</run_address>
         <size>0x4</size>
      </object_component>
      <object_component id="oc-22c">
         <name>.common:task_10ms</name>
         <uninitialized>true</uninitialized>
         <run_address>0x80030d0</run_address>
         <size>0x4</size>
      </object_component>
      <object_component id="oc-1a9">
         <name>.common:crcBuffer</name>
         <uninitialized>true</uninitialized>
         <run_address>0x8003000</run_address>
         <size>0x44</size>
      </object_component>
      <object_component id="oc-241">
         <name>.common:batSox</name>
         <uninitialized>true</uninitialized>
         <run_address>0x80030a0</run_address>
         <size>0x24</size>
      </object_component>
      <object_component id="oc-340">
         <name>.data</name>
         <load_address>0x80030d8</load_address>
         <run_address>0x80030d8</run_address>
         <size>0x10</size>
         <input_file_ref idref="fl-a"/>
      </object_component>
      <object_component id="oc-167">
         <name>.data</name>
         <load_address>0x80030e8</load_address>
         <run_address>0x80030e8</run_address>
         <size>0x8</size>
         <input_file_ref idref="fl-d"/>
      </object_component>
      <object_component id="oc-31f">
         <name>.data</name>
         <load_address>0x80030f0</load_address>
         <run_address>0x80030f0</run_address>
         <size>0x4</size>
         <input_file_ref idref="fl-25"/>
      </object_component>
      <object_component id="oc-c0">
         <name>.debug_info</name>
         <load_address>0x0</load_address>
         <run_address>0x0</run_address>
         <size>0x124</size>
         <input_file_ref idref="fl-2"/>
      </object_component>
      <object_component id="oc-1c0">
         <name>.debug_info</name>
         <load_address>0x124</load_address>
         <run_address>0x124</run_address>
         <size>0x2d7</size>
         <input_file_ref idref="fl-3"/>
      </object_component>
      <object_component id="oc-7c">
         <name>.debug_info</name>
         <load_address>0x3fb</load_address>
         <run_address>0x3fb</run_address>
         <size>0x6d0</size>
         <input_file_ref idref="fl-3"/>
      </object_component>
      <object_component id="oc-56">
         <name>.debug_info</name>
         <load_address>0xacb</load_address>
         <run_address>0xacb</run_address>
         <size>0x84</size>
         <input_file_ref idref="fl-3"/>
      </object_component>
      <object_component id="oc-f3">
         <name>.debug_info</name>
         <load_address>0xb4f</load_address>
         <run_address>0xb4f</run_address>
         <size>0x9e7</size>
         <input_file_ref idref="fl-3"/>
      </object_component>
      <object_component id="oc-10e">
         <name>.debug_info</name>
         <load_address>0x1536</load_address>
         <run_address>0x1536</run_address>
         <size>0x32f</size>
         <input_file_ref idref="fl-4"/>
      </object_component>
      <object_component id="oc-93">
         <name>.debug_info</name>
         <load_address>0x1865</load_address>
         <run_address>0x1865</run_address>
         <size>0xcdc</size>
         <input_file_ref idref="fl-4"/>
      </object_component>
      <object_component id="oc-26">
         <name>.debug_info</name>
         <load_address>0x2541</load_address>
         <run_address>0x2541</run_address>
         <size>0x1bc</size>
         <input_file_ref idref="fl-4"/>
      </object_component>
      <object_component id="oc-16d">
         <name>.debug_info</name>
         <load_address>0x26fd</load_address>
         <run_address>0x26fd</run_address>
         <size>0x26b</size>
         <input_file_ref idref="fl-4"/>
      </object_component>
      <object_component id="oc-a6">
         <name>.debug_info</name>
         <load_address>0x2968</load_address>
         <run_address>0x2968</run_address>
         <size>0x157</size>
         <input_file_ref idref="fl-4"/>
      </object_component>
      <object_component id="oc-cb">
         <name>.debug_info</name>
         <load_address>0x2abf</load_address>
         <run_address>0x2abf</run_address>
         <size>0x8b</size>
         <input_file_ref idref="fl-4"/>
      </object_component>
      <object_component id="oc-c6">
         <name>.debug_info</name>
         <load_address>0x2b4a</load_address>
         <run_address>0x2b4a</run_address>
         <size>0x18c</size>
         <input_file_ref idref="fl-4"/>
      </object_component>
      <object_component id="oc-26a">
         <name>.debug_info</name>
         <load_address>0x2cd6</load_address>
         <run_address>0x2cd6</run_address>
         <size>0x2a4</size>
         <input_file_ref idref="fl-4"/>
      </object_component>
      <object_component id="oc-159">
         <name>.debug_info</name>
         <load_address>0x2f7a</load_address>
         <run_address>0x2f7a</run_address>
         <size>0xbb</size>
         <input_file_ref idref="fl-4"/>
      </object_component>
      <object_component id="oc-d0">
         <name>.debug_info</name>
         <load_address>0x3035</load_address>
         <run_address>0x3035</run_address>
         <size>0x86</size>
         <input_file_ref idref="fl-4"/>
      </object_component>
      <object_component id="oc-172">
         <name>.debug_info</name>
         <load_address>0x30bb</load_address>
         <run_address>0x30bb</run_address>
         <size>0x1de</size>
         <input_file_ref idref="fl-4"/>
      </object_component>
      <object_component id="oc-109">
         <name>.debug_info</name>
         <load_address>0x3299</load_address>
         <run_address>0x3299</run_address>
         <size>0x129</size>
         <input_file_ref idref="fl-4"/>
      </object_component>
      <object_component id="oc-18b">
         <name>.debug_info</name>
         <load_address>0x33c2</load_address>
         <run_address>0x33c2</run_address>
         <size>0x2d0</size>
         <input_file_ref idref="fl-4"/>
      </object_component>
      <object_component id="oc-2a0">
         <name>.debug_info</name>
         <load_address>0x3692</load_address>
         <run_address>0x3692</run_address>
         <size>0x2b2</size>
         <input_file_ref idref="fl-5"/>
      </object_component>
      <object_component id="oc-221">
         <name>.debug_info</name>
         <load_address>0x3944</load_address>
         <run_address>0x3944</run_address>
         <size>0x7ec</size>
         <input_file_ref idref="fl-5"/>
      </object_component>
      <object_component id="oc-17c">
         <name>.debug_info</name>
         <load_address>0x4130</load_address>
         <run_address>0x4130</run_address>
         <size>0x1f9</size>
         <input_file_ref idref="fl-5"/>
      </object_component>
      <object_component id="oc-36a">
         <name>.debug_info</name>
         <load_address>0x4329</load_address>
         <run_address>0x4329</run_address>
         <size>0x12a</size>
         <input_file_ref idref="fl-5"/>
      </object_component>
      <object_component id="oc-2cd">
         <name>.debug_info</name>
         <load_address>0x4453</load_address>
         <run_address>0x4453</run_address>
         <size>0x381</size>
         <input_file_ref idref="fl-6"/>
      </object_component>
      <object_component id="oc-2e">
         <name>.debug_info</name>
         <load_address>0x47d4</load_address>
         <run_address>0x47d4</run_address>
         <size>0x1b7</size>
         <input_file_ref idref="fl-6"/>
      </object_component>
      <object_component id="oc-1b8">
         <name>.debug_info</name>
         <load_address>0x498b</load_address>
         <run_address>0x498b</run_address>
         <size>0x2c</size>
         <input_file_ref idref="fl-6"/>
      </object_component>
      <object_component id="oc-1d4">
         <name>.debug_info</name>
         <load_address>0x49b7</load_address>
         <run_address>0x49b7</run_address>
         <size>0x35</size>
         <input_file_ref idref="fl-6"/>
      </object_component>
      <object_component id="oc-1e3">
         <name>.debug_info</name>
         <load_address>0x49ec</load_address>
         <run_address>0x49ec</run_address>
         <size>0x3d3</size>
         <input_file_ref idref="fl-6"/>
      </object_component>
      <object_component id="oc-37a">
         <name>.debug_info</name>
         <load_address>0x4dbf</load_address>
         <run_address>0x4dbf</run_address>
         <size>0x2e3</size>
         <input_file_ref idref="fl-6"/>
      </object_component>
      <object_component id="oc-153">
         <name>.debug_info</name>
         <load_address>0x50a2</load_address>
         <run_address>0x50a2</run_address>
         <size>0x4d8</size>
         <input_file_ref idref="fl-7"/>
      </object_component>
      <object_component id="oc-a0">
         <name>.debug_info</name>
         <load_address>0x557a</load_address>
         <run_address>0x557a</run_address>
         <size>0xc0c</size>
         <input_file_ref idref="fl-7"/>
      </object_component>
      <object_component id="oc-1c5">
         <name>.debug_info</name>
         <load_address>0x6186</load_address>
         <run_address>0x6186</run_address>
         <size>0x791</size>
         <input_file_ref idref="fl-7"/>
      </object_component>
      <object_component id="oc-1ca">
         <name>.debug_info</name>
         <load_address>0x6917</load_address>
         <run_address>0x6917</run_address>
         <size>0x4de</size>
         <input_file_ref idref="fl-7"/>
      </object_component>
      <object_component id="oc-1cf">
         <name>.debug_info</name>
         <load_address>0x6df5</load_address>
         <run_address>0x6df5</run_address>
         <size>0x3ce</size>
         <input_file_ref idref="fl-7"/>
      </object_component>
      <object_component id="oc-25b">
         <name>.debug_info</name>
         <load_address>0x71c3</load_address>
         <run_address>0x71c3</run_address>
         <size>0x7cd</size>
         <input_file_ref idref="fl-7"/>
      </object_component>
      <object_component id="oc-154">
         <name>.debug_info</name>
         <load_address>0x7990</load_address>
         <run_address>0x7990</run_address>
         <size>0x673</size>
         <input_file_ref idref="fl-7"/>
      </object_component>
      <object_component id="oc-1d9">
         <name>.debug_info</name>
         <load_address>0x8003</load_address>
         <run_address>0x8003</run_address>
         <size>0x437</size>
         <input_file_ref idref="fl-7"/>
      </object_component>
      <object_component id="oc-204">
         <name>.debug_info</name>
         <load_address>0x843a</load_address>
         <run_address>0x843a</run_address>
         <size>0x37b</size>
         <input_file_ref idref="fl-7"/>
      </object_component>
      <object_component id="oc-1de">
         <name>.debug_info</name>
         <load_address>0x87b5</load_address>
         <run_address>0x87b5</run_address>
         <size>0x1ca</size>
         <input_file_ref idref="fl-7"/>
      </object_component>
      <object_component id="oc-177">
         <name>.debug_info</name>
         <load_address>0x897f</load_address>
         <run_address>0x897f</run_address>
         <size>0x435</size>
         <input_file_ref idref="fl-7"/>
      </object_component>
      <object_component id="oc-1f7">
         <name>.debug_info</name>
         <load_address>0x8db4</load_address>
         <run_address>0x8db4</run_address>
         <size>0x551</size>
         <input_file_ref idref="fl-7"/>
      </object_component>
      <object_component id="oc-1ed">
         <name>.debug_info</name>
         <load_address>0x9305</load_address>
         <run_address>0x9305</run_address>
         <size>0x1de</size>
         <input_file_ref idref="fl-7"/>
      </object_component>
      <object_component id="oc-260">
         <name>.debug_info</name>
         <load_address>0x94e3</load_address>
         <run_address>0x94e3</run_address>
         <size>0x243</size>
         <input_file_ref idref="fl-7"/>
      </object_component>
      <object_component id="oc-2bf">
         <name>.debug_info</name>
         <load_address>0x9726</load_address>
         <run_address>0x9726</run_address>
         <size>0x18e</size>
         <input_file_ref idref="fl-7"/>
      </object_component>
      <object_component id="oc-265">
         <name>.debug_info</name>
         <load_address>0x98b4</load_address>
         <run_address>0x98b4</run_address>
         <size>0x26c</size>
         <input_file_ref idref="fl-7"/>
      </object_component>
      <object_component id="oc-1fc">
         <name>.debug_info</name>
         <load_address>0x9b20</load_address>
         <run_address>0x9b20</run_address>
         <size>0x17a</size>
         <input_file_ref idref="fl-7"/>
      </object_component>
      <object_component id="oc-181">
         <name>.debug_info</name>
         <load_address>0x9c9a</load_address>
         <run_address>0x9c9a</run_address>
         <size>0x6a6</size>
         <input_file_ref idref="fl-7"/>
      </object_component>
      <object_component id="oc-186">
         <name>.debug_info</name>
         <load_address>0xa340</load_address>
         <run_address>0xa340</run_address>
         <size>0x13e</size>
         <input_file_ref idref="fl-7"/>
      </object_component>
      <object_component id="oc-32b">
         <name>.debug_info</name>
         <load_address>0xa47e</load_address>
         <run_address>0xa47e</run_address>
         <size>0x1f0</size>
         <input_file_ref idref="fl-8"/>
      </object_component>
      <object_component id="oc-297">
         <name>.debug_info</name>
         <load_address>0xa66e</load_address>
         <run_address>0xa66e</run_address>
         <size>0x30c</size>
         <input_file_ref idref="fl-8"/>
      </object_component>
      <object_component id="oc-31a">
         <name>.debug_info</name>
         <load_address>0xa97a</load_address>
         <run_address>0xa97a</run_address>
         <size>0x37f</size>
         <input_file_ref idref="fl-8"/>
      </object_component>
      <object_component id="oc-245">
         <name>.debug_info</name>
         <load_address>0xacf9</load_address>
         <run_address>0xacf9</run_address>
         <size>0xe1</size>
         <input_file_ref idref="fl-8"/>
      </object_component>
      <object_component id="oc-3af">
         <name>.debug_info</name>
         <load_address>0xadda</load_address>
         <run_address>0xadda</run_address>
         <size>0xcc</size>
         <input_file_ref idref="fl-8"/>
      </object_component>
      <object_component id="oc-292">
         <name>.debug_info</name>
         <load_address>0xaea6</load_address>
         <run_address>0xaea6</run_address>
         <size>0x2c</size>
         <input_file_ref idref="fl-8"/>
      </object_component>
      <object_component id="oc-315">
         <name>.debug_info</name>
         <load_address>0xaed2</load_address>
         <run_address>0xaed2</run_address>
         <size>0x14c</size>
         <input_file_ref idref="fl-8"/>
      </object_component>
      <object_component id="oc-395">
         <name>.debug_info</name>
         <load_address>0xb01e</load_address>
         <run_address>0xb01e</run_address>
         <size>0x695</size>
         <input_file_ref idref="fl-9"/>
      </object_component>
      <object_component id="oc-2e9">
         <name>.debug_info</name>
         <load_address>0xb6b3</load_address>
         <run_address>0xb6b3</run_address>
         <size>0x1583</size>
         <input_file_ref idref="fl-9"/>
      </object_component>
      <object_component id="oc-348">
         <name>.debug_info</name>
         <load_address>0xcc36</load_address>
         <run_address>0xcc36</run_address>
         <size>0x110</size>
         <input_file_ref idref="fl-9"/>
      </object_component>
      <object_component id="oc-2f5">
         <name>.debug_info</name>
         <load_address>0xcd46</load_address>
         <run_address>0xcd46</run_address>
         <size>0x39</size>
         <input_file_ref idref="fl-9"/>
      </object_component>
      <object_component id="oc-35e">
         <name>.debug_info</name>
         <load_address>0xcd7f</load_address>
         <run_address>0xcd7f</run_address>
         <size>0x46</size>
         <input_file_ref idref="fl-9"/>
      </object_component>
      <object_component id="oc-3df">
         <name>.debug_info</name>
         <load_address>0xcdc5</load_address>
         <run_address>0xcdc5</run_address>
         <size>0x62</size>
         <input_file_ref idref="fl-9"/>
      </object_component>
      <object_component id="oc-347">
         <name>.debug_info</name>
         <load_address>0xce27</load_address>
         <run_address>0xce27</run_address>
         <size>0x43d</size>
         <input_file_ref idref="fl-a"/>
      </object_component>
      <object_component id="oc-3b8">
         <name>.debug_info</name>
         <load_address>0xd264</load_address>
         <run_address>0xd264</run_address>
         <size>0xf5</size>
         <input_file_ref idref="fl-a"/>
      </object_component>
      <object_component id="oc-344">
         <name>.debug_info</name>
         <load_address>0xd359</load_address>
         <run_address>0xd359</run_address>
         <size>0xf5</size>
         <input_file_ref idref="fl-a"/>
      </object_component>
      <object_component id="oc-341">
         <name>.debug_info</name>
         <load_address>0xd44e</load_address>
         <run_address>0xd44e</run_address>
         <size>0x1a9</size>
         <input_file_ref idref="fl-a"/>
      </object_component>
      <object_component id="oc-272">
         <name>.debug_info</name>
         <load_address>0xd5f7</load_address>
         <run_address>0xd5f7</run_address>
         <size>0x5ca</size>
         <input_file_ref idref="fl-a"/>
      </object_component>
      <object_component id="oc-33b">
         <name>.debug_info</name>
         <load_address>0xdbc1</load_address>
         <run_address>0xdbc1</run_address>
         <size>0x2fc</size>
         <input_file_ref idref="fl-a"/>
      </object_component>
      <object_component id="oc-3bf">
         <name>.debug_info</name>
         <load_address>0xdebd</load_address>
         <run_address>0xdebd</run_address>
         <size>0x62</size>
         <input_file_ref idref="fl-a"/>
      </object_component>
      <object_component id="oc-34e">
         <name>.debug_info</name>
         <load_address>0xdf1f</load_address>
         <run_address>0xdf1f</run_address>
         <size>0x378</size>
         <input_file_ref idref="fl-b"/>
      </object_component>
      <object_component id="oc-276">
         <name>.debug_info</name>
         <load_address>0xe297</load_address>
         <run_address>0xe297</run_address>
         <size>0x54b</size>
         <input_file_ref idref="fl-b"/>
      </object_component>
      <object_component id="oc-2ef">
         <name>.debug_info</name>
         <load_address>0xe7e2</load_address>
         <run_address>0xe7e2</run_address>
         <size>0xe44</size>
         <input_file_ref idref="fl-c"/>
      </object_component>
      <object_component id="oc-21b">
         <name>.debug_info</name>
         <load_address>0xf626</load_address>
         <run_address>0xf626</run_address>
         <size>0x3f1f</size>
         <input_file_ref idref="fl-c"/>
      </object_component>
      <object_component id="oc-2f0">
         <name>.debug_info</name>
         <load_address>0x13545</load_address>
         <run_address>0x13545</run_address>
         <size>0x46</size>
         <input_file_ref idref="fl-c"/>
      </object_component>
      <object_component id="oc-356">
         <name>.debug_info</name>
         <load_address>0x1358b</load_address>
         <run_address>0x1358b</run_address>
         <size>0x490</size>
         <input_file_ref idref="fl-d"/>
      </object_component>
      <object_component id="oc-168">
         <name>.debug_info</name>
         <load_address>0x13a1b</load_address>
         <run_address>0x13a1b</run_address>
         <size>0x143</size>
         <input_file_ref idref="fl-d"/>
      </object_component>
      <object_component id="oc-27e">
         <name>.debug_info</name>
         <load_address>0x13b5e</load_address>
         <run_address>0x13b5e</run_address>
         <size>0x637</size>
         <input_file_ref idref="fl-d"/>
      </object_component>
      <object_component id="oc-351">
         <name>.debug_info</name>
         <load_address>0x14195</load_address>
         <run_address>0x14195</run_address>
         <size>0x3c4</size>
         <input_file_ref idref="fl-d"/>
      </object_component>
      <object_component id="oc-ac">
         <name>.debug_info</name>
         <load_address>0x14559</load_address>
         <run_address>0x14559</run_address>
         <size>0x5b9</size>
         <input_file_ref idref="fl-e"/>
      </object_component>
      <object_component id="oc-393">
         <name>.debug_info</name>
         <load_address>0x14b12</load_address>
         <run_address>0x14b12</run_address>
         <size>0x6f5</size>
         <input_file_ref idref="fl-f"/>
      </object_component>
      <object_component id="oc-2e3">
         <name>.debug_info</name>
         <load_address>0x15207</load_address>
         <run_address>0x15207</run_address>
         <size>0x2631</size>
         <input_file_ref idref="fl-f"/>
      </object_component>
      <object_component id="oc-3d8">
         <name>.debug_info</name>
         <load_address>0x17838</load_address>
         <run_address>0x17838</run_address>
         <size>0x155</size>
         <input_file_ref idref="fl-f"/>
      </object_component>
      <object_component id="oc-291">
         <name>.debug_info</name>
         <load_address>0x1798d</load_address>
         <run_address>0x1798d</run_address>
         <size>0x86c</size>
         <input_file_ref idref="fl-10"/>
      </object_component>
      <object_component id="oc-165">
         <name>.debug_info</name>
         <load_address>0x181f9</load_address>
         <run_address>0x181f9</run_address>
         <size>0x366</size>
         <input_file_ref idref="fl-10"/>
      </object_component>
      <object_component id="oc-288">
         <name>.debug_info</name>
         <load_address>0x1855f</load_address>
         <run_address>0x1855f</run_address>
         <size>0x292</size>
         <input_file_ref idref="fl-10"/>
      </object_component>
      <object_component id="oc-15f">
         <name>.debug_info</name>
         <load_address>0x187f1</load_address>
         <run_address>0x187f1</run_address>
         <size>0x514c</size>
         <input_file_ref idref="fl-10"/>
      </object_component>
      <object_component id="oc-282">
         <name>.debug_info</name>
         <load_address>0x1d93d</load_address>
         <run_address>0x1d93d</run_address>
         <size>0x46a</size>
         <input_file_ref idref="fl-10"/>
      </object_component>
      <object_component id="oc-363">
         <name>.debug_info</name>
         <load_address>0x1dda7</load_address>
         <run_address>0x1dda7</run_address>
         <size>0x14e</size>
         <input_file_ref idref="fl-10"/>
      </object_component>
      <object_component id="oc-1c2">
         <name>.debug_info</name>
         <load_address>0x1def5</load_address>
         <run_address>0x1def5</run_address>
         <size>0x299</size>
         <input_file_ref idref="fl-12"/>
      </object_component>
      <object_component id="oc-fa">
         <name>.debug_info</name>
         <load_address>0x1e18e</load_address>
         <run_address>0x1e18e</run_address>
         <size>0x232</size>
         <input_file_ref idref="fl-12"/>
      </object_component>
      <object_component id="oc-1e8">
         <name>.debug_info</name>
         <load_address>0x1e3c0</load_address>
         <run_address>0x1e3c0</run_address>
         <size>0x508</size>
         <input_file_ref idref="fl-12"/>
      </object_component>
      <object_component id="oc-2c8">
         <name>.debug_info</name>
         <load_address>0x1e8c8</load_address>
         <run_address>0x1e8c8</run_address>
         <size>0x43c</size>
         <input_file_ref idref="fl-12"/>
      </object_component>
      <object_component id="oc-1af">
         <name>.debug_info</name>
         <load_address>0x1ed04</load_address>
         <run_address>0x1ed04</run_address>
         <size>0x334</size>
         <input_file_ref idref="fl-13"/>
      </object_component>
      <object_component id="oc-bb">
         <name>.debug_info</name>
         <load_address>0x1f038</load_address>
         <run_address>0x1f038</run_address>
         <size>0x103</size>
         <input_file_ref idref="fl-13"/>
      </object_component>
      <object_component id="oc-197">
         <name>.debug_info</name>
         <load_address>0x1f13b</load_address>
         <run_address>0x1f13b</run_address>
         <size>0xe11</size>
         <input_file_ref idref="fl-13"/>
      </object_component>
      <object_component id="oc-34">
         <name>.debug_info</name>
         <load_address>0x1ff4c</load_address>
         <run_address>0x1ff4c</run_address>
         <size>0x26c</size>
         <input_file_ref idref="fl-13"/>
      </object_component>
      <object_component id="oc-2ba">
         <name>.debug_info</name>
         <load_address>0x201b8</load_address>
         <run_address>0x201b8</run_address>
         <size>0x91</size>
         <input_file_ref idref="fl-13"/>
      </object_component>
      <object_component id="oc-76">
         <name>.debug_info</name>
         <load_address>0x20249</load_address>
         <run_address>0x20249</run_address>
         <size>0x981</size>
         <input_file_ref idref="fl-15"/>
      </object_component>
      <object_component id="oc-3b">
         <name>.debug_info</name>
         <load_address>0x20bca</load_address>
         <run_address>0x20bca</run_address>
         <size>0x12c</size>
         <input_file_ref idref="fl-17"/>
      </object_component>
      <object_component id="oc-377">
         <name>.debug_info</name>
         <load_address>0x20cf6</load_address>
         <run_address>0x20cf6</run_address>
         <size>0x3bd</size>
         <input_file_ref idref="fl-18"/>
      </object_component>
      <object_component id="oc-9a">
         <name>.debug_info</name>
         <load_address>0x210b3</load_address>
         <run_address>0x210b3</run_address>
         <size>0x161</size>
         <input_file_ref idref="fl-18"/>
      </object_component>
      <object_component id="oc-2b1">
         <name>.debug_info</name>
         <load_address>0x21214</load_address>
         <run_address>0x21214</run_address>
         <size>0xc2</size>
         <input_file_ref idref="fl-18"/>
      </object_component>
      <object_component id="oc-24a">
         <name>.debug_info</name>
         <load_address>0x212d6</load_address>
         <run_address>0x212d6</run_address>
         <size>0x2bc</size>
         <input_file_ref idref="fl-18"/>
      </object_component>
      <object_component id="oc-30e">
         <name>.debug_info</name>
         <load_address>0x21592</load_address>
         <run_address>0x21592</run_address>
         <size>0x76</size>
         <input_file_ref idref="fl-18"/>
      </object_component>
      <object_component id="oc-2ce">
         <name>.debug_info</name>
         <load_address>0x21608</load_address>
         <run_address>0x21608</run_address>
         <size>0x2b8</size>
         <input_file_ref idref="fl-1a"/>
      </object_component>
      <object_component id="oc-381">
         <name>.debug_info</name>
         <load_address>0x218c0</load_address>
         <run_address>0x218c0</run_address>
         <size>0x242</size>
         <input_file_ref idref="fl-1a"/>
      </object_component>
      <object_component id="oc-1f2">
         <name>.debug_info</name>
         <load_address>0x21b02</load_address>
         <run_address>0x21b02</run_address>
         <size>0x2af</size>
         <input_file_ref idref="fl-1a"/>
      </object_component>
      <object_component id="oc-42">
         <name>.debug_info</name>
         <load_address>0x21db1</load_address>
         <run_address>0x21db1</run_address>
         <size>0x16d</size>
         <input_file_ref idref="fl-1b"/>
      </object_component>
      <object_component id="oc-104">
         <name>.debug_info</name>
         <load_address>0x21f1e</load_address>
         <run_address>0x21f1e</run_address>
         <size>0x40f</size>
         <input_file_ref idref="fl-1d"/>
      </object_component>
      <object_component id="oc-107">
         <name>.debug_info</name>
         <load_address>0x2232d</load_address>
         <run_address>0x2232d</run_address>
         <size>0x68e</size>
         <input_file_ref idref="fl-1e"/>
      </object_component>
      <object_component id="oc-8b">
         <name>.debug_info</name>
         <load_address>0x229bb</load_address>
         <run_address>0x229bb</run_address>
         <size>0x339f</size>
         <input_file_ref idref="fl-1e"/>
      </object_component>
      <object_component id="oc-21">
         <name>.debug_info</name>
         <load_address>0x25d5a</load_address>
         <run_address>0x25d5a</run_address>
         <size>0x613</size>
         <input_file_ref idref="fl-1f"/>
      </object_component>
      <object_component id="oc-81">
         <name>.debug_info</name>
         <load_address>0x2636d</load_address>
         <run_address>0x2636d</run_address>
         <size>0x166</size>
         <input_file_ref idref="fl-1f"/>
      </object_component>
      <object_component id="oc-b2">
         <name>.debug_info</name>
         <load_address>0x264d3</load_address>
         <run_address>0x264d3</run_address>
         <size>0x526</size>
         <input_file_ref idref="fl-20"/>
      </object_component>
      <object_component id="oc-2b">
         <name>.debug_info</name>
         <load_address>0x269f9</load_address>
         <run_address>0x269f9</run_address>
         <size>0xfd</size>
         <input_file_ref idref="fl-20"/>
      </object_component>
      <object_component id="oc-47">
         <name>.debug_info</name>
         <load_address>0x26af6</load_address>
         <run_address>0x26af6</run_address>
         <size>0x507</size>
         <input_file_ref idref="fl-20"/>
      </object_component>
      <object_component id="oc-4b">
         <name>.debug_info</name>
         <load_address>0x26ffd</load_address>
         <run_address>0x26ffd</run_address>
         <size>0x230</size>
         <input_file_ref idref="fl-20"/>
      </object_component>
      <object_component id="oc-190">
         <name>.debug_info</name>
         <load_address>0x2722d</load_address>
         <run_address>0x2722d</run_address>
         <size>0x4f</size>
         <input_file_ref idref="fl-20"/>
      </object_component>
      <object_component id="oc-100">
         <name>.debug_info</name>
         <load_address>0x2727c</load_address>
         <run_address>0x2727c</run_address>
         <size>0x53b</size>
         <input_file_ref idref="fl-21"/>
      </object_component>
      <object_component id="oc-85">
         <name>.debug_info</name>
         <load_address>0x277b7</load_address>
         <run_address>0x277b7</run_address>
         <size>0x8fa</size>
         <input_file_ref idref="fl-21"/>
      </object_component>
      <object_component id="oc-1a7">
         <name>.debug_info</name>
         <load_address>0x280b1</load_address>
         <run_address>0x280b1</run_address>
         <size>0x359</size>
         <input_file_ref idref="fl-22"/>
      </object_component>
      <object_component id="oc-b8">
         <name>.debug_info</name>
         <load_address>0x2840a</load_address>
         <run_address>0x2840a</run_address>
         <size>0x1d8</size>
         <input_file_ref idref="fl-22"/>
      </object_component>
      <object_component id="oc-328">
         <name>.debug_info</name>
         <load_address>0x285e2</load_address>
         <run_address>0x285e2</run_address>
         <size>0x683</size>
         <input_file_ref idref="fl-23"/>
      </object_component>
      <object_component id="oc-23f">
         <name>.debug_info</name>
         <load_address>0x28c65</load_address>
         <run_address>0x28c65</run_address>
         <size>0xf1</size>
         <input_file_ref idref="fl-23"/>
      </object_component>
      <object_component id="oc-141">
         <name>.debug_info</name>
         <load_address>0x28d56</load_address>
         <run_address>0x28d56</run_address>
         <size>0x399</size>
         <input_file_ref idref="fl-23"/>
      </object_component>
      <object_component id="oc-236">
         <name>.debug_info</name>
         <load_address>0x290ef</load_address>
         <run_address>0x290ef</run_address>
         <size>0x3fe</size>
         <input_file_ref idref="fl-24"/>
      </object_component>
      <object_component id="oc-23a">
         <name>.debug_info</name>
         <load_address>0x294ed</load_address>
         <run_address>0x294ed</run_address>
         <size>0x1af</size>
         <input_file_ref idref="fl-24"/>
      </object_component>
      <object_component id="oc-22d">
         <name>.debug_info</name>
         <load_address>0x2969c</load_address>
         <run_address>0x2969c</run_address>
         <size>0x4c9</size>
         <input_file_ref idref="fl-25"/>
      </object_component>
      <object_component id="oc-320">
         <name>.debug_info</name>
         <load_address>0x29b65</load_address>
         <run_address>0x29b65</run_address>
         <size>0x115</size>
         <input_file_ref idref="fl-25"/>
      </object_component>
      <object_component id="oc-231">
         <name>.debug_info</name>
         <load_address>0x29c7a</load_address>
         <run_address>0x29c7a</run_address>
         <size>0x224</size>
         <input_file_ref idref="fl-25"/>
      </object_component>
      <object_component id="oc-39f">
         <name>.debug_info</name>
         <load_address>0x29e9e</load_address>
         <run_address>0x29e9e</run_address>
         <size>0x355</size>
         <input_file_ref idref="fl-26"/>
      </object_component>
      <object_component id="oc-2fe">
         <name>.debug_info</name>
         <load_address>0x2a1f3</load_address>
         <run_address>0x2a1f3</run_address>
         <size>0xb02</size>
         <input_file_ref idref="fl-26"/>
      </object_component>
      <object_component id="oc-3a4">
         <name>.debug_info</name>
         <load_address>0x2acf5</load_address>
         <run_address>0x2acf5</run_address>
         <size>0x10f</size>
         <input_file_ref idref="fl-27"/>
      </object_component>
      <object_component id="oc-305">
         <name>.debug_info</name>
         <load_address>0x2ae04</load_address>
         <run_address>0x2ae04</run_address>
         <size>0x11e</size>
         <input_file_ref idref="fl-27"/>
      </object_component>
      <object_component id="oc-399">
         <name>.debug_info</name>
         <load_address>0x2af22</load_address>
         <run_address>0x2af22</run_address>
         <size>0x126</size>
         <input_file_ref idref="fl-27"/>
      </object_component>
      <object_component id="oc-39c">
         <name>.debug_info</name>
         <load_address>0x2b048</load_address>
         <run_address>0x2b048</run_address>
         <size>0x122</size>
         <input_file_ref idref="fl-27"/>
      </object_component>
      <object_component id="oc-1aa">
         <name>.debug_info</name>
         <load_address>0x2b16a</load_address>
         <run_address>0x2b16a</run_address>
         <size>0x2f9</size>
         <input_file_ref idref="fl-28"/>
      </object_component>
      <object_component id="oc-1a1">
         <name>.debug_info</name>
         <load_address>0x2b463</load_address>
         <run_address>0x2b463</run_address>
         <size>0x1e6</size>
         <input_file_ref idref="fl-28"/>
      </object_component>
      <object_component id="oc-242">
         <name>.debug_info</name>
         <load_address>0x2b649</load_address>
         <run_address>0x2b649</run_address>
         <size>0x385</size>
         <input_file_ref idref="fl-29"/>
      </object_component>
      <object_component id="oc-302">
         <name>.debug_info</name>
         <load_address>0x2b9ce</load_address>
         <run_address>0x2b9ce</run_address>
         <size>0x101</size>
         <input_file_ref idref="fl-29"/>
      </object_component>
      <object_component id="oc-308">
         <name>.debug_info</name>
         <load_address>0x2bacf</load_address>
         <run_address>0x2bacf</run_address>
         <size>0xf9</size>
         <input_file_ref idref="fl-29"/>
      </object_component>
      <object_component id="oc-30b">
         <name>.debug_info</name>
         <load_address>0x2bbc8</load_address>
         <run_address>0x2bbc8</run_address>
         <size>0xfa</size>
         <input_file_ref idref="fl-29"/>
      </object_component>
      <object_component id="oc-227">
         <name>.debug_info</name>
         <load_address>0x2bcc2</load_address>
         <run_address>0x2bcc2</run_address>
         <size>0x6fc</size>
         <input_file_ref idref="fl-29"/>
      </object_component>
      <object_component id="oc-375">
         <name>.debug_info</name>
         <load_address>0x2c3be</load_address>
         <run_address>0x2c3be</run_address>
         <size>0x28f</size>
         <input_file_ref idref="fl-2e"/>
      </object_component>
      <object_component id="oc-2a2">
         <name>.debug_info</name>
         <load_address>0x2c64d</load_address>
         <run_address>0x2c64d</run_address>
         <size>0x1a0</size>
         <input_file_ref idref="fl-2e"/>
      </object_component>
      <object_component id="oc-3cd">
         <name>.debug_info</name>
         <load_address>0x2c7ed</load_address>
         <run_address>0x2c7ed</run_address>
         <size>0x46</size>
         <input_file_ref idref="fl-2e"/>
      </object_component>
      <object_component id="oc-370">
         <name>.debug_info</name>
         <load_address>0x2c833</load_address>
         <run_address>0x2c833</run_address>
         <size>0x39</size>
         <input_file_ref idref="fl-2e"/>
      </object_component>
      <object_component id="oc-5c">
         <name>.debug_info</name>
         <load_address>0x2c86c</load_address>
         <run_address>0x2c86c</run_address>
         <size>0x119</size>
         <input_file_ref idref="fl-2f"/>
      </object_component>
      <object_component id="oc-19e">
         <name>.debug_info</name>
         <load_address>0x2c985</load_address>
         <run_address>0x2c985</run_address>
         <size>0x14f</size>
         <input_file_ref idref="fl-30"/>
      </object_component>
      <object_component id="oc-ec">
         <name>.debug_info</name>
         <load_address>0x2cad4</load_address>
         <run_address>0x2cad4</run_address>
         <size>0x147</size>
         <input_file_ref idref="fl-32"/>
      </object_component>
      <object_component id="oc-20c">
         <name>.debug_info</name>
         <load_address>0x2cc1b</load_address>
         <run_address>0x2cc1b</run_address>
         <size>0x4b3</size>
         <input_file_ref idref="fl-33"/>
      </object_component>
      <object_component id="oc-110">
         <name>.debug_info</name>
         <load_address>0x2d0ce</load_address>
         <run_address>0x2d0ce</run_address>
         <size>0x1a6</size>
         <input_file_ref idref="fl-33"/>
      </object_component>
      <object_component id="oc-2d1">
         <name>.debug_info</name>
         <load_address>0x2d274</load_address>
         <run_address>0x2d274</run_address>
         <size>0x39</size>
         <input_file_ref idref="fl-33"/>
      </object_component>
      <object_component id="oc-386">
         <name>.debug_info</name>
         <load_address>0x2d2ad</load_address>
         <run_address>0x2d2ad</run_address>
         <size>0x39</size>
         <input_file_ref idref="fl-33"/>
      </object_component>
      <object_component id="oc-2d6">
         <name>.debug_info</name>
         <load_address>0x2d2e6</load_address>
         <run_address>0x2d2e6</run_address>
         <size>0x39</size>
         <input_file_ref idref="fl-33"/>
      </object_component>
      <object_component id="oc-2db">
         <name>.debug_info</name>
         <load_address>0x2d31f</load_address>
         <run_address>0x2d31f</run_address>
         <size>0xcd</size>
         <input_file_ref idref="fl-33"/>
      </object_component>
      <object_component id="oc-ea">
         <name>.debug_info</name>
         <load_address>0x2d3ec</load_address>
         <run_address>0x2d3ec</run_address>
         <size>0x2d4</size>
         <input_file_ref idref="fl-35"/>
      </object_component>
      <object_component id="oc-6e">
         <name>.debug_info</name>
         <load_address>0x2d6c0</load_address>
         <run_address>0x2d6c0</run_address>
         <size>0x1b5</size>
         <input_file_ref idref="fl-35"/>
      </object_component>
      <object_component id="oc-e5">
         <name>.debug_info</name>
         <load_address>0x2d875</load_address>
         <run_address>0x2d875</run_address>
         <size>0x46</size>
         <input_file_ref idref="fl-35"/>
      </object_component>
      <object_component id="oc-66">
         <name>.debug_info</name>
         <load_address>0x2d8bb</load_address>
         <run_address>0x2d8bb</run_address>
         <size>0x2a3</size>
         <input_file_ref idref="fl-36"/>
      </object_component>
      <object_component id="oc-19">
         <name>.debug_info</name>
         <load_address>0x2db5e</load_address>
         <run_address>0x2db5e</run_address>
         <size>0x1d5</size>
         <input_file_ref idref="fl-36"/>
      </object_component>
      <object_component id="oc-61">
         <name>.debug_info</name>
         <load_address>0x2dd33</load_address>
         <run_address>0x2dd33</run_address>
         <size>0x46</size>
         <input_file_ref idref="fl-36"/>
      </object_component>
      <object_component id="oc-dd">
         <name>.debug_info</name>
         <load_address>0x2dd79</load_address>
         <run_address>0x2dd79</run_address>
         <size>0x2c</size>
         <input_file_ref idref="fl-36"/>
      </object_component>
      <object_component id="oc-db">
         <name>.debug_info</name>
         <load_address>0x2dda5</load_address>
         <run_address>0x2dda5</run_address>
         <size>0x29e</size>
         <input_file_ref idref="fl-37"/>
      </object_component>
      <object_component id="oc-12">
         <name>.debug_info</name>
         <load_address>0x2e043</load_address>
         <run_address>0x2e043</run_address>
         <size>0x250</size>
         <input_file_ref idref="fl-37"/>
      </object_component>
      <object_component id="oc-51">
         <name>.debug_info</name>
         <load_address>0x2e293</load_address>
         <run_address>0x2e293</run_address>
         <size>0x60</size>
         <input_file_ref idref="fl-37"/>
      </object_component>
      <object_component id="oc-1b1">
         <name>.debug_info</name>
         <load_address>0x2e2f3</load_address>
         <run_address>0x2e2f3</run_address>
         <size>0x46</size>
         <input_file_ref idref="fl-37"/>
      </object_component>
      <object_component id="oc-d6">
         <name>.debug_info</name>
         <load_address>0x2e339</load_address>
         <run_address>0x2e339</run_address>
         <size>0x39</size>
         <input_file_ref idref="fl-37"/>
      </object_component>
      <object_component id="oc-147">
         <name>.debug_info</name>
         <load_address>0x2e372</load_address>
         <run_address>0x2e372</run_address>
         <size>0x122</size>
         <input_file_ref idref="fl-38"/>
      </object_component>
      <object_component id="oc-35b">
         <name>.debug_info</name>
         <load_address>0x2e494</load_address>
         <run_address>0x2e494</run_address>
         <size>0x28f</size>
         <input_file_ref idref="fl-3a"/>
      </object_component>
      <object_component id="oc-28e">
         <name>.debug_info</name>
         <load_address>0x2e723</load_address>
         <run_address>0x2e723</run_address>
         <size>0x245</size>
         <input_file_ref idref="fl-3a"/>
      </object_component>
      <object_component id="oc-2a9">
         <name>.debug_info</name>
         <load_address>0x2e968</load_address>
         <run_address>0x2e968</run_address>
         <size>0x115</size>
         <input_file_ref idref="fl-3b"/>
      </object_component>
      <object_component id="oc-41b">
         <name>.debug_info</name>
         <load_address>0x2ea7d</load_address>
         <run_address>0x2ea7d</run_address>
         <size>0xb3</size>
      </object_component>
      <object_component id="oc-c2">
         <name>.debug_line</name>
         <load_address>0x0</load_address>
         <run_address>0x0</run_address>
         <size>0x84</size>
         <input_file_ref idref="fl-2"/>
      </object_component>
      <object_component id="oc-2c5">
         <name>.debug_line</name>
         <load_address>0x84</load_address>
         <run_address>0x84</run_address>
         <size>0x20</size>
         <input_file_ref idref="fl-3"/>
      </object_component>
      <object_component id="oc-79">
         <name>.debug_line</name>
         <load_address>0xa4</load_address>
         <run_address>0xa4</run_address>
         <size>0x1f6</size>
         <input_file_ref idref="fl-3"/>
      </object_component>
      <object_component id="oc-59">
         <name>.debug_line</name>
         <load_address>0x29a</load_address>
         <run_address>0x29a</run_address>
         <size>0x20</size>
         <input_file_ref idref="fl-3"/>
      </object_component>
      <object_component id="oc-f6">
         <name>.debug_line</name>
         <load_address>0x2ba</load_address>
         <run_address>0x2ba</run_address>
         <size>0x8f</size>
         <input_file_ref idref="fl-3"/>
      </object_component>
      <object_component id="oc-20a">
         <name>.debug_line</name>
         <load_address>0x349</load_address>
         <run_address>0x349</run_address>
         <size>0x7c</size>
         <input_file_ref idref="fl-4"/>
      </object_component>
      <object_component id="oc-92">
         <name>.debug_line</name>
         <load_address>0x3c5</load_address>
         <run_address>0x3c5</run_address>
         <size>0x277</size>
         <input_file_ref idref="fl-4"/>
      </object_component>
      <object_component id="oc-29">
         <name>.debug_line</name>
         <load_address>0x63c</load_address>
         <run_address>0x63c</run_address>
         <size>0x6f</size>
         <input_file_ref idref="fl-4"/>
      </object_component>
      <object_component id="oc-170">
         <name>.debug_line</name>
         <load_address>0x6ab</load_address>
         <run_address>0x6ab</run_address>
         <size>0x6f</size>
         <input_file_ref idref="fl-4"/>
      </object_component>
      <object_component id="oc-a9">
         <name>.debug_line</name>
         <load_address>0x71a</load_address>
         <run_address>0x71a</run_address>
         <size>0x85</size>
         <input_file_ref idref="fl-4"/>
      </object_component>
      <object_component id="oc-ce">
         <name>.debug_line</name>
         <load_address>0x79f</load_address>
         <run_address>0x79f</run_address>
         <size>0x20</size>
         <input_file_ref idref="fl-4"/>
      </object_component>
      <object_component id="oc-c9">
         <name>.debug_line</name>
         <load_address>0x7bf</load_address>
         <run_address>0x7bf</run_address>
         <size>0x80</size>
         <input_file_ref idref="fl-4"/>
      </object_component>
      <object_component id="oc-26d">
         <name>.debug_line</name>
         <load_address>0x83f</load_address>
         <run_address>0x83f</run_address>
         <size>0x73</size>
         <input_file_ref idref="fl-4"/>
      </object_component>
      <object_component id="oc-15c">
         <name>.debug_line</name>
         <load_address>0x8b2</load_address>
         <run_address>0x8b2</run_address>
         <size>0x70</size>
         <input_file_ref idref="fl-4"/>
      </object_component>
      <object_component id="oc-d3">
         <name>.debug_line</name>
         <load_address>0x922</load_address>
         <run_address>0x922</run_address>
         <size>0x83</size>
         <input_file_ref idref="fl-4"/>
      </object_component>
      <object_component id="oc-175">
         <name>.debug_line</name>
         <load_address>0x9a5</load_address>
         <run_address>0x9a5</run_address>
         <size>0x80</size>
         <input_file_ref idref="fl-4"/>
      </object_component>
      <object_component id="oc-10c">
         <name>.debug_line</name>
         <load_address>0xa25</load_address>
         <run_address>0xa25</run_address>
         <size>0x7c</size>
         <input_file_ref idref="fl-4"/>
      </object_component>
      <object_component id="oc-18e">
         <name>.debug_line</name>
         <load_address>0xaa1</load_address>
         <run_address>0xaa1</run_address>
         <size>0x80</size>
         <input_file_ref idref="fl-4"/>
      </object_component>
      <object_component id="oc-369">
         <name>.debug_line</name>
         <load_address>0xb21</load_address>
         <run_address>0xb21</run_address>
         <size>0x20</size>
         <input_file_ref idref="fl-5"/>
      </object_component>
      <object_component id="oc-225">
         <name>.debug_line</name>
         <load_address>0xb41</load_address>
         <run_address>0xb41</run_address>
         <size>0x187</size>
         <input_file_ref idref="fl-5"/>
      </object_component>
      <object_component id="oc-17f">
         <name>.debug_line</name>
         <load_address>0xcc8</load_address>
         <run_address>0xcc8</run_address>
         <size>0x80</size>
         <input_file_ref idref="fl-5"/>
      </object_component>
      <object_component id="oc-36d">
         <name>.debug_line</name>
         <load_address>0xd48</load_address>
         <run_address>0xd48</run_address>
[...]
         <value>0x115d0</value>
         <object_component_ref idref="oc-101"/>
      </symbol>
      <symbol id="sm-86c">
         <name>_pmuGetOverflow_</name>
         <value>0x1169c</value>
         <object_component_ref idref="oc-101"/>
      </symbol>
      <symbol id="sm-86d">
         <name>_pmuResetCycleCounter_</name>
         <value>0x1163c</value>
         <object_component_ref idref="oc-101"/>
      </symbol>
      <symbol id="sm-86e">
         <name>_pmuSetCountEvent_</name>
         <value>0x1167c</value>
         <object_component_ref idref="oc-101"/>
      </symbol>
      <symbol id="sm-86f">
         <name>_pmuGetCycleCount_</name>
         <value>0x11688</value>
         <object_component_ref idref="oc-101"/>
      </symbol>
      <symbol id="sm-870">
         <name>_pmuEnableCountersGlobal_</name>
         <value>0x1161c</value>
         <object_component_ref idref="oc-101"/>
      </symbol>
      <symbol id="sm-871">
         <name>_pmuDisableCountersGlobal_</name>
         <value>0x1162c</value>
         <object_component_ref idref="oc-101"/>
      </symbol>
      <symbol id="sm-872">
         <name>_pmuStartCounters_</name>
         <value>0x1166c</value>
         <object_component_ref idref="oc-101"/>
      </symbol>
      <symbol id="sm-a32">
         <name>pbistSelfCheck</name>
         <value>0x82cc</value>
         <object_component_ref idref="oc-8a"/>
      </symbol>
      <symbol id="sm-a33">
         <name>fmcBus1ParityCheck</name>
         <value>0xa2c4</value>
         <object_component_ref idref="oc-8a"/>
      </symbol>
      <symbol id="sm-a34">
         <name>can1ParityCheck</name>
         <value>0x9410</value>
         <object_component_ref idref="oc-8a"/>
      </symbol>
      <symbol id="sm-a35">
         <name>enableParity</name>
         <value>0xaad0</value>
         <object_component_ref idref="oc-8a"/>
      </symbol>
      <symbol id="sm-a36">
         <name>dmaParityCheck</name>
         <value>0x8eac</value>
         <object_component_ref idref="oc-8a"/>
      </symbol>
      <symbol id="sm-a37">
         <name>custom_dabort</name>
         <value>0x8df4</value>
         <object_component_ref idref="oc-8a"/>
      </symbol>
      <symbol id="sm-a38">
         <name>memoryInit</name>
         <value>0x8174</value>
         <object_component_ref idref="oc-8a"/>
      </symbol>
      <symbol id="sm-a39">
         <name>stcSelfCheck</name>
         <value>0x81b8</value>
         <object_component_ref idref="oc-8a"/>
      </symbol>
      <symbol id="sm-a3a">
         <name>efcGetConfigValue</name>
         <value>0xa660</value>
         <object_component_ref idref="oc-8a"/>
      </symbol>
      <symbol id="sm-a3b">
         <name>can2ParityCheck</name>
         <value>0x94e8</value>
         <object_component_ref idref="oc-8a"/>
      </symbol>
      <symbol id="sm-a3c">
         <name>het1ParityCheck</name>
         <value>0x8f58</value>
         <object_component_ref idref="oc-8a"/>
      </symbol>
      <symbol id="sm-a3d">
         <name>adc1ParityCheck</name>
         <value>0x926c</value>
         <object_component_ref idref="oc-8a"/>
      </symbol>
      <symbol id="sm-a3e">
         <name>checkefcSelfTest</name>
         <value>0x87bc</value>
         <object_component_ref idref="oc-8a"/>
      </symbol>
      <symbol id="sm-a3f">
         <name>checkRAMECC</name>
         <value>0x99d0</value>
         <object_component_ref idref="oc-8a"/>
      </symbol>
      <symbol id="sm-a40">
         <name>stcSelfCheckFail</name>
         <value>0x8df8</value>
         <object_component_ref idref="oc-8a"/>
      </symbol>
      <symbol id="sm-a41">
         <name>ccmSelfCheck</name>
         <value>0x8030</value>
         <object_component_ref idref="oc-8a"/>
      </symbol>
      <symbol id="sm-a42">
         <name>efcCheck</name>
         <value>0x8660</value>
         <object_component_ref idref="oc-8a"/>
      </symbol>
      <symbol id="sm-a43">
         <name>het2ParityCheck</name>
         <value>0x90c0</value>
         <object_component_ref idref="oc-8a"/>
      </symbol>
      <symbol id="sm-a44">
         <name>adc2ParityCheck</name>
         <value>0x9358</value>
         <object_component_ref idref="oc-8a"/>
      </symbol>
      <symbol id="sm-a45">
         <name>cpuSelfTest</name>
         <value>0x8234</value>
         <object_component_ref idref="oc-8a"/>
      </symbol>
      <symbol id="sm-a46">
         <name>htu1ParityCheck</name>
         <value>0x9004</value>
         <object_component_ref idref="oc-8a"/>
      </symbol>
      <symbol id="sm-a47">
         <name>checkFlashECC</name>
         <value>0x8d18</value>
         <object_component_ref idref="oc-8a"/>
      </symbol>
      <symbol id="sm-a48">
         <name>cpuSelfTestFail</name>
         <value>0x8dfc</value>
         <object_component_ref idref="oc-8a"/>
      </symbol>
      <symbol id="sm-a49">
         <name>checkPLL1Slip</name>
         <value>0x9e8c</value>
         <object_component_ref idref="oc-8a"/>
      </symbol>
      <symbol id="sm-a4a">
         <name>mibspi1ParityCheck</name>
         <value>0x9684</value>
         <object_component_ref idref="oc-8a"/>
      </symbol>
      <symbol id="sm-a4b">
         <name>ccmr4GetConfigValue</name>
         <value>0xa6fc</value>
         <object_component_ref idref="oc-8a"/>
      </symbol>
      <symbol id="sm-a4c">
         <name>htu2ParityCheck</name>
         <value>0x91bc</value>
         <object_component_ref idref="oc-8a"/>
      </symbol>
      <symbol id="sm-a4d">
         <name>pbistPortTestStatus</name>
         <value>0x8608</value>
         <object_component_ref idref="oc-8a"/>
      </symbol>
      <symbol id="sm-a4e">
         <name>checkFlashEEPROMECC</name>
         <value>0x9cf4</value>
         <object_component_ref idref="oc-8a"/>
      </symbol>
      <symbol id="sm-a4f">
         <name>pbistGetConfigValue</name>
         <value>0xa470</value>
         <object_component_ref idref="oc-8a"/>
      </symbol>
      <symbol id="sm-a50">
         <name>vimParityCheck</name>
         <value>0x8e00</value>
         <object_component_ref idref="oc-8a"/>
      </symbol>
      <symbol id="sm-a51">
         <name>pbistIsTestCompleted</name>
         <value>0x85a8</value>
         <object_component_ref idref="oc-8a"/>
      </symbol>
      <symbol id="sm-a52">
         <name>disableParity</name>
         <value>0xab58</value>
         <object_component_ref idref="oc-8a"/>
      </symbol>
      <symbol id="sm-a53">
         <name>pbistRun</name>
         <value>0x84ac</value>
         <object_component_ref idref="oc-8a"/>
      </symbol>
      <symbol id="sm-a54">
         <name>pbistFail</name>
         <value>0xa3ec</value>
         <object_component_ref idref="oc-8a"/>
      </symbol>
      <symbol id="sm-a55">
         <name>selftestFailNotification</name>
         <value>0x8020</value>
         <object_component_ref idref="oc-8a"/>
      </symbol>
      <symbol id="sm-a56">
         <name>errata_PBIST_4</name>
         <value>0xa76c</value>
         <object_component_ref idref="oc-8a"/>
      </symbol>
      <symbol id="sm-a57">
         <name>mibspi3ParityCheck</name>
         <value>0x978c</value>
         <object_component_ref idref="oc-8a"/>
      </symbol>
      <symbol id="sm-a58">
         <name>efcSelfTest</name>
         <value>0x8794</value>
         <object_component_ref idref="oc-8a"/>
      </symbol>
      <symbol id="sm-a59">
         <name>checkB1RAMECC</name>
         <value>0x8b28</value>
         <object_component_ref idref="oc-8a"/>
      </symbol>
      <symbol id="sm-a5a">
         <name>pbistStop</name>
         <value>0x8578</value>
         <object_component_ref idref="oc-8a"/>
      </symbol>
      <symbol id="sm-a5b">
         <name>can3ParityCheck</name>
         <value>0x95b0</value>
         <object_component_ref idref="oc-8a"/>
      </symbol>
      <symbol id="sm-a5c">
         <name>checkRAMAddrParity</name>
         <value>0xa050</value>
         <object_component_ref idref="oc-8a"/>
      </symbol>
      <symbol id="sm-a5d">
         <name>mibspi5ParityCheck</name>
         <value>0x98b0</value>
         <object_component_ref idref="oc-8a"/>
      </symbol>
      <symbol id="sm-a5e">
         <name>checkB0RAMECC</name>
         <value>0x8938</value>
         <object_component_ref idref="oc-8a"/>
      </symbol>
      <symbol id="sm-a5f">
         <name>stcGetConfigValue</name>
         <value>0xa5bc</value>
         <object_component_ref idref="oc-8a"/>
      </symbol>
      <symbol id="sm-a60">
         <name>pbistIsTestPassed</name>
         <value>0x85d4</value>
         <object_component_ref idref="oc-8a"/>
      </symbol>
      <symbol id="sm-a61">
         <name>checkClockMonitor</name>
         <value>0x9c18</value>
         <object_component_ref idref="oc-8a"/>
      </symbol>
      <symbol id="sm-a62">
         <name>fmcECCcheck</name>
         <value>0x8898</value>
         <object_component_ref idref="oc-8a"/>
      </symbol>
      <symbol id="sm-a63">
         <name>fmcBus2Check</name>
         <value>0x885c</value>
         <object_component_ref idref="oc-8a"/>
      </symbol>
      <symbol id="sm-a64">
         <name>checkRAMUERRTest</name>
         <value>0xa15c</value>
         <object_component_ref idref="oc-8a"/>
      </symbol>
      <symbol id="sm-a65">
         <name>efcStuckZeroTest</name>
         <value>0x86e8</value>
         <object_component_ref idref="oc-8a"/>
      </symbol>
      <symbol id="sm-a66">
         <name>checkPLL2Slip</name>
         <value>0x9f8c</value>
         <object_component_ref idref="oc-8a"/>
      </symbol>
      <symbol id="sm-a98">
         <name>_c_int00</name>
         <value>0x10350</value>
         <object_component_ref idref="oc-1e"/>
      </symbol>
      <symbol id="sm-a99">
         <name>handlePLLLockFail</name>
         <value>0x11b24</value>
         <object_component_ref idref="oc-7e"/>
      </symbol>
      <symbol id="sm-b49">
         <name>vimChannelMap</name>
         <value>0xb934</value>
         <object_component_ref idref="oc-45"/>
      </symbol>
      <symbol id="sm-b4a">
         <name>vimInit</name>
         <value>0xb860</value>
         <object_component_ref idref="oc-45"/>
      </symbol>
      <symbol id="sm-b4b">
         <name>vimEnableInterrupt</name>
         <value>0xb9d8</value>
         <object_component_ref idref="oc-45"/>
      </symbol>
      <symbol id="sm-b4c">
         <name>vimDisableInterrupt</name>
         <value>0xbba0</value>
         <object_component_ref idref="oc-45"/>
      </symbol>
      <symbol id="sm-b4d">
         <name>vimGetConfigValue</name>
         <value>0xbc4c</value>
         <object_component_ref idref="oc-45"/>
      </symbol>
      <symbol id="sm-b4e">
         <name>vimParityErrorHandler</name>
         <value>0x10084</value>
         <object_component_ref idref="oc-44"/>
      </symbol>
      <symbol id="sm-ba9">
         <name>systemGetConfigValue</name>
         <value>0xb088</value>
         <object_component_ref idref="oc-84"/>
      </symbol>
      <symbol id="sm-baa">
         <name>trimLPO</name>
         <value>0xad5c</value>
         <object_component_ref idref="oc-84"/>
      </symbol>
      <symbol id="sm-bab">
         <name>systemInit</name>
         <value>0xaf8c</value>
         <object_component_ref idref="oc-84"/>
      </symbol>
      <symbol id="sm-bac">
         <name>customTrimLPO</name>
         <value>0xb784</value>
         <object_component_ref idref="oc-84"/>
      </symbol>
      <symbol id="sm-bad">
         <name>tcmflashGetConfigValue</name>
         <value>0xb49c</value>
         <object_component_ref idref="oc-84"/>
      </symbol>
      <symbol id="sm-bae">
         <name>sramGetConfigValue</name>
         <value>0xb648</value>
         <object_component_ref idref="oc-84"/>
      </symbol>
      <symbol id="sm-baf">
         <name>periphInit</name>
         <value>0xae10</value>
         <object_component_ref idref="oc-84"/>
      </symbol>
      <symbol id="sm-bb0">
         <name>setupFlash</name>
         <value>0xadd0</value>
         <object_component_ref idref="oc-84"/>
      </symbol>
      <symbol id="sm-bb1">
         <name>setupPLL</name>
         <value>0xacfc</value>
         <object_component_ref idref="oc-84"/>
      </symbol>
      <symbol id="sm-bb2">
         <name>mapClocks</name>
         <value>0xae64</value>
         <object_component_ref idref="oc-84"/>
      </symbol>
      <symbol id="sm-bb3">
         <name>systemPowerDown</name>
         <value>0xb058</value>
         <object_component_ref idref="oc-84"/>
      </symbol>
      <symbol id="sm-bcc">
         <name>rxData</name>
         <value>0x80030d4</value>
      </symbol>
      <symbol id="sm-bcd">
         <name>sciNotification</name>
         <value>0x11210</value>
         <object_component_ref idref="oc-b4"/>
      </symbol>
      <symbol id="sm-bf6">
         <name>AE_orkaMain</name>
         <value>0x10e3c</value>
         <object_component_ref idref="oc-13f"/>
      </symbol>
      <symbol id="sm-c05">
         <name>task_100ms</name>
         <value>0x80030cc</value>
      </symbol>
      <symbol id="sm-c06">
         <name>AE_task100ms</name>
         <value>0x11ae0</value>
         <object_component_ref idref="oc-238"/>
      </symbol>
      <symbol id="sm-c22">
         <name>task_10ms</name>
         <value>0x80030d0</value>
      </symbol>
      <symbol id="sm-c23">
         <name>AE_task10ms</name>
         <value>0x118c8</value>
         <object_component_ref idref="oc-22f"/>
      </symbol>
      <symbol id="sm-c24">
         <name>counterOf10msTask</name>
         <value>0x80030f0</value>
         <object_component_ref idref="oc-31f"/>
      </symbol>
      <symbol id="sm-c5e">
         <name>AE_tableFindByVoltage</name>
         <value>0xecd0</value>
         <object_component_ref idref="oc-2fb"/>
      </symbol>
      <symbol id="sm-c5f">
         <name>AE_tableFindByCapacity</name>
         <value>0xed30</value>
         <object_component_ref idref="oc-2fb"/>
      </symbol>
      <symbol id="sm-c76">
         <name>moliceDischargeTable</name>
         <value>0x11b28</value>
         <object_component_ref idref="oc-39b"/>
      </symbol>
      <symbol id="sm-c77">
         <name>molicelIdleChargeTable</name>
         <value>0x12e18</value>
         <object_component_ref idref="oc-398"/>
      </symbol>
      <symbol id="sm-c78">
         <name>molicelChargeTable</name>
         <value>0x124a0</value>
         <object_component_ref idref="oc-304"/>
      </symbol>
      <symbol id="sm-c90">
         <name>crcBuffer</name>
         <value>0x8003000</value>
      </symbol>
      <symbol id="sm-c91">
         <name>AE_circularBufferParse</name>
         <value>0x116b0</value>
         <object_component_ref idref="oc-1a0"/>
      </symbol>
      <symbol id="sm-d00">
         <name>batSox</name>
         <value>0x80030a0</value>
      </symbol>
      <symbol id="sm-d01">
         <name>AE_readBatSoxDatasFromEeprom</name>
         <value>0xcbd0</value>
         <object_component_ref idref="oc-226"/>
      </symbol>
      <symbol id="sm-d02">
         <name>AE_soxInit</name>
         <value>0xc2b8</value>
         <object_component_ref idref="oc-226"/>
      </symbol>
      <symbol id="sm-d03">
         <name>AE_soxCalculate_UML</name>
         <value>0xc3c8</value>
         <object_component_ref idref="oc-226"/>
      </symbol>
      <symbol id="sm-d04">
         <name>AE_dodCalibrate</name>
         <value>0xca6c</value>
         <object_component_ref idref="oc-226"/>
      </symbol>
      <symbol id="sm-d2a">
         <name>floorl</name>
         <value>0x114f1</value>
         <object_component_ref idref="oc-2a1"/>
      </symbol>
      <symbol id="sm-d2b">
         <name>floor</name>
         <value>0x114f1</value>
         <object_component_ref idref="oc-2a1"/>
      </symbol>
      <symbol id="sm-d46">
         <name>memcpy</name>
         <value>0x1182d</value>
         <object_component_ref idref="oc-5b"/>
      </symbol>
      <symbol id="sm-d47">
         <name>__aeabi_memcpy</name>
         <value>0x1182d</value>
         <object_component_ref idref="oc-5b"/>
      </symbol>
      <symbol id="sm-d48">
         <name>__aeabi_memcpy8</name>
         <value>0x1182d</value>
         <object_component_ref idref="oc-5b"/>
      </symbol>
      <symbol id="sm-d49">
         <name>__aeabi_memcpy4</name>
         <value>0x1182d</value>
         <object_component_ref idref="oc-5b"/>
      </symbol>
      <symbol id="sm-d55">
         <name>__aeabi_idivmod</name>
         <value>0x11a30</value>
         <object_component_ref idref="oc-19b"/>
      </symbol>
      <symbol id="sm-d56">
         <name>__aeabi_idiv</name>
         <value>0x11a30</value>
         <object_component_ref idref="oc-19b"/>
      </symbol>
      <symbol id="sm-d66">
         <name>__aeabi_memset</name>
         <value>0x1194b</value>
         <object_component_ref idref="oc-eb"/>
      </symbol>
      <symbol id="sm-d67">
         <name>memset</name>
         <value>0x11951</value>
         <object_component_ref idref="oc-eb"/>
      </symbol>
      <symbol id="sm-d68">
         <name>__aeabi_memset8</name>
         <value>0x1194b</value>
         <object_component_ref idref="oc-eb"/>
      </symbol>
      <symbol id="sm-d69">
         <name>__aeabi_memset4</name>
         <value>0x1194b</value>
         <object_component_ref idref="oc-eb"/>
      </symbol>
      <symbol id="sm-d6a">
         <name>__aeabi_memclr8</name>
         <value>0x11949</value>
         <object_component_ref idref="oc-eb"/>
      </symbol>
      <symbol id="sm-d6b">
         <name>__aeabi_memclr4</name>
         <value>0x11949</value>
         <object_component_ref idref="oc-eb"/>
      </symbol>
      <symbol id="sm-d6c">
         <name>__aeabi_memclr</name>
         <value>0x11949</value>
         <object_component_ref idref="oc-eb"/>
      </symbol>
      <symbol id="sm-d94">
         <name>__TI_auto_init_nobinit_nopinit</name>
         <value>0x11a85</value>
         <object_component_ref idref="oc-10f"/>
      </symbol>
      <symbol id="sm-da7">
         <name>__TI_zero_init</name>
         <value>0x11b03</value>
         <object_component_ref idref="oc-6d"/>
      </symbol>
      <symbol id="sm-dbe">
         <name>__TI_decompress_none</name>
         <value>0x11af5</value>
         <object_component_ref idref="oc-17"/>
      </symbol>
      <symbol id="sm-de1">
         <name>__TI_decompress_lzss</name>
         <value>0x119c3</value>
         <object_component_ref idref="oc-11"/>
      </symbol>
      <symbol id="sm-dec">
         <name>C$$EXIT</name>
         <value>0x11b1d</value>
         <object_component_ref idref="oc-146"/>
      </symbol>
      <symbol id="sm-ded">
         <name>abort</name>
         <value>0x11b1d</value>
         <object_component_ref idref="oc-146"/>
      </symbol>
      <symbol id="sm-dfc">
         <name>strlen</name>
         <value>0x11ac9</value>
         <object_component_ref idref="oc-28a"/>
      </symbol>
      <symbol id="sm-e06">
         <name>__aeabi_idiv0</name>
         <value>0x11a2f</value>
         <object_component_ref idref="oc-2a8"/>
      </symbol>
      <symbol id="sm-e07">
         <name>__aeabi_ldiv0</name>
         <value>0x11a2f</value>
         <object_component_ref idref="oc-2a8"/>
      </symbol>
      <symbol id="sm-e08">
         <name>__TI_static_base__</name>
         <value>0x0</value>
      </symbol>
      <symbol id="sm-e0c">
         <name>SHT$$INIT_ARRAY$$Base</name>
         <value>0x0</value>
      </symbol>
      <symbol id="sm-e0d">
         <name>SHT$$INIT_ARRAY$$Limit</name>
         <value>0x0</value>
      </symbol>
      <symbol id="sm-e0e">
         <name>_system_post_cinit</name>
         <value>0x0</value>
      </symbol>
   </symbol_table>
   <title>Link successful</title>
</link_info>
