<?xml version="1.0" encoding="ISO-8859-1" ?>
<link_info>
   <banner>TI ARM Linker PC v20.2.5.LTS</banner>
   <copyright>Copyright (c) 1996-2018 Texas Instruments Incorporated</copyright>
   <link_time>0x664c3c5b</link_time>
   <link_errors>0x0</link_errors>
   <output_file>013_soc_soh.out</output_file>
   <entry_point>
      <name>_c_int00</name>
      <address>0x13dd0</address>
   </entry_point>
   <input_file_list>
      <input_file id="fl-2">
         <path>.\013_soc_soh\source\</path>
         <kind>object</kind>
         <file>dabort.obj</file>
         <name>dabort.obj</name>
      </input_file>
      <input_file id="fl-3">
         <path>.\013_soc_soh\source\</path>
         <kind>object</kind>
         <file>errata_SSWF021_45.obj</file>
         <name>errata_SSWF021_45.obj</name>
      </input_file>
      <input_file id="fl-4">
         <path>.\013_soc_soh\source\</path>
         <kind>object</kind>
         <file>esm.obj</file>
         <name>esm.obj</name>
      </input_file>
      <input_file id="fl-5">
         <path>.\013_soc_soh\source\</path>
         <kind>object</kind>
         <file>het.obj</file>
         <name>het.obj</name>
      </input_file>
      <input_file id="fl-6">
         <path>.\013_soc_soh\source\</path>
         <kind>object</kind>
         <file>notification.obj</file>
         <name>notification.obj</name>
      </input_file>
      <input_file id="fl-7">
         <path>.\013_soc_soh\source\</path>
         <kind>object</kind>
         <file>os_croutine.obj</file>
         <name>os_croutine.obj</name>
      </input_file>
      <input_file id="fl-8">
         <path>.\013_soc_soh\source\</path>
         <kind>object</kind>
         <file>os_event_groups.obj</file>
         <name>os_event_groups.obj</name>
      </input_file>
      <input_file id="fl-9">
         <path>.\013_soc_soh\source\</path>
         <kind>object</kind>
         <file>os_heap.obj</file>
         <name>os_heap.obj</name>
      </input_file>
      <input_file id="fl-a">
         <path>.\013_soc_soh\source\</path>
         <kind>object</kind>
         <file>os_list.obj</file>
         <name>os_list.obj</name>
      </input_file>
      <input_file id="fl-b">
         <path>.\013_soc_soh\source\</path>
         <kind>object</kind>
         <file>os_mpu_wrappers.obj</file>
         <name>os_mpu_wrappers.obj</name>
      </input_file>
      <input_file id="fl-c">
         <path>.\013_soc_soh\source\</path>
         <kind>object</kind>
         <file>os_port.obj</file>
         <name>os_port.obj</name>
      </input_file>
      <input_file id="fl-d">
         <path>.\013_soc_soh\source\</path>
         <kind>object</kind>
         <file>os_portasm.obj</file>
         <name>os_portasm.obj</name>
      </input_file>
      <input_file id="fl-e">
         <path>.\013_soc_soh\source\</path>
         <kind>object</kind>
         <file>os_queue.obj</file>
         <name>os_queue.obj</name>
      </input_file>
      <input_file id="fl-f">
         <path>.\013_soc_soh\source\</path>
         <kind>object</kind>
         <file>os_tasks.obj</file>
         <name>os_tasks.obj</name>
      </input_file>
      <input_file id="fl-10">
         <path>.\013_soc_soh\source\</path>
         <kind>object</kind>
         <file>os_timer.obj</file>
         <name>os_timer.obj</name>
      </input_file>
      <input_file id="fl-11">
         <path>.\013_soc_soh\source\</path>
         <kind>object</kind>
         <file>pinmux.obj</file>
         <name>pinmux.obj</name>
      </input_file>
      <input_file id="fl-12">
         <path>.\013_soc_soh\source\</path>
         <kind>object</kind>
         <file>sci.obj</file>
         <name>sci.obj</name>
      </input_file>
      <input_file id="fl-13">
         <path>.\013_soc_soh\source\</path>
         <kind>object</kind>
         <file>spi.obj</file>
         <name>spi.obj</name>
      </input_file>
      <input_file id="fl-14">
         <path>.\013_soc_soh\source\</path>
         <kind>object</kind>
         <file>sys_core.obj</file>
         <name>sys_core.obj</name>
      </input_file>
      <input_file id="fl-15">
         <path>.\013_soc_soh\source\</path>
         <kind>object</kind>
         <file>sys_dma.obj</file>
         <name>sys_dma.obj</name>
      </input_file>
      <input_file id="fl-16">
         <path>.\013_soc_soh\source\</path>
         <kind>object</kind>
         <file>sys_intvecs.obj</file>
         <name>sys_intvecs.obj</name>
      </input_file>
      <input_file id="fl-17">
         <path>.\013_soc_soh\source\</path>
         <kind>object</kind>
         <file>sys_main.obj</file>
         <name>sys_main.obj</name>
      </input_file>
      <input_file id="fl-18">
         <path>.\013_soc_soh\source\</path>
         <kind>object</kind>
         <file>sys_mpu.obj</file>
         <name>sys_mpu.obj</name>
      </input_file>
      <input_file id="fl-19">
         <path>.\013_soc_soh\source\</path>
         <kind>object</kind>
         <file>sys_pcr.obj</file>
         <name>sys_pcr.obj</name>
      </input_file>
      <input_file id="fl-1a">
         <path>.\013_soc_soh\source\</path>
         <kind>object</kind>
         <file>sys_phantom.obj</file>
         <name>sys_phantom.obj</name>
      </input_file>
      <input_file id="fl-1b">
         <path>.\013_soc_soh\source\</path>
         <kind>object</kind>
         <file>sys_pmm.obj</file>
         <name>sys_pmm.obj</name>
      </input_file>
      <input_file id="fl-1c">
         <path>.\013_soc_soh\source\</path>
         <kind>object</kind>
         <file>sys_pmu.obj</file>
         <name>sys_pmu.obj</name>
      </input_file>
      <input_file id="fl-1d">
         <path>.\013_soc_soh\source\</path>
         <kind>object</kind>
         <file>sys_selftest.obj</file>
         <name>sys_selftest.obj</name>
      </input_file>
      <input_file id="fl-1e">
         <path>.\013_soc_soh\source\</path>
         <kind>object</kind>
         <file>sys_startup.obj</file>
         <name>sys_startup.obj</name>
      </input_file>
      <input_file id="fl-1f">
         <path>.\013_soc_soh\source\</path>
         <kind>object</kind>
         <file>sys_vim.obj</file>
         <name>sys_vim.obj</name>
      </input_file>
      <input_file id="fl-20">
         <path>.\013_soc_soh\source\</path>
         <kind>object</kind>
         <file>system.obj</file>
         <name>system.obj</name>
      </input_file>
      <input_file id="fl-21">
         <path>.\Drivers\Circular Buffer\</path>
         <kind>object</kind>
         <file>circularBuffer.obj</file>
         <name>circularBuffer.obj</name>
      </input_file>
      <input_file id="fl-22">
         <path>.\Drivers\SOC SOH\soc\</path>
         <kind>object</kind>
         <file>soc.obj</file>
         <name>soc.obj</name>
      </input_file>
      <input_file id="fl-23">
         <path>.\Drivers\ltc681x\crc\</path>
         <kind>object</kind>
         <file>crc15.obj</file>
         <name>crc15.obj</name>
      </input_file>
      <input_file id="fl-24">
         <path>.\Drivers\ltc681x\ltc\</path>
         <kind>object</kind>
         <file>ltc6812.obj</file>
         <name>ltc6812.obj</name>
      </input_file>
      <input_file id="fl-25">
         <path>.\Drivers\ltc681x\temperature\</path>
         <kind>object</kind>
         <file>temperature.obj</file>
         <name>temperature.obj</name>
      </input_file>
      <input_file id="fl-29">
         <kind>object</kind>
         <file>&lt;internal&gt;</file>
         <name>&lt;internal&gt;</name>
      </input_file>
      <input_file id="fl-2a">
         <path>C:\ti\ccs1120\ccs\tools\compiler\ti-cgt-arm_20.2.5.LTS\lib\</path>
         <kind>archive</kind>
         <file>rtsv7R4_T_be_v3D16_eabi.lib</file>
         <name>s_floor.c.obj</name>
      </input_file>
      <input_file id="fl-2b">
         <path>C:\ti\ccs1120\ccs\tools\compiler\ti-cgt-arm_20.2.5.LTS\lib\</path>
         <kind>archive</kind>
         <file>rtsv7R4_T_be_v3D16_eabi.lib</file>
         <name>e_logf.c.obj</name>
      </input_file>
      <input_file id="fl-2c">
         <path>C:\ti\ccs1120\ccs\tools\compiler\ti-cgt-arm_20.2.5.LTS\lib\</path>
         <kind>archive</kind>
         <file>rtsv7R4_T_be_v3D16_eabi.lib</file>
         <name>memcpy_t2.asm.obj</name>
      </input_file>
      <input_file id="fl-2d">
         <path>C:\ti\ccs1120\ccs\tools\compiler\ti-cgt-arm_20.2.5.LTS\lib\</path>
         <kind>archive</kind>
         <file>rtsv7R4_T_be_v3D16_eabi.lib</file>
         <name>i_div32.asm.obj</name>
      </input_file>
      <input_file id="fl-2e">
         <path>C:\ti\ccs1120\ccs\tools\compiler\ti-cgt-arm_20.2.5.LTS\lib\</path>
         <kind>archive</kind>
         <file>rtsv7R4_T_be_v3D16_eabi.lib</file>
         <name>u_div32.asm.obj</name>
      </input_file>
      <input_file id="fl-2f">
         <path>C:\ti\ccs1120\ccs\tools\compiler\ti-cgt-arm_20.2.5.LTS\lib\</path>
         <kind>archive</kind>
         <file>rtsv7R4_T_be_v3D16_eabi.lib</file>
         <name>memset_t2.asm.obj</name>
      </input_file>
      <input_file id="fl-30">
         <path>C:\ti\ccs1120\ccs\tools\compiler\ti-cgt-arm_20.2.5.LTS\lib\</path>
         <kind>archive</kind>
         <file>rtsv7R4_T_be_v3D16_eabi.lib</file>
         <name>autoinit.c.obj</name>
      </input_file>
      <input_file id="fl-31">
         <path>C:\ti\ccs1120\ccs\tools\compiler\ti-cgt-arm_20.2.5.LTS\lib\</path>
         <kind>archive</kind>
         <file>rtsv7R4_T_be_v3D16_eabi.lib</file>
         <name>cpy_tbl.c.obj</name>
      </input_file>
      <input_file id="fl-32">
         <path>C:\ti\ccs1120\ccs\tools\compiler\ti-cgt-arm_20.2.5.LTS\lib\</path>
         <kind>archive</kind>
         <file>rtsv7R4_T_be_v3D16_eabi.lib</file>
         <name>copy_zero_init.c.obj</name>
      </input_file>
      <input_file id="fl-33">
         <path>C:\ti\ccs1120\ccs\tools\compiler\ti-cgt-arm_20.2.5.LTS\lib\</path>
         <kind>archive</kind>
         <file>rtsv7R4_T_be_v3D16_eabi.lib</file>
         <name>copy_decompress_none.c.obj</name>
      </input_file>
      <input_file id="fl-34">
         <path>C:\ti\ccs1120\ccs\tools\compiler\ti-cgt-arm_20.2.5.LTS\lib\</path>
         <kind>archive</kind>
         <file>rtsv7R4_T_be_v3D16_eabi.lib</file>
         <name>copy_decompress_lzss.c.obj</name>
      </input_file>
      <input_file id="fl-35">
         <path>C:\ti\ccs1120\ccs\tools\compiler\ti-cgt-arm_20.2.5.LTS\lib\</path>
         <kind>archive</kind>
         <file>rtsv7R4_T_be_v3D16_eabi.lib</file>
         <name>exit.c.obj</name>
      </input_file>
      <input_file id="fl-36">
         <path>C:\ti\ccs1120\ccs\tools\compiler\ti-cgt-arm_20.2.5.LTS\lib\</path>
         <kind>archive</kind>
         <file>rtsv7R4_T_be_v3D16_eabi.lib</file>
         <name>_lock.c.obj</name>
      </input_file>
      <input_file id="fl-37">
         <path>C:\ti\ccs1120\ccs\tools\compiler\ti-cgt-arm_20.2.5.LTS\lib\</path>
         <kind>archive</kind>
         <file>rtsv7R4_T_be_v3D16_eabi.lib</file>
         <name>strlen.c.obj</name>
      </input_file>
      <input_file id="fl-38">
         <path>C:\ti\ccs1120\ccs\tools\compiler\ti-cgt-arm_20.2.5.LTS\lib\</path>
         <kind>archive</kind>
         <file>rtsv7R4_T_be_v3D16_eabi.lib</file>
         <name>errno.c.obj</name>
      </input_file>
      <input_file id="fl-39">
         <path>C:\ti\ccs1120\ccs\tools\compiler\ti-cgt-arm_20.2.5.LTS\lib\</path>
         <kind>archive</kind>
         <file>rtsv7R4_T_be_v3D16_eabi.lib</file>
         <name>div0.asm.obj</name>
      </input_file>
   </input_file_list>
   <object_component_list>
      <object_component id="oc-39">
         <name>.intvecs</name>
         <load_address>0x0</load_address>
         <run_address>0x0</run_address>
         <size>0x20</size>
         <input_file_ref idref="fl-16"/>
      </object_component>
      <object_component id="oc-151">
         <name>.kernelTEXT</name>
         <load_address>0x20</load_address>
         <run_address>0x20</run_address>
         <size>0x2bb8</size>
         <input_file_ref idref="fl-f"/>
      </object_component>
      <object_component id="oc-2b0">
         <name>.kernelTEXT</name>
         <load_address>0x2bd8</load_address>
         <run_address>0x2bd8</run_address>
         <size>0x11d4</size>
         <input_file_ref idref="fl-e"/>
      </object_component>
      <object_component id="oc-2b6">
         <name>.kernelTEXT</name>
         <load_address>0x3dac</load_address>
         <run_address>0x3dac</run_address>
         <size>0x818</size>
         <input_file_ref idref="fl-8"/>
      </object_component>
      <object_component id="oc-ab">
         <name>.kernelTEXT</name>
         <load_address>0x45c4</load_address>
         <run_address>0x45c4</run_address>
         <size>0x4b0</size>
         <input_file_ref idref="fl-d"/>
      </object_component>
      <object_component id="oc-2de">
         <name>.kernelTEXT</name>
         <load_address>0x4a74</load_address>
         <run_address>0x4a74</run_address>
         <size>0x3e0</size>
         <input_file_ref idref="fl-c"/>
      </object_component>
      <object_component id="oc-2d2">
         <name>.kernelTEXT</name>
         <load_address>0x4e54</load_address>
         <run_address>0x4e54</run_address>
         <size>0x37c</size>
         <input_file_ref idref="fl-9"/>
      </object_component>
      <object_component id="oc-4aa">
         <name>.cinit..data.load</name>
         <load_address>0x51d0</load_address>
         <run_address>0x51d0</run_address>
         <size>0xbc</size>
      </object_component>
      <object_component id="oc-4a5">
         <name>__TI_handler_table</name>
         <load_address>0x528c</load_address>
         <run_address>0x528c</run_address>
         <size>0xc</size>
      </object_component>
      <object_component id="oc-4a7">
         <name>.cinit..kernelBSS.load</name>
         <load_address>0x5298</load_address>
         <run_address>0x5298</run_address>
         <size>0x9</size>
      </object_component>
      <object_component id="oc-4a9">
         <name>.cinit..bss.load</name>
         <load_address>0x52a8</load_address>
         <run_address>0x52a8</run_address>
         <size>0x8</size>
      </object_component>
      <object_component id="oc-4a8">
         <name>.cinit..kernelHEAP.load</name>
         <load_address>0x52b0</load_address>
         <run_address>0x52b0</run_address>
         <size>0x8</size>
      </object_component>
      <object_component id="oc-4a6">
         <name>__TI_cinit_table</name>
         <load_address>0x52b8</load_address>
         <run_address>0x52b8</run_address>
         <size>0x20</size>
      </object_component>
      <object_component id="oc-b3">
         <name>.text</name>
         <load_address>0x8020</load_address>
         <run_address>0x8020</run_address>
         <size>0x370c</size>
         <input_file_ref idref="fl-24"/>
      </object_component>
      <object_component id="oc-8a">
         <name>.text</name>
         <load_address>0xb72c</load_address>
         <run_address>0xb72c</run_address>
         <size>0x2cdc</size>
         <input_file_ref idref="fl-1d"/>
      </object_component>
      <object_component id="oc-1bc">
         <name>.text</name>
         <load_address>0xe408</load_address>
         <run_address>0xe408</run_address>
         <size>0xee0</size>
         <input_file_ref idref="fl-13"/>
      </object_component>
      <object_component id="oc-84">
         <name>.text</name>
         <load_address>0xf2e8</load_address>
         <run_address>0xf2e8</run_address>
         <size>0xb64</size>
         <input_file_ref idref="fl-20"/>
      </object_component>
      <object_component id="oc-46">
         <name>.text</name>
         <load_address>0xfe4c</load_address>
         <run_address>0xfe4c</run_address>
         <size>0xa58</size>
         <input_file_ref idref="fl-1f"/>
      </object_component>
      <object_component id="oc-14b">
         <name>.text</name>
         <load_address>0x108a4</load_address>
         <run_address>0x108a4</run_address>
         <size>0x9a0</size>
         <input_file_ref idref="fl-b"/>
      </object_component>
      <object_component id="oc-1c8">
         <name>.text</name>
         <load_address>0x11244</load_address>
         <run_address>0x11244</run_address>
         <size>0x8f0</size>
         <input_file_ref idref="fl-5"/>
      </object_component>
      <object_component id="oc-f9">
         <name>.text</name>
         <load_address>0x11b34</load_address>
         <run_address>0x11b34</run_address>
         <size>0x8ac</size>
         <input_file_ref idref="fl-11"/>
      </object_component>
      <object_component id="oc-13f">
         <name>.text</name>
         <load_address>0x123e0</load_address>
         <run_address>0x123e0</run_address>
         <size>0x7b8</size>
         <input_file_ref idref="fl-12"/>
      </object_component>
      <object_component id="oc-78">
         <name>.text</name>
         <load_address>0x12b98</load_address>
         <run_address>0x12b98</run_address>
         <size>0x664</size>
         <input_file_ref idref="fl-3"/>
      </object_component>
      <object_component id="oc-90">
         <name>.text</name>
         <load_address>0x131fc</load_address>
         <run_address>0x131fc</run_address>
         <size>0x5bc</size>
         <input_file_ref idref="fl-4"/>
      </object_component>
      <object_component id="oc-73">
         <name>.text</name>
         <load_address>0x137b8</load_address>
         <run_address>0x137b8</run_address>
         <size>0x34c</size>
         <input_file_ref idref="fl-14"/>
      </object_component>
      <object_component id="oc-44">
         <name>.text:retain</name>
         <load_address>0x13b04</load_address>
         <run_address>0x13b04</run_address>
         <size>0x2cc</size>
         <input_file_ref idref="fl-1f"/>
      </object_component>
      <object_component id="oc-1e">
         <name>.text:retain</name>
         <load_address>0x13dd0</load_address>
         <run_address>0x13dd0</run_address>
         <size>0x288</size>
         <input_file_ref idref="fl-1e"/>
      </object_component>
      <object_component id="oc-97">
         <name>.text</name>
         <load_address>0x14058</load_address>
         <run_address>0x14058</run_address>
         <size>0x280</size>
         <input_file_ref idref="fl-17"/>
      </object_component>
      <object_component id="oc-3d7">
         <name>.text</name>
         <load_address>0x142d8</load_address>
         <run_address>0x142d8</run_address>
         <size>0x278</size>
         <input_file_ref idref="fl-9"/>
      </object_component>
      <object_component id="oc-2d8">
         <name>.text</name>
         <load_address>0x14550</load_address>
         <run_address>0x14550</run_address>
         <size>0x238</size>
         <input_file_ref idref="fl-a"/>
      </object_component>
      <object_component id="oc-33">
         <name>.text:retain</name>
         <load_address>0x14788</load_address>
         <run_address>0x14788</run_address>
         <size>0x204</size>
         <input_file_ref idref="fl-12"/>
      </object_component>
      <object_component id="oc-38d">
         <name>.text:logf</name>
         <load_address>0x1498c</load_address>
         <run_address>0x1498c</run_address>
         <size>0x1e4</size>
         <input_file_ref idref="fl-2b"/>
      </object_component>
      <object_component id="oc-3e7">
         <name>.text</name>
         <load_address>0x14b70</load_address>
         <run_address>0x14b70</run_address>
         <size>0x1b0</size>
         <input_file_ref idref="fl-c"/>
      </object_component>
      <object_component id="oc-145">
         <name>.text</name>
         <load_address>0x14d20</load_address>
         <run_address>0x14d20</run_address>
         <size>0x174</size>
         <input_file_ref idref="fl-22"/>
      </object_component>
      <object_component id="oc-1c2">
         <name>.text</name>
         <load_address>0x14e94</load_address>
         <run_address>0x14e94</run_address>
         <size>0x160</size>
         <input_file_ref idref="fl-23"/>
      </object_component>
      <object_component id="oc-2aa">
         <name>.text</name>
         <load_address>0x14ff4</load_address>
         <run_address>0x14ff4</run_address>
         <size>0x158</size>
         <input_file_ref idref="fl-f"/>
      </object_component>
      <object_component id="oc-24">
         <name>.text:retain</name>
         <load_address>0x1514c</load_address>
         <run_address>0x1514c</run_address>
         <size>0x114</size>
         <input_file_ref idref="fl-4"/>
      </object_component>
      <object_component id="oc-225">
         <name>.text</name>
         <load_address>0x15260</load_address>
         <run_address>0x15260</run_address>
         <size>0x114</size>
         <input_file_ref idref="fl-25"/>
      </object_component>
      <object_component id="oc-be">
         <name>.text</name>
         <load_address>0x15374</load_address>
         <run_address>0x15374</run_address>
         <size>0xe8</size>
         <input_file_ref idref="fl-2"/>
      </object_component>
      <object_component id="oc-9f">
         <name>.text</name>
         <load_address>0x1545c</load_address>
         <run_address>0x1545c</run_address>
         <size>0xe4</size>
         <input_file_ref idref="fl-6"/>
      </object_component>
      <object_component id="oc-29f">
         <name>.text:floor</name>
         <load_address>0x15540</load_address>
         <run_address>0x15540</run_address>
         <size>0xe0</size>
         <input_file_ref idref="fl-2a"/>
      </object_component>
      <object_component id="oc-101">
         <name>.text</name>
         <load_address>0x15620</load_address>
         <run_address>0x15620</run_address>
         <size>0xe0</size>
         <input_file_ref idref="fl-1c"/>
      </object_component>
      <object_component id="oc-2d">
         <name>.text:retain</name>
         <load_address>0x15700</load_address>
         <run_address>0x15700</run_address>
         <size>0xb0</size>
         <input_file_ref idref="fl-5"/>
      </object_component>
      <object_component id="oc-15c">
         <name>.text</name>
         <load_address>0x157b0</load_address>
         <run_address>0x157b0</run_address>
         <size>0xa4</size>
         <input_file_ref idref="fl-21"/>
      </object_component>
      <object_component id="oc-5b">
         <name>.text</name>
         <load_address>0x15854</load_address>
         <run_address>0x15854</run_address>
         <size>0x9c</size>
         <input_file_ref idref="fl-2c"/>
      </object_component>
      <object_component id="oc-eb">
         <name>.text</name>
         <load_address>0x158f0</load_address>
         <run_address>0x158f0</run_address>
         <size>0x7a</size>
         <input_file_ref idref="fl-2f"/>
      </object_component>
      <object_component id="oc-11">
         <name>.text:decompress:lzss:__TI_decompress_lzss</name>
         <load_address>0x1596a</load_address>
         <run_address>0x1596a</run_address>
         <size>0x6c</size>
         <input_file_ref idref="fl-34"/>
      </object_component>
      <object_component id="oc-2ef">
         <name>.text</name>
         <load_address>0x159d6</load_address>
         <run_address>0x159d6</run_address>
         <size>0x2</size>
         <input_file_ref idref="fl-39"/>
      </object_component>
      <object_component id="oc-157">
         <name>.text</name>
         <load_address>0x159d8</load_address>
         <run_address>0x159d8</run_address>
         <size>0x54</size>
         <input_file_ref idref="fl-2d"/>
      </object_component>
      <object_component id="oc-33d">
         <name>.text</name>
         <load_address>0x15a2c</load_address>
         <run_address>0x15a2c</run_address>
         <size>0x50</size>
         <input_file_ref idref="fl-2e"/>
      </object_component>
      <object_component id="oc-10f">
         <name>.text:__TI_auto_init_nobinit_nopinit:__TI_auto_init_nobinit_nopinit</name>
         <load_address>0x15a7c</load_address>
         <run_address>0x15a7c</run_address>
         <size>0x44</size>
         <input_file_ref idref="fl-30"/>
      </object_component>
      <object_component id="oc-2e7">
         <name>.text:strlen</name>
         <load_address>0x15ac0</load_address>
         <run_address>0x15ac0</run_address>
         <size>0x16</size>
         <input_file_ref idref="fl-37"/>
      </object_component>
      <object_component id="oc-17">
         <name>.text:decompress:none:__TI_decompress_none</name>
         <load_address>0x15ad6</load_address>
         <run_address>0x15ad6</run_address>
         <size>0xe</size>
         <input_file_ref idref="fl-33"/>
      </object_component>
      <object_component id="oc-6d">
         <name>.text:decompress:ZI:__TI_zero_init</name>
         <load_address>0x15ae4</load_address>
         <run_address>0x15ae4</run_address>
         <size>0xc</size>
         <input_file_ref idref="fl-32"/>
      </object_component>
      <object_component id="oc-422">
         <name>.text:__aeabi_errno_addr</name>
         <load_address>0x15af0</load_address>
         <run_address>0x15af0</run_address>
         <size>0x8</size>
         <input_file_ref idref="fl-38"/>
      </object_component>
      <object_component id="oc-178">
         <name>.text:abort:abort</name>
         <load_address>0x15af8</load_address>
         <run_address>0x15af8</run_address>
         <size>0x4</size>
         <input_file_ref idref="fl-35"/>
      </object_component>
      <object_component id="oc-3e">
         <name>.text:retain</name>
         <load_address>0x15afc</load_address>
         <run_address>0x15afc</run_address>
         <size>0x4</size>
         <input_file_ref idref="fl-1a"/>
      </object_component>
      <object_component id="oc-7e">
         <name>.text</name>
         <load_address>0x15b00</load_address>
         <run_address>0x15b00</run_address>
         <size>0x4</size>
         <input_file_ref idref="fl-1e"/>
      </object_component>
      <object_component id="oc-342">
         <name>.const:het1PROGRAM</name>
         <load_address>0x15b04</load_address>
         <run_address>0x15b04</run_address>
         <size>0x3a0</size>
         <input_file_ref idref="fl-5"/>
      </object_component>
      <object_component id="oc-2a">
         <name>.const:s_vim_init</name>
         <load_address>0x15ea4</load_address>
         <run_address>0x15ea4</run_address>
         <size>0x200</size>
         <input_file_ref idref="fl-1f"/>
      </object_component>
      <object_component id="oc-345">
         <name>.const:s_het1pwmPolarity</name>
         <load_address>0x160a4</load_address>
         <run_address>0x160a4</run_address>
         <size>0x20</size>
         <input_file_ref idref="fl-5"/>
      </object_component>
      <object_component id="oc-18b">
         <name>.kernelBSS:init</name>
         <load_address>0x80008d0</load_address>
         <run_address>0x80008d0</run_address>
         <size>0x34</size>
         <input_file_ref idref="fl-f"/>
      </object_component>
      <object_component id="oc-2e4">
         <name>.kernelBSS:uninit</name>
         <load_address>0x8000800</load_address>
         <run_address>0x8000800</run_address>
         <size>0xd0</size>
         <input_file_ref idref="fl-f"/>
      </object_component>
      <object_component id="oc-456">
         <name>.kernelHEAP</name>
         <uninitialized>true</uninitialized>
         <run_address>0x8001000</run_address>
         <size>0x2000</size>
         <input_file_ref idref="fl-9"/>
      </object_component>
      <object_component id="oc-3e0">
         <name>.bss:xStart</name>
         <uninitialized>true</uninitialized>
         <run_address>0x80036d8</run_address>
         <size>0x8</size>
         <input_file_ref idref="fl-9"/>
      </object_component>
      <object_component id="oc-ba">
         <name>.bss:g_sciTransfer_t</name>
         <uninitialized>true</uninitialized>
         <run_address>0x8003678</run_address>
         <size>0x28</size>
         <input_file_ref idref="fl-12"/>
      </object_component>
      <object_component id="oc-32f">
         <name>.bss:g_spiPacket_t</name>
         <uninitialized>true</uninitialized>
         <run_address>0x8003600</run_address>
         <size>0x78</size>
         <input_file_ref idref="fl-13"/>
      </object_component>
      <object_component id="oc-1da">
         <name>.bss:txBuffer</name>
         <uninitialized>true</uninitialized>
         <run_address>0x8003200</run_address>
         <size>0x200</size>
         <input_file_ref idref="fl-24"/>
      </object_component>
      <object_component id="oc-1e0">
         <name>.bss:rxBuffer</name>
         <uninitialized>true</uninitialized>
         <run_address>0x8003000</run_address>
         <size>0x200</size>
         <input_file_ref idref="fl-24"/>
      </object_component>
      <object_component id="oc-1d1">
         <name>.bss</name>
         <uninitialized>true</uninitialized>
         <run_address>0x80036e0</run_address>
         <size>0x4</size>
         <input_file_ref idref="fl-24"/>
      </object_component>
      <object_component id="oc-162">
         <name>.common:rxData</name>
         <uninitialized>true</uninitialized>
         <run_address>0x8003700</run_address>
         <size>0x1</size>
      </object_component>
      <object_component id="oc-165">
         <name>.common:task_10ms</name>
         <uninitialized>true</uninitialized>
         <run_address>0x80036f8</run_address>
         <size>0x4</size>
      </object_component>
      <object_component id="oc-166">
         <name>.common:task_100ms</name>
         <uninitialized>true</uninitialized>
         <run_address>0x80036f4</run_address>
         <size>0x4</size>
      </object_component>
      <object_component id="oc-16a">
         <name>.common:itNumber</name>
         <uninitialized>true</uninitialized>
         <run_address>0x80036e4</run_address>
         <size>0x4</size>
      </object_component>
      <object_component id="oc-16b">
         <name>.common:packetNumber</name>
         <uninitialized>true</uninitialized>
         <run_address>0x80036ec</run_address>
         <size>0x4</size>
      </object_component>
      <object_component id="oc-16c">
         <name>.common:processNumber</name>
         <uninitialized>true</uninitialized>
         <run_address>0x80036f0</run_address>
         <size>0x4</size>
      </object_component>
      <object_component id="oc-167">
         <name>.common:crcBuffer</name>
         <uninitialized>true</uninitialized>
         <run_address>0x80036a0</run_address>
         <size>0x20</size>
      </object_component>
      <object_component id="oc-2a6">
         <name>.common:socState</name>
         <uninitialized>true</uninitialized>
         <run_address>0x80036c0</run_address>
         <size>0x18</size>
      </object_component>
      <object_component id="oc-339">
         <name>.common:pec15Table</name>
         <uninitialized>true</uninitialized>
         <run_address>0x8003400</run_address>
         <size>0x200</size>
      </object_component>
      <object_component id="oc-22b">
         <name>.common:uwTick</name>
         <uninitialized>true</uninitialized>
         <run_address>0x80036fc</run_address>
         <size>0x4</size>
      </object_component>
      <object_component id="oc-1ce">
         <name>.common:ltcSpi_ps</name>
         <uninitialized>true</uninitialized>
         <run_address>0x80036e8</run_address>
         <size>0x4</size>
      </object_component>
      <object_component id="oc-3dd">
         <name>.data</name>
         <load_address>0x8003704</load_address>
         <run_address>0x8003704</run_address>
         <size>0x10</size>
         <input_file_ref idref="fl-9"/>
      </object_component>
      <object_component id="oc-18e">
         <name>.data</name>
         <load_address>0x80037cc</load_address>
         <run_address>0x80037cc</run_address>
         <size>0x8</size>
         <input_file_ref idref="fl-c"/>
      </object_component>
      <object_component id="oc-1d4">
         <name>.data:cmdWRCFGA_pu16</name>
         <load_address>0x80037ac</load_address>
         <run_address>0x80037ac</run_address>
         <size>0x8</size>
         <input_file_ref idref="fl-24"/>
      </object_component>
      <object_component id="oc-1d7">
         <name>.data:cmdWRCFGB_pu16</name>
         <load_address>0x80037b4</load_address>
         <run_address>0x80037b4</run_address>
         <size>0x8</size>
         <input_file_ref idref="fl-24"/>
      </object_component>
      <object_component id="oc-1e6">
         <name>.data:cmdRDCFGA_pu16</name>
         <load_address>0x800375c</load_address>
         <run_address>0x800375c</run_address>
         <size>0x8</size>
         <input_file_ref idref="fl-24"/>
      </object_component>
      <object_component id="oc-1e9">
         <name>.data:cmdRDCFGB_pu16</name>
         <load_address>0x8003764</load_address>
         <run_address>0x8003764</run_address>
         <size>0x8</size>
         <input_file_ref idref="fl-24"/>
      </object_component>
      <object_component id="oc-1ec">
         <name>.data:cmdRDCVA_pu16</name>
         <load_address>0x800376c</load_address>
         <run_address>0x800376c</run_address>
         <size>0x8</size>
         <input_file_ref idref="fl-24"/>
      </object_component>
      <object_component id="oc-1ef">
         <name>.data:cmdRDCVB_pu16</name>
         <load_address>0x8003774</load_address>
         <run_address>0x8003774</run_address>
         <size>0x8</size>
         <input_file_ref idref="fl-24"/>
      </object_component>
      <object_component id="oc-1f2">
         <name>.data:cmdRDCVC_pu16</name>
         <load_address>0x800377c</load_address>
         <run_address>0x800377c</run_address>
         <size>0x8</size>
         <input_file_ref idref="fl-24"/>
      </object_component>
      <object_component id="oc-1f5">
         <name>.data:cmdRDCVD_pu16</name>
         <load_address>0x8003784</load_address>
         <run_address>0x8003784</run_address>
         <size>0x8</size>
         <input_file_ref idref="fl-24"/>
      </object_component>
      <object_component id="oc-1f8">
         <name>.data:cmdRDCVE_pu16</name>
         <load_address>0x800378c</load_address>
         <run_address>0x800378c</run_address>
         <size>0x8</size>
         <input_file_ref idref="fl-24"/>
      </object_component>
      <object_component id="oc-201">
         <name>.data:cmdRDAUXA_pu16</name>
         <load_address>0x800373c</load_address>
         <run_address>0x800373c</run_address>
         <size>0x8</size>
         <input_file_ref idref="fl-24"/>
      </object_component>
      <object_component id="oc-204">
         <name>.data:cmdRDAUXB_pu16</name>
         <load_address>0x8003744</load_address>
         <run_address>0x8003744</run_address>
         <size>0x8</size>
         <input_file_ref idref="fl-24"/>
      </object_component>
      <object_component id="oc-207">
         <name>.data:cmdRDAUXC_pu16</name>
         <load_address>0x800374c</load_address>
         <run_address>0x800374c</run_address>
         <size>0x8</size>
         <input_file_ref idref="fl-24"/>
      </object_component>
      <object_component id="oc-1fb">
         <name>.data:cmdRDAUXD_pu16</name>
         <load_address>0x8003754</load_address>
         <run_address>0x8003754</run_address>
         <size>0x8</size>
         <input_file_ref idref="fl-24"/>
      </object_component>
      <object_component id="oc-20a">
         <name>.data:cmdRDSTATA_pu16</name>
         <load_address>0x8003794</load_address>
         <run_address>0x8003794</run_address>
         <size>0x8</size>
         <input_file_ref idref="fl-24"/>
      </object_component>
      <object_component id="oc-20d">
         <name>.data:cmdRDSTATB_pu16</name>
         <load_address>0x800379c</load_address>
         <run_address>0x800379c</run_address>
         <size>0x8</size>
         <input_file_ref idref="fl-24"/>
      </object_component>
      <object_component id="oc-219">
         <name>.data:cmdWRPWM_pu16</name>
         <load_address>0x80037c4</load_address>
         <run_address>0x80037c4</run_address>
         <size>0x8</size>
         <input_file_ref idref="fl-24"/>
      </object_component>
      <object_component id="oc-21c">
         <name>.data:cmdWRPSB_pu16</name>
         <load_address>0x80037bc</load_address>
         <run_address>0x80037bc</run_address>
         <size>0x8</size>
         <input_file_ref idref="fl-24"/>
      </object_component>
      <object_component id="oc-210">
         <name>.data:cmdCLRCELL_pu16</name>
         <load_address>0x800371c</load_address>
         <run_address>0x800371c</run_address>
         <size>0x8</size>
         <input_file_ref idref="fl-24"/>
      </object_component>
      <object_component id="oc-213">
         <name>.data:cmdCLRAUX_pu16</name>
         <load_address>0x8003714</load_address>
         <run_address>0x8003714</run_address>
         <size>0x8</size>
         <input_file_ref idref="fl-24"/>
      </object_component>
      <object_component id="oc-216">
         <name>.data:cmdCLRSTAT_pu16</name>
         <load_address>0x8003724</load_address>
         <run_address>0x8003724</run_address>
         <size>0x8</size>
         <input_file_ref idref="fl-24"/>
      </object_component>
      <object_component id="oc-21f">
         <name>.data:cmdMute_pu16</name>
         <load_address>0x800372c</load_address>
         <run_address>0x800372c</run_address>
         <size>0x8</size>
         <input_file_ref idref="fl-24"/>
      </object_component>
      <object_component id="oc-222">
         <name>.data:cmdUnMute_pu16</name>
         <load_address>0x80037a4</load_address>
         <run_address>0x80037a4</run_address>
         <size>0x8</size>
         <input_file_ref idref="fl-24"/>
      </object_component>
      <object_component id="oc-1fe">
         <name>.data:cmdPladc_pu16</name>
         <load_address>0x8003734</load_address>
         <run_address>0x8003734</run_address>
         <size>0x8</size>
         <input_file_ref idref="fl-24"/>
      </object_component>
      <object_component id="oc-1e3">
         <name>.data</name>
         <load_address>0x80037dc</load_address>
         <run_address>0x80037dc</run_address>
         <size>0x2</size>
         <input_file_ref idref="fl-24"/>
      </object_component>
      <object_component id="oc-1dd">
         <name>.data:spiDat_s</name>
         <load_address>0x80037d8</load_address>
         <run_address>0x80037d8</run_address>
         <size>0x4</size>
         <input_file_ref idref="fl-24"/>
      </object_component>
      <object_component id="oc-46f">
         <name>.data</name>
         <load_address>0x80037d4</load_address>
         <run_address>0x80037d4</run_address>
         <size>0x4</size>
         <input_file_ref idref="fl-38"/>
      </object_component>
      <object_component id="oc-bf">
         <name>.debug_info</name>
         <load_address>0x0</load_address>
         <run_address>0x0</run_address>
         <size>0x124</size>
         <input_file_ref idref="fl-2"/>
      </object_component>
      <object_component id="oc-245">
         <name>.debug_info</name>
         <load_address>0x124</load_address>
         <run_address>0x124</run_address>
         <size>0x2d7</size>
         <input_file_ref idref="fl-3"/>
      </object_component>
      <object_component id="oc-7c">
         <name>.debug_info</name>
         <load_address>0x3fb</load_address>
         <run_address>0x3fb</run_address>
         <size>0x6d0</size>
         <input_file_ref idref="fl-3"/>
      </object_component>
      <object_component id="oc-56">
         <name>.debug_info</name>
         <load_address>0xacb</load_address>
         <run_address>0xacb</run_address>
         <size>0x84</size>
         <input_file_ref idref="fl-3"/>
      </object_component>
      <object_component id="oc-f3">
         <name>.debug_info</name>
         <load_address>0xb4f</load_address>
         <run_address>0xb4f</run_address>
         <size>0x9e7</size>
         <input_file_ref idref="fl-3"/>
      </object_component>
      <object_component id="oc-10e">
         <name>.debug_info</name>
         <load_address>0x1536</load_address>
         <run_address>0x1536</run_address>
         <size>0x32f</size>
         <input_file_ref idref="fl-4"/>
      </object_component>
      <object_component id="oc-91">
         <name>.debug_info</name>
         <load_address>0x1865</load_address>
         <run_address>0x1865</run_address>
         <size>0xcdc</size>
         <input_file_ref idref="fl-4"/>
      </object_component>
      <object_component id="oc-26">
         <name>.debug_info</name>
         <load_address>0x2541</load_address>
         <run_address>0x2541</run_address>
         <size>0x1bc</size>
         <input_file_ref idref="fl-4"/>
      </object_component>
      <object_component id="oc-194">
         <name>.debug_info</name>
         <load_address>0x26fd</load_address>
         <run_address>0x26fd</run_address>
         <size>0x26b</size>
         <input_file_ref idref="fl-4"/>
      </object_component>
      <object_component id="oc-a6">
         <name>.debug_info</name>
         <load_address>0x2968</load_address>
         <run_address>0x2968</run_address>
         <size>0x157</size>
         <input_file_ref idref="fl-4"/>
      </object_component>
      <object_component id="oc-cb">
         <name>.debug_info</name>
         <load_address>0x2abf</load_address>
         <run_address>0x2abf</run_address>
         <size>0x8b</size>
         <input_file_ref idref="fl-4"/>
      </object_component>
      <object_component id="oc-c6">
         <name>.debug_info</name>
         <load_address>0x2b4a</load_address>
         <run_address>0x2b4a</run_address>
         <size>0x18c</size>
         <input_file_ref idref="fl-4"/>
      </object_component>
      <object_component id="oc-30e">
         <name>.debug_info</name>
         <load_address>0x2cd6</load_address>
         <run_address>0x2cd6</run_address>
         <size>0x2a4</size>
         <input_file_ref idref="fl-4"/>
      </object_component>
      <object_component id="oc-16e">
         <name>.debug_info</name>
         <load_address>0x2f7a</load_address>
         <run_address>0x2f7a</run_address>
         <size>0xbb</size>
         <input_file_ref idref="fl-4"/>
      </object_component>
      <object_component id="oc-d0">
         <name>.debug_info</name>
         <load_address>0x3035</load_address>
         <run_address>0x3035</run_address>
         <size>0x86</size>
         <input_file_ref idref="fl-4"/>
      </object_component>
      <object_component id="oc-199">
         <name>.debug_info</name>
         <load_address>0x30bb</load_address>
         <run_address>0x30bb</run_address>
         <size>0x1de</size>
         <input_file_ref idref="fl-4"/>
      </object_component>
      <object_component id="oc-109">
         <name>.debug_info</name>
         <load_address>0x3299</load_address>
         <run_address>0x3299</run_address>
         <size>0x129</size>
         <input_file_ref idref="fl-4"/>
      </object_component>
      <object_component id="oc-1b2">
         <name>.debug_info</name>
         <load_address>0x33c2</load_address>
         <run_address>0x33c2</run_address>
         <size>0x2d0</size>
         <input_file_ref idref="fl-4"/>
      </object_component>
      <object_component id="oc-32e">
         <name>.debug_info</name>
         <load_address>0x3692</load_address>
         <run_address>0x3692</run_address>
         <size>0x381</size>
         <input_file_ref idref="fl-5"/>
      </object_component>
      <object_component id="oc-346">
         <name>.debug_info</name>
         <load_address>0x3a13</load_address>
         <run_address>0x3a13</run_address>
         <size>0x107</size>
         <input_file_ref idref="fl-5"/>
      </object_component>
      <object_component id="oc-343">
         <name>.debug_info</name>
         <load_address>0x3b1a</load_address>
         <run_address>0x3b1a</run_address>
         <size>0xfb</size>
         <input_file_ref idref="fl-5"/>
      </object_component>
      <object_component id="oc-1c9">
         <name>.debug_info</name>
         <load_address>0x3c15</load_address>
         <run_address>0x3c15</run_address>
         <size>0xf03</size>
         <input_file_ref idref="fl-5"/>
      </object_component>
      <object_component id="oc-2f">
         <name>.debug_info</name>
         <load_address>0x4b18</load_address>
         <run_address>0x4b18</run_address>
         <size>0x1b7</size>
         <input_file_ref idref="fl-5"/>
      </object_component>
      <object_component id="oc-23d">
         <name>.debug_info</name>
         <load_address>0x4ccf</load_address>
         <run_address>0x4ccf</run_address>
         <size>0x2c</size>
         <input_file_ref idref="fl-5"/>
      </object_component>
      <object_component id="oc-259">
         <name>.debug_info</name>
         <load_address>0x4cfb</load_address>
         <run_address>0x4cfb</run_address>
         <size>0x35</size>
         <input_file_ref idref="fl-5"/>
      </object_component>
      <object_component id="oc-1a3">
         <name>.debug_info</name>
         <load_address>0x4d30</load_address>
         <run_address>0x4d30</run_address>
         <size>0x1f9</size>
         <input_file_ref idref="fl-5"/>
      </object_component>
      <object_component id="oc-268">
         <name>.debug_info</name>
         <load_address>0x4f29</load_address>
         <run_address>0x4f29</run_address>
         <size>0x3d3</size>
         <input_file_ref idref="fl-5"/>
      </object_component>
      <object_component id="oc-349">
         <name>.debug_info</name>
         <load_address>0x52fc</load_address>
         <run_address>0x52fc</run_address>
         <size>0x2e3</size>
         <input_file_ref idref="fl-5"/>
      </object_component>
      <object_component id="oc-185">
         <name>.debug_info</name>
         <load_address>0x55df</load_address>
         <run_address>0x55df</run_address>
         <size>0x4d2</size>
         <input_file_ref idref="fl-6"/>
      </object_component>
      <object_component id="oc-a0">
         <name>.debug_info</name>
         <load_address>0x5ab1</load_address>
         <run_address>0x5ab1</run_address>
         <size>0xb43</size>
         <input_file_ref idref="fl-6"/>
      </object_component>
      <object_component id="oc-24a">
         <name>.debug_info</name>
         <load_address>0x65f4</load_address>
         <run_address>0x65f4</run_address>
         <size>0x791</size>
         <input_file_ref idref="fl-6"/>
      </object_component>
      <object_component id="oc-24f">
         <name>.debug_info</name>
         <load_address>0x6d85</load_address>
         <run_address>0x6d85</run_address>
         <size>0x4de</size>
         <input_file_ref idref="fl-6"/>
      </object_component>
      <object_component id="oc-254">
         <name>.debug_info</name>
         <load_address>0x7263</load_address>
         <run_address>0x7263</run_address>
         <size>0x3ce</size>
         <input_file_ref idref="fl-6"/>
      </object_component>
      <object_component id="oc-320">
         <name>.debug_info</name>
         <load_address>0x7631</load_address>
         <run_address>0x7631</run_address>
         <size>0x7cd</size>
         <input_file_ref idref="fl-6"/>
      </object_component>
      <object_component id="oc-186">
         <name>.debug_info</name>
         <load_address>0x7dfe</load_address>
         <run_address>0x7dfe</run_address>
         <size>0x673</size>
         <input_file_ref idref="fl-6"/>
      </object_component>
      <object_component id="oc-334">
         <name>.debug_info</name>
         <load_address>0x8471</load_address>
         <run_address>0x8471</run_address>
         <size>0x375</size>
         <input_file_ref idref="fl-6"/>
      </object_component>
      <object_component id="oc-25e">
         <name>.debug_info</name>
         <load_address>0x87e6</load_address>
         <run_address>0x87e6</run_address>
         <size>0x437</size>
         <input_file_ref idref="fl-6"/>
      </object_component>
      <object_component id="oc-289">
         <name>.debug_info</name>
         <load_address>0x8c1d</load_address>
         <run_address>0x8c1d</run_address>
         <size>0x37b</size>
         <input_file_ref idref="fl-6"/>
      </object_component>
      <object_component id="oc-263">
         <name>.debug_info</name>
         <load_address>0x8f98</load_address>
         <run_address>0x8f98</run_address>
         <size>0x1ca</size>
         <input_file_ref idref="fl-6"/>
      </object_component>
      <object_component id="oc-19e">
         <name>.debug_info</name>
         <load_address>0x9162</load_address>
         <run_address>0x9162</run_address>
         <size>0x435</size>
         <input_file_ref idref="fl-6"/>
      </object_component>
      <object_component id="oc-27c">
         <name>.debug_info</name>
         <load_address>0x9597</load_address>
         <run_address>0x9597</run_address>
         <size>0x551</size>
         <input_file_ref idref="fl-6"/>
      </object_component>
      <object_component id="oc-272">
         <name>.debug_info</name>
         <load_address>0x9ae8</load_address>
         <run_address>0x9ae8</run_address>
         <size>0x1de</size>
         <input_file_ref idref="fl-6"/>
      </object_component>
      <object_component id="oc-2f8">
         <name>.debug_info</name>
         <load_address>0x9cc6</load_address>
         <run_address>0x9cc6</run_address>
         <size>0x243</size>
         <input_file_ref idref="fl-6"/>
      </object_component>
      <object_component id="oc-39b">
         <name>.debug_info</name>
         <load_address>0x9f09</load_address>
         <run_address>0x9f09</run_address>
         <size>0x18e</size>
         <input_file_ref idref="fl-6"/>
      </object_component>
      <object_component id="oc-325">
         <name>.debug_info</name>
         <load_address>0xa097</load_address>
         <run_address>0xa097</run_address>
         <size>0x26c</size>
         <input_file_ref idref="fl-6"/>
      </object_component>
      <object_component id="oc-281">
         <name>.debug_info</name>
         <load_address>0xa303</load_address>
         <run_address>0xa303</run_address>
         <size>0x17a</size>
         <input_file_ref idref="fl-6"/>
      </object_component>
      <object_component id="oc-1a8">
         <name>.debug_info</name>
         <load_address>0xa47d</load_address>
         <run_address>0xa47d</run_address>
         <size>0x6a6</size>
         <input_file_ref idref="fl-6"/>
      </object_component>
      <object_component id="oc-1ad">
         <name>.debug_info</name>
         <load_address>0xab23</load_address>
         <run_address>0xab23</run_address>
         <size>0x13e</size>
         <input_file_ref idref="fl-6"/>
      </object_component>
      <object_component id="oc-313">
         <name>.debug_info</name>
         <load_address>0xac61</load_address>
         <run_address>0xac61</run_address>
         <size>0x1f0</size>
         <input_file_ref idref="fl-7"/>
      </object_component>
      <object_component id="oc-2c3">
         <name>.debug_info</name>
         <load_address>0xae51</load_address>
         <run_address>0xae51</run_address>
         <size>0x30c</size>
         <input_file_ref idref="fl-7"/>
      </object_component>
      <object_component id="oc-302">
         <name>.debug_info</name>
         <load_address>0xb15d</load_address>
         <run_address>0xb15d</run_address>
         <size>0x37f</size>
         <input_file_ref idref="fl-7"/>
      </object_component>
      <object_component id="oc-173">
         <name>.debug_info</name>
         <load_address>0xb4dc</load_address>
         <run_address>0xb4dc</run_address>
         <size>0xe1</size>
         <input_file_ref idref="fl-7"/>
      </object_component>
      <object_component id="oc-3fd">
         <name>.debug_info</name>
         <load_address>0xb5bd</load_address>
         <run_address>0xb5bd</run_address>
         <size>0xcc</size>
         <input_file_ref idref="fl-7"/>
      </object_component>
      <object_component id="oc-2bd">
         <name>.debug_info</name>
         <load_address>0xb689</load_address>
         <run_address>0xb689</run_address>
         <size>0x2c</size>
         <input_file_ref idref="fl-7"/>
      </object_component>
      <object_component id="oc-2fd">
         <name>.debug_info</name>
         <load_address>0xb6b5</load_address>
         <run_address>0xb6b5</run_address>
         <size>0x14c</size>
         <input_file_ref idref="fl-7"/>
      </object_component>
      <object_component id="oc-3cf">
         <name>.debug_info</name>
         <load_address>0xb801</load_address>
         <run_address>0xb801</run_address>
         <size>0x695</size>
         <input_file_ref idref="fl-8"/>
      </object_component>
      <object_component id="oc-2b7">
         <name>.debug_info</name>
         <load_address>0xbe96</load_address>
         <run_address>0xbe96</run_address>
         <size>0x1583</size>
         <input_file_ref idref="fl-8"/>
      </object_component>
      <object_component id="oc-350">
         <name>.debug_info</name>
         <load_address>0xd419</load_address>
         <run_address>0xd419</run_address>
         <size>0x110</size>
         <input_file_ref idref="fl-8"/>
      </object_component>
      <object_component id="oc-2cd">
         <name>.debug_info</name>
         <load_address>0xd529</load_address>
         <run_address>0xd529</run_address>
         <size>0x39</size>
         <input_file_ref idref="fl-8"/>
      </object_component>
      <object_component id="oc-3d2">
         <name>.debug_info</name>
         <load_address>0xd562</load_address>
         <run_address>0xd562</run_address>
         <size>0x46</size>
         <input_file_ref idref="fl-8"/>
      </object_component>
      <object_component id="oc-451">
         <name>.debug_info</name>
         <load_address>0xd5a8</load_address>
         <run_address>0xd5a8</run_address>
         <size>0x62</size>
         <input_file_ref idref="fl-8"/>
      </object_component>
      <object_component id="oc-3e4">
         <name>.debug_info</name>
         <load_address>0xd60a</load_address>
         <run_address>0xd60a</run_address>
         <size>0x43d</size>
         <input_file_ref idref="fl-9"/>
      </object_component>
      <object_component id="oc-457">
         <name>.debug_info</name>
         <load_address>0xda47</load_address>
         <run_address>0xda47</run_address>
         <size>0xf5</size>
         <input_file_ref idref="fl-9"/>
      </object_component>
      <object_component id="oc-3e1">
         <name>.debug_info</name>
         <load_address>0xdb3c</load_address>
         <run_address>0xdb3c</run_address>
         <size>0xf5</size>
         <input_file_ref idref="fl-9"/>
      </object_component>
      <object_component id="oc-3de">
         <name>.debug_info</name>
         <load_address>0xdc31</load_address>
         <run_address>0xdc31</run_address>
         <size>0x1a9</size>
         <input_file_ref idref="fl-9"/>
      </object_component>
      <object_component id="oc-2d5">
         <name>.debug_info</name>
         <load_address>0xddda</load_address>
         <run_address>0xddda</run_address>
         <size>0x5ca</size>
         <input_file_ref idref="fl-9"/>
      </object_component>
      <object_component id="oc-3d8">
         <name>.debug_info</name>
         <load_address>0xe3a4</load_address>
         <run_address>0xe3a4</run_address>
         <size>0x2fc</size>
         <input_file_ref idref="fl-9"/>
      </object_component>
      <object_component id="oc-45e">
         <name>.debug_info</name>
         <load_address>0xe6a0</load_address>
         <run_address>0xe6a0</run_address>
         <size>0x62</size>
         <input_file_ref idref="fl-9"/>
      </object_component>
      <object_component id="oc-3e6">
         <name>.debug_info</name>
         <load_address>0xe702</load_address>
         <run_address>0xe702</run_address>
         <size>0x378</size>
         <input_file_ref idref="fl-a"/>
      </object_component>
      <object_component id="oc-2d9">
         <name>.debug_info</name>
         <load_address>0xea7a</load_address>
         <run_address>0xea7a</run_address>
         <size>0x54b</size>
         <input_file_ref idref="fl-a"/>
      </object_component>
      <object_component id="oc-2c2">
         <name>.debug_info</name>
         <load_address>0xefc5</load_address>
         <run_address>0xefc5</run_address>
         <size>0xe44</size>
         <input_file_ref idref="fl-b"/>
      </object_component>
      <object_component id="oc-14c">
         <name>.debug_info</name>
         <load_address>0xfe09</load_address>
         <run_address>0xfe09</run_address>
         <size>0x3f1f</size>
         <input_file_ref idref="fl-b"/>
      </object_component>
      <object_component id="oc-2c8">
         <name>.debug_info</name>
         <load_address>0x13d28</load_address>
         <run_address>0x13d28</run_address>
         <size>0x46</size>
         <input_file_ref idref="fl-b"/>
      </object_component>
      <object_component id="oc-3ee">
         <name>.debug_info</name>
         <load_address>0x13d6e</load_address>
         <run_address>0x13d6e</run_address>
         <size>0x490</size>
         <input_file_ref idref="fl-c"/>
      </object_component>
      <object_component id="oc-18f">
         <name>.debug_info</name>
         <load_address>0x141fe</load_address>
         <run_address>0x141fe</run_address>
         <size>0x143</size>
         <input_file_ref idref="fl-c"/>
      </object_component>
      <object_component id="oc-2df">
         <name>.debug_info</name>
         <load_address>0x14341</load_address>
         <run_address>0x14341</run_address>
         <size>0x637</size>
         <input_file_ref idref="fl-c"/>
      </object_component>
      <object_component id="oc-3ea">
         <name>.debug_info</name>
         <load_address>0x14978</load_address>
         <run_address>0x14978</run_address>
         <size>0x3c4</size>
         <input_file_ref idref="fl-c"/>
      </object_component>
      <object_component id="oc-ac">
         <name>.debug_info</name>
         <load_address>0x14d3c</load_address>
         <run_address>0x14d3c</run_address>
         <size>0x5b9</size>
         <input_file_ref idref="fl-d"/>
      </object_component>
      <object_component id="oc-3cd">
         <name>.debug_info</name>
         <load_address>0x152f5</load_address>
         <run_address>0x152f5</run_address>
         <size>0x6f5</size>
         <input_file_ref idref="fl-e"/>
      </object_component>
      <object_component id="oc-2b1">
         <name>.debug_info</name>
         <load_address>0x159ea</load_address>
         <run_address>0x159ea</run_address>
         <size>0x25f9</size>
         <input_file_ref idref="fl-e"/>
      </object_component>
      <object_component id="oc-44a">
         <name>.debug_info</name>
         <load_address>0x17fe3</load_address>
         <run_address>0x17fe3</run_address>
         <size>0x155</size>
         <input_file_ref idref="fl-e"/>
      </object_component>
      <object_component id="oc-2ee">
         <name>.debug_info</name>
         <load_address>0x18138</load_address>
         <run_address>0x18138</run_address>
         <size>0x86c</size>
         <input_file_ref idref="fl-f"/>
      </object_component>
      <object_component id="oc-18c">
         <name>.debug_info</name>
         <load_address>0x189a4</load_address>
         <run_address>0x189a4</run_address>
         <size>0x366</size>
         <input_file_ref idref="fl-f"/>
      </object_component>
      <object_component id="oc-2e5">
         <name>.debug_info</name>
         <load_address>0x18d0a</load_address>
         <run_address>0x18d0a</run_address>
         <size>0x292</size>
         <input_file_ref idref="fl-f"/>
      </object_component>
      <object_component id="oc-154">
         <name>.debug_info</name>
         <load_address>0x18f9c</load_address>
         <run_address>0x18f9c</run_address>
         <size>0x50ce</size>
         <input_file_ref idref="fl-f"/>
      </object_component>
      <object_component id="oc-2ac">
         <name>.debug_info</name>
         <load_address>0x1e06a</load_address>
         <run_address>0x1e06a</run_address>
         <size>0x45c</size>
         <input_file_ref idref="fl-f"/>
      </object_component>
      <object_component id="oc-3f5">
         <name>.debug_info</name>
         <load_address>0x1e4c6</load_address>
         <run_address>0x1e4c6</run_address>
         <size>0x14e</size>
         <input_file_ref idref="fl-f"/>
      </object_component>
      <object_component id="oc-247">
         <name>.debug_info</name>
         <load_address>0x1e614</load_address>
         <run_address>0x1e614</run_address>
         <size>0x299</size>
         <input_file_ref idref="fl-11"/>
      </object_component>
      <object_component id="oc-fb">
         <name>.debug_info</name>
         <load_address>0x1e8ad</load_address>
         <run_address>0x1e8ad</run_address>
         <size>0x232</size>
         <input_file_ref idref="fl-11"/>
      </object_component>
      <object_component id="oc-26d">
         <name>.debug_info</name>
         <load_address>0x1eadf</load_address>
         <run_address>0x1eadf</run_address>
         <size>0x508</size>
         <input_file_ref idref="fl-11"/>
      </object_component>
      <object_component id="oc-3a4">
         <name>.debug_info</name>
         <load_address>0x1efe7</load_address>
         <run_address>0x1efe7</run_address>
         <size>0x43c</size>
         <input_file_ref idref="fl-11"/>
      </object_component>
      <object_component id="oc-234">
         <name>.debug_info</name>
         <load_address>0x1f423</load_address>
         <run_address>0x1f423</run_address>
         <size>0x334</size>
         <input_file_ref idref="fl-12"/>
      </object_component>
      <object_component id="oc-bb">
         <name>.debug_info</name>
         <load_address>0x1f757</load_address>
         <run_address>0x1f757</run_address>
         <size>0x103</size>
         <input_file_ref idref="fl-12"/>
      </object_component>
      <object_component id="oc-140">
         <name>.debug_info</name>
         <load_address>0x1f85a</load_address>
         <run_address>0x1f85a</run_address>
         <size>0xe03</size>
         <input_file_ref idref="fl-12"/>
      </object_component>
      <object_component id="oc-34">
         <name>.debug_info</name>
         <load_address>0x2065d</load_address>
         <run_address>0x2065d</run_address>
         <size>0x250</size>
         <input_file_ref idref="fl-12"/>
      </object_component>
      <object_component id="oc-396">
         <name>.debug_info</name>
         <load_address>0x208ad</load_address>
         <run_address>0x208ad</run_address>
         <size>0x91</size>
         <input_file_ref idref="fl-12"/>
      </object_component>
      <object_component id="oc-333">
         <name>.debug_info</name>
         <load_address>0x2093e</load_address>
         <run_address>0x2093e</run_address>
         <size>0x2e9</size>
         <input_file_ref idref="fl-13"/>
      </object_component>
      <object_component id="oc-330">
         <name>.debug_info</name>
         <load_address>0x20c27</load_address>
         <run_address>0x20c27</run_address>
         <size>0xff</size>
         <input_file_ref idref="fl-13"/>
      </object_component>
      <object_component id="oc-1bd">
         <name>.debug_info</name>
         <load_address>0x20d26</load_address>
         <run_address>0x20d26</run_address>
         <size>0x11d8</size>
         <input_file_ref idref="fl-13"/>
      </object_component>
      <object_component id="oc-416">
         <name>.debug_info</name>
         <load_address>0x21efe</load_address>
         <run_address>0x21efe</run_address>
         <size>0xb9</size>
         <input_file_ref idref="fl-13"/>
      </object_component>
      <object_component id="oc-76">
         <name>.debug_info</name>
         <load_address>0x21fb7</load_address>
         <run_address>0x21fb7</run_address>
         <size>0x981</size>
         <input_file_ref idref="fl-14"/>
      </object_component>
      <object_component id="oc-3a">
         <name>.debug_info</name>
         <load_address>0x22938</load_address>
         <run_address>0x22938</run_address>
         <size>0x12c</size>
         <input_file_ref idref="fl-16"/>
      </object_component>
      <object_component id="oc-163">
         <name>.debug_info</name>
         <load_address>0x22a64</load_address>
         <run_address>0x22a64</run_address>
         <size>0x753</size>
         <input_file_ref idref="fl-17"/>
      </object_component>
      <object_component id="oc-99">
         <name>.debug_info</name>
         <load_address>0x231b7</load_address>
         <run_address>0x231b7</run_address>
         <size>0x54d</size>
         <input_file_ref idref="fl-17"/>
      </object_component>
      <object_component id="oc-307">
         <name>.debug_info</name>
         <load_address>0x23704</load_address>
         <run_address>0x23704</run_address>
         <size>0x9a</size>
         <input_file_ref idref="fl-17"/>
      </object_component>
      <object_component id="oc-3c6">
         <name>.debug_info</name>
         <load_address>0x2379e</load_address>
         <run_address>0x2379e</run_address>
         <size>0xae</size>
         <input_file_ref idref="fl-17"/>
      </object_component>
      <object_component id="oc-3a9">
         <name>.debug_info</name>
         <load_address>0x2384c</load_address>
         <run_address>0x2384c</run_address>
         <size>0x2b8</size>
         <input_file_ref idref="fl-19"/>
      </object_component>
      <object_component id="oc-430">
         <name>.debug_info</name>
         <load_address>0x23b04</load_address>
         <run_address>0x23b04</run_address>
         <size>0x242</size>
         <input_file_ref idref="fl-19"/>
      </object_component>
      <object_component id="oc-277">
         <name>.debug_info</name>
         <load_address>0x23d46</load_address>
         <run_address>0x23d46</run_address>
         <size>0x2af</size>
         <input_file_ref idref="fl-19"/>
      </object_component>
      <object_component id="oc-41">
         <name>.debug_info</name>
         <load_address>0x23ff5</load_address>
         <run_address>0x23ff5</run_address>
         <size>0x16d</size>
         <input_file_ref idref="fl-1a"/>
      </object_component>
      <object_component id="oc-103">
         <name>.debug_info</name>
         <load_address>0x24162</load_address>
         <run_address>0x24162</run_address>
         <size>0x40f</size>
         <input_file_ref idref="fl-1c"/>
      </object_component>
      <object_component id="oc-107">
         <name>.debug_info</name>
         <load_address>0x24571</load_address>
         <run_address>0x24571</run_address>
         <size>0x68e</size>
         <input_file_ref idref="fl-1d"/>
      </object_component>
      <object_component id="oc-8b">
         <name>.debug_info</name>
         <load_address>0x24bff</load_address>
         <run_address>0x24bff</run_address>
         <size>0x339f</size>
         <input_file_ref idref="fl-1d"/>
      </object_component>
      <object_component id="oc-1f">
         <name>.debug_info</name>
         <load_address>0x27f9e</load_address>
         <run_address>0x27f9e</run_address>
         <size>0x613</size>
         <input_file_ref idref="fl-1e"/>
      </object_component>
      <object_component id="oc-7f">
         <name>.debug_info</name>
         <load_address>0x285b1</load_address>
         <run_address>0x285b1</run_address>
         <size>0x166</size>
         <input_file_ref idref="fl-1e"/>
      </object_component>
      <object_component id="oc-b2">
         <name>.debug_info</name>
         <load_address>0x28717</load_address>
         <run_address>0x28717</run_address>
         <size>0x526</size>
         <input_file_ref idref="fl-1f"/>
      </object_component>
      <object_component id="oc-2b">
         <name>.debug_info</name>
         <load_address>0x28c3d</load_address>
         <run_address>0x28c3d</run_address>
         <size>0xfd</size>
         <input_file_ref idref="fl-1f"/>
      </object_component>
      <object_component id="oc-48">
         <name>.debug_info</name>
         <load_address>0x28d3a</load_address>
         <run_address>0x28d3a</run_address>
         <size>0x507</size>
         <input_file_ref idref="fl-1f"/>
      </object_component>
      <object_component id="oc-4c">
         <name>.debug_info</name>
         <load_address>0x29241</load_address>
         <run_address>0x29241</run_address>
         <size>0x230</size>
         <input_file_ref idref="fl-1f"/>
      </object_component>
      <object_component id="oc-1b7">
         <name>.debug_info</name>
         <load_address>0x29471</load_address>
         <run_address>0x29471</run_address>
         <size>0x4f</size>
         <input_file_ref idref="fl-1f"/>
      </object_component>
      <object_component id="oc-100">
         <name>.debug_info</name>
         <load_address>0x294c0</load_address>
         <run_address>0x294c0</run_address>
         <size>0x53b</size>
         <input_file_ref idref="fl-20"/>
      </object_component>
      <object_component id="oc-85">
         <name>.debug_info</name>
         <load_address>0x299fb</load_address>
         <run_address>0x299fb</run_address>
         <size>0x8fa</size>
         <input_file_ref idref="fl-20"/>
      </object_component>
      <object_component id="oc-168">
         <name>.debug_info</name>
         <load_address>0x2a2f5</load_address>
         <run_address>0x2a2f5</run_address>
         <size>0x2ed</size>
         <input_file_ref idref="fl-21"/>
      </object_component>
      <object_component id="oc-15d">
         <name>.debug_info</name>
         <load_address>0x2a5e2</load_address>
         <run_address>0x2a5e2</run_address>
         <size>0x1c2</size>
         <input_file_ref idref="fl-21"/>
      </object_component>
      <object_component id="oc-2a7">
         <name>.debug_info</name>
         <load_address>0x2a7a4</load_address>
         <run_address>0x2a7a4</run_address>
         <size>0x2ec</size>
         <input_file_ref idref="fl-22"/>
      </object_component>
      <object_component id="oc-146">
         <name>.debug_info</name>
         <load_address>0x2aa90</load_address>
         <run_address>0x2aa90</run_address>
         <size>0x2cb</size>
         <input_file_ref idref="fl-22"/>
      </object_component>
      <object_component id="oc-33a">
         <name>.debug_info</name>
         <load_address>0x2ad5b</load_address>
         <run_address>0x2ad5b</run_address>
         <size>0x2be</size>
         <input_file_ref idref="fl-23"/>
      </object_component>
      <object_component id="oc-1c6">
         <name>.debug_info</name>
         <load_address>0x2b019</load_address>
         <run_address>0x2b019</run_address>
         <size>0x288</size>
         <input_file_ref idref="fl-23"/>
      </object_component>
      <object_component id="oc-1cf">
         <name>.debug_info</name>
         <load_address>0x2b2a1</load_address>
         <run_address>0x2b2a1</run_address>
         <size>0x5c9</size>
         <input_file_ref idref="fl-24"/>
      </object_component>
      <object_component id="oc-1d5">
         <name>.debug_info</name>
         <load_address>0x2b86a</load_address>
         <run_address>0x2b86a</run_address>
         <size>0x107</size>
         <input_file_ref idref="fl-24"/>
      </object_component>
      <object_component id="oc-1d8">
         <name>.debug_info</name>
         <load_address>0x2b971</load_address>
         <run_address>0x2b971</run_address>
         <size>0x107</size>
         <input_file_ref idref="fl-24"/>
      </object_component>
      <object_component id="oc-1e7">
         <name>.debug_info</name>
         <load_address>0x2ba78</load_address>
         <run_address>0x2ba78</run_address>
         <size>0x107</size>
         <input_file_ref idref="fl-24"/>
      </object_component>
      <object_component id="oc-1ea">
         <name>.debug_info</name>
         <load_address>0x2bb7f</load_address>
         <run_address>0x2bb7f</run_address>
         <size>0x107</size>
         <input_file_ref idref="fl-24"/>
      </object_component>
      <object_component id="oc-1ed">
         <name>.debug_info</name>
         <load_address>0x2bc86</load_address>
         <run_address>0x2bc86</run_address>
         <size>0x105</size>
         <input_file_ref idref="fl-24"/>
      </object_component>
      <object_component id="oc-1f0">
         <name>.debug_info</name>
         <load_address>0x2bd8b</load_address>
         <run_address>0x2bd8b</run_address>
         <size>0x105</size>
         <input_file_ref idref="fl-24"/>
      </object_component>
      <object_component id="oc-1f3">
         <name>.debug_info</name>
         <load_address>0x2be90</load_address>
         <run_address>0x2be90</run_address>
         <size>0x105</size>
         <input_file_ref idref="fl-24"/>
      </object_component>
      <object_component id="oc-1f6">
         <name>.debug_info</name>
         <load_address>0x2bf95</load_address>
         <run_address>0x2bf95</run_address>
         <size>0x105</size>
         <input_file_ref idref="fl-24"/>
      </object_component>
      <object_component id="oc-1f9">
         <name>.debug_info</name>
         <load_address>0x2c09a</load_address>
         <run_address>0x2c09a</run_address>
         <size>0x105</size>
         <input_file_ref idref="fl-24"/>
      </object_component>
      <object_component id="oc-202">
         <name>.debug_info</name>
         <load_address>0x2c19f</load_address>
         <run_address>0x2c19f</run_address>
         <size>0x107</size>
         <input_file_ref idref="fl-24"/>
      </object_component>
      <object_component id="oc-205">
         <name>.debug_info</name>
         <load_address>0x2c2a6</load_address>
         <run_address>0x2c2a6</run_address>
         <size>0x107</size>
         <input_file_ref idref="fl-24"/>
      </object_component>
      <object_component id="oc-208">
         <name>.debug_info</name>
         <load_address>0x2c3ad</load_address>
         <run_address>0x2c3ad</run_address>
         <size>0x107</size>
         <input_file_ref idref="fl-24"/>
      </object_component>
      <object_component id="oc-1fc">
         <name>.debug_info</name>
         <load_address>0x2c4b4</load_address>
         <run_address>0x2c4b4</run_address>
         <size>0x107</size>
         <input_file_ref idref="fl-24"/>
      </object_component>
      <object_component id="oc-20b">
         <name>.debug_info</name>
         <load_address>0x2c5bb</load_address>
         <run_address>0x2c5bb</run_address>
         <size>0x109</size>
         <input_file_ref idref="fl-24"/>
      </object_component>
      <object_component id="oc-20e">
         <name>.debug_info</name>
         <load_address>0x2c6c4</load_address>
         <run_address>0x2c6c4</run_address>
         <size>0x109</size>
         <input_file_ref idref="fl-24"/>
      </object_component>
      <object_component id="oc-21a">
         <name>.debug_info</name>
         <load_address>0x2c7cd</load_address>
         <run_address>0x2c7cd</run_address>
         <size>0x105</size>
         <input_file_ref idref="fl-24"/>
      </object_component>
      <object_component id="oc-21d">
         <name>.debug_info</name>
         <load_address>0x2c8d2</load_address>
         <run_address>0x2c8d2</run_address>
         <size>0x105</size>
         <input_file_ref idref="fl-24"/>
      </object_component>
      <object_component id="oc-211">
         <name>.debug_info</name>
         <load_address>0x2c9d7</load_address>
         <run_address>0x2c9d7</run_address>
         <size>0x109</size>
         <input_file_ref idref="fl-24"/>
      </object_component>
      <object_component id="oc-214">
         <name>.debug_info</name>
         <load_address>0x2cae0</load_address>
         <run_address>0x2cae0</run_address>
         <size>0x107</size>
         <input_file_ref idref="fl-24"/>
      </object_component>
      <object_component id="oc-217">
         <name>.debug_info</name>
         <load_address>0x2cbe7</load_address>
         <run_address>0x2cbe7</run_address>
         <size>0x109</size>
         <input_file_ref idref="fl-24"/>
      </object_component>
      <object_component id="oc-220">
         <name>.debug_info</name>
         <load_address>0x2ccf0</load_address>
         <run_address>0x2ccf0</run_address>
         <size>0x103</size>
         <input_file_ref idref="fl-24"/>
      </object_component>
      <object_component id="oc-223">
         <name>.debug_info</name>
         <load_address>0x2cdf3</load_address>
         <run_address>0x2cdf3</run_address>
         <size>0x107</size>
         <input_file_ref idref="fl-24"/>
      </object_component>
      <object_component id="oc-1ff">
         <name>.debug_info</name>
         <load_address>0x2cefa</load_address>
         <run_address>0x2cefa</run_address>
         <size>0x105</size>
         <input_file_ref idref="fl-24"/>
      </object_component>
      <object_component id="oc-1db">
         <name>.debug_info</name>
         <load_address>0x2cfff</load_address>
         <run_address>0x2cfff</run_address>
         <size>0xfa</size>
         <input_file_ref idref="fl-24"/>
      </object_component>
      <object_component id="oc-1e1">
         <name>.debug_info</name>
         <load_address>0x2d0f9</load_address>
         <run_address>0x2d0f9</run_address>
         <size>0xfa</size>
         <input_file_ref idref="fl-24"/>
      </object_component>
      <object_component id="oc-1d2">
         <name>.debug_info</name>
         <load_address>0x2d1f3</load_address>
         <run_address>0x2d1f3</run_address>
         <size>0x114</size>
         <input_file_ref idref="fl-24"/>
      </object_component>
      <object_component id="oc-1e4">
         <name>.debug_info</name>
         <load_address>0x2d307</load_address>
         <run_address>0x2d307</run_address>
         <size>0xfc</size>
         <input_file_ref idref="fl-24"/>
      </object_component>
      <object_component id="oc-1de">
         <name>.debug_info</name>
         <load_address>0x2d403</load_address>
         <run_address>0x2d403</run_address>
         <size>0xfa</size>
         <input_file_ref idref="fl-24"/>
      </object_component>
      <object_component id="oc-b4">
         <name>.debug_info</name>
         <load_address>0x2d4fd</load_address>
         <run_address>0x2d4fd</run_address>
         <size>0x308c</size>
         <input_file_ref idref="fl-24"/>
      </object_component>
      <object_component id="oc-22d">
         <name>.debug_info</name>
         <load_address>0x30589</load_address>
         <run_address>0x30589</run_address>
         <size>0x13a5</size>
         <input_file_ref idref="fl-24"/>
      </object_component>
      <object_component id="oc-226">
         <name>.debug_info</name>
         <load_address>0x3192e</load_address>
         <run_address>0x3192e</run_address>
         <size>0x25b</size>
         <input_file_ref idref="fl-25"/>
      </object_component>
      <object_component id="oc-3c3">
         <name>.debug_info</name>
         <load_address>0x31b89</load_address>
         <run_address>0x31b89</run_address>
         <size>0x28f</size>
         <input_file_ref idref="fl-2a"/>
      </object_component>
[...]
         <value>0xbd14</value>
         <object_component_ref idref="oc-8a"/>
      </symbol>
      <symbol id="sm-b32">
         <name>checkFlashEEPROMECC</name>
         <value>0xd400</value>
         <object_component_ref idref="oc-8a"/>
      </symbol>
      <symbol id="sm-b33">
         <name>pbistGetConfigValue</name>
         <value>0xdb7c</value>
         <object_component_ref idref="oc-8a"/>
      </symbol>
      <symbol id="sm-b34">
         <name>vimParityCheck</name>
         <value>0xc50c</value>
         <object_component_ref idref="oc-8a"/>
      </symbol>
      <symbol id="sm-b35">
         <name>pbistIsTestCompleted</name>
         <value>0xbcb4</value>
         <object_component_ref idref="oc-8a"/>
      </symbol>
      <symbol id="sm-b36">
         <name>disableParity</name>
         <value>0xe264</value>
         <object_component_ref idref="oc-8a"/>
      </symbol>
      <symbol id="sm-b37">
         <name>pbistRun</name>
         <value>0xbbb8</value>
         <object_component_ref idref="oc-8a"/>
      </symbol>
      <symbol id="sm-b38">
         <name>pbistFail</name>
         <value>0xdaf8</value>
         <object_component_ref idref="oc-8a"/>
      </symbol>
      <symbol id="sm-b39">
         <name>selftestFailNotification</name>
         <value>0xb72c</value>
         <object_component_ref idref="oc-8a"/>
      </symbol>
      <symbol id="sm-b3a">
         <name>errata_PBIST_4</name>
         <value>0xde78</value>
         <object_component_ref idref="oc-8a"/>
      </symbol>
      <symbol id="sm-b3b">
         <name>mibspi3ParityCheck</name>
         <value>0xce98</value>
         <object_component_ref idref="oc-8a"/>
      </symbol>
      <symbol id="sm-b3c">
         <name>efcSelfTest</name>
         <value>0xbea0</value>
         <object_component_ref idref="oc-8a"/>
      </symbol>
      <symbol id="sm-b3d">
         <name>checkB1RAMECC</name>
         <value>0xc234</value>
         <object_component_ref idref="oc-8a"/>
      </symbol>
      <symbol id="sm-b3e">
         <name>pbistStop</name>
         <value>0xbc84</value>
         <object_component_ref idref="oc-8a"/>
      </symbol>
      <symbol id="sm-b3f">
         <name>can3ParityCheck</name>
         <value>0xccbc</value>
         <object_component_ref idref="oc-8a"/>
      </symbol>
      <symbol id="sm-b40">
         <name>checkRAMAddrParity</name>
         <value>0xd75c</value>
         <object_component_ref idref="oc-8a"/>
      </symbol>
      <symbol id="sm-b41">
         <name>mibspi5ParityCheck</name>
         <value>0xcfbc</value>
         <object_component_ref idref="oc-8a"/>
      </symbol>
      <symbol id="sm-b42">
         <name>checkB0RAMECC</name>
         <value>0xc044</value>
         <object_component_ref idref="oc-8a"/>
      </symbol>
      <symbol id="sm-b43">
         <name>stcGetConfigValue</name>
         <value>0xdcc8</value>
         <object_component_ref idref="oc-8a"/>
      </symbol>
      <symbol id="sm-b44">
         <name>pbistIsTestPassed</name>
         <value>0xbce0</value>
         <object_component_ref idref="oc-8a"/>
      </symbol>
      <symbol id="sm-b45">
         <name>checkClockMonitor</name>
         <value>0xd324</value>
         <object_component_ref idref="oc-8a"/>
      </symbol>
      <symbol id="sm-b46">
         <name>fmcECCcheck</name>
         <value>0xbfa4</value>
         <object_component_ref idref="oc-8a"/>
      </symbol>
      <symbol id="sm-b47">
         <name>fmcBus2Check</name>
         <value>0xbf68</value>
         <object_component_ref idref="oc-8a"/>
      </symbol>
      <symbol id="sm-b48">
         <name>checkRAMUERRTest</name>
         <value>0xd868</value>
         <object_component_ref idref="oc-8a"/>
      </symbol>
      <symbol id="sm-b49">
         <name>efcStuckZeroTest</name>
         <value>0xbdf4</value>
         <object_component_ref idref="oc-8a"/>
      </symbol>
      <symbol id="sm-b4a">
         <name>checkPLL2Slip</name>
         <value>0xd698</value>
         <object_component_ref idref="oc-8a"/>
      </symbol>
      <symbol id="sm-b7c">
         <name>_c_int00</name>
         <value>0x13dd0</value>
         <object_component_ref idref="oc-1e"/>
      </symbol>
      <symbol id="sm-b7d">
         <name>handlePLLLockFail</name>
         <value>0x15b00</value>
         <object_component_ref idref="oc-7e"/>
      </symbol>
      <symbol id="sm-c2d">
         <name>vimChannelMap</name>
         <value>0xff20</value>
         <object_component_ref idref="oc-46"/>
      </symbol>
      <symbol id="sm-c2e">
         <name>vimInit</name>
         <value>0xfe4c</value>
         <object_component_ref idref="oc-46"/>
      </symbol>
      <symbol id="sm-c2f">
         <name>vimEnableInterrupt</name>
         <value>0xffc4</value>
         <object_component_ref idref="oc-46"/>
      </symbol>
      <symbol id="sm-c30">
         <name>vimDisableInterrupt</name>
         <value>0x1018c</value>
         <object_component_ref idref="oc-46"/>
      </symbol>
      <symbol id="sm-c31">
         <name>vimGetConfigValue</name>
         <value>0x10238</value>
         <object_component_ref idref="oc-46"/>
      </symbol>
      <symbol id="sm-c32">
         <name>vimParityErrorHandler</name>
         <value>0x13b04</value>
         <object_component_ref idref="oc-44"/>
      </symbol>
      <symbol id="sm-c8d">
         <name>systemGetConfigValue</name>
         <value>0xf674</value>
         <object_component_ref idref="oc-84"/>
      </symbol>
      <symbol id="sm-c8e">
         <name>trimLPO</name>
         <value>0xf348</value>
         <object_component_ref idref="oc-84"/>
      </symbol>
      <symbol id="sm-c8f">
         <name>systemInit</name>
         <value>0xf578</value>
         <object_component_ref idref="oc-84"/>
      </symbol>
      <symbol id="sm-c90">
         <name>customTrimLPO</name>
         <value>0xfd70</value>
         <object_component_ref idref="oc-84"/>
      </symbol>
      <symbol id="sm-c91">
         <name>tcmflashGetConfigValue</name>
         <value>0xfa88</value>
         <object_component_ref idref="oc-84"/>
      </symbol>
      <symbol id="sm-c92">
         <name>sramGetConfigValue</name>
         <value>0xfc34</value>
         <object_component_ref idref="oc-84"/>
      </symbol>
      <symbol id="sm-c93">
         <name>periphInit</name>
         <value>0xf3fc</value>
         <object_component_ref idref="oc-84"/>
      </symbol>
      <symbol id="sm-c94">
         <name>setupFlash</name>
         <value>0xf3bc</value>
         <object_component_ref idref="oc-84"/>
      </symbol>
      <symbol id="sm-c95">
         <name>setupPLL</name>
         <value>0xf2e8</value>
         <object_component_ref idref="oc-84"/>
      </symbol>
      <symbol id="sm-c96">
         <name>mapClocks</name>
         <value>0xf450</value>
         <object_component_ref idref="oc-84"/>
      </symbol>
      <symbol id="sm-c97">
         <name>systemPowerDown</name>
         <value>0xf644</value>
         <object_component_ref idref="oc-84"/>
      </symbol>
      <symbol id="sm-cad">
         <name>crcBuffer</name>
         <value>0x80036a0</value>
      </symbol>
      <symbol id="sm-cae">
         <name>AE_circularBufferParse</name>
         <value>0x157b0</value>
         <object_component_ref idref="oc-15c"/>
      </symbol>
      <symbol id="sm-ccf">
         <name>socState</name>
         <value>0x80036c0</value>
      </symbol>
      <symbol id="sm-cd0">
         <name>AE_calculateSoc</name>
         <value>0x14d48</value>
         <object_component_ref idref="oc-145"/>
      </symbol>
      <symbol id="sm-cd1">
         <name>AE_socInitialize</name>
         <value>0x14d20</value>
         <object_component_ref idref="oc-145"/>
      </symbol>
      <symbol id="sm-cea">
         <name>pec15Table</name>
         <value>0x8003400</value>
      </symbol>
      <symbol id="sm-ceb">
         <name>init_PEC15_Table</name>
         <value>0x14e94</value>
         <object_component_ref idref="oc-1c2"/>
      </symbol>
      <symbol id="sm-cec">
         <name>AE_pec15</name>
         <value>0x14f54</value>
         <object_component_ref idref="oc-1c2"/>
      </symbol>
      <symbol id="sm-ed6">
         <name>uwTick</name>
         <value>0x80036fc</value>
      </symbol>
      <symbol id="sm-ed7">
         <name>ltcSpi_ps</name>
         <value>0x80036e8</value>
      </symbol>
      <symbol id="sm-ed8">
         <name>AE_ltcStartPwm</name>
         <value>0xa4b8</value>
         <object_component_ref idref="oc-b3"/>
      </symbol>
      <symbol id="sm-ed9">
         <name>pwmNotification</name>
         <value>0xb67c</value>
         <object_component_ref idref="oc-b3"/>
      </symbol>
      <symbol id="sm-eda">
         <name>AE_ltcClearCellAdc</name>
         <value>0xa218</value>
         <object_component_ref idref="oc-b3"/>
      </symbol>
      <symbol id="sm-edb">
         <name>AE_ltcAdcMeasureState</name>
         <value>0x92dc</value>
         <object_component_ref idref="oc-b3"/>
      </symbol>
      <symbol id="sm-edc">
         <name>AE_delayMs</name>
         <value>0xb6b0</value>
         <object_component_ref idref="oc-b3"/>
      </symbol>
      <symbol id="sm-edd">
         <name>AE_ltcStartGpioAdc</name>
         <value>0x92f8</value>
         <object_component_ref idref="oc-b3"/>
      </symbol>
      <symbol id="sm-ede">
         <name>AE_ltcReadGpioVoltage</name>
         <value>0x9428</value>
         <object_component_ref idref="oc-b3"/>
      </symbol>
      <symbol id="sm-edf">
         <name>AE_ltcWakeUpIdle</name>
         <value>0x8700</value>
         <object_component_ref idref="oc-b3"/>
      </symbol>
      <symbol id="sm-ee0">
         <name>AE_ltcPausePwm</name>
         <value>0xa610</value>
         <object_component_ref idref="oc-b3"/>
      </symbol>
      <symbol id="sm-ee1">
         <name>AE_ltcIsBalanceComplete</name>
         <value>0xab50</value>
         <object_component_ref idref="oc-b3"/>
      </symbol>
      <symbol id="sm-ee2">
         <name>AE_ltcInit</name>
         <value>0x8020</value>
         <object_component_ref idref="oc-b3"/>
      </symbol>
      <symbol id="sm-ee3">
         <name>AE_ltcIsGpioOpenWire</name>
         <value>0xb278</value>
         <object_component_ref idref="oc-b3"/>
      </symbol>
      <symbol id="sm-ee4">
         <name>AE_ltcBatteryMinCellVolt</name>
         <value>0xae38</value>
         <object_component_ref idref="oc-b3"/>
      </symbol>
      <symbol id="sm-ee5">
         <name>AE_ltcReadStatusRegB</name>
         <value>0x9ac4</value>
         <object_component_ref idref="oc-b3"/>
      </symbol>
      <symbol id="sm-ee6">
         <name>AE_ltcReadStatusRegA</name>
         <value>0x98e8</value>
         <object_component_ref idref="oc-b3"/>
      </symbol>
      <symbol id="sm-ee7">
         <name>AE_ltcContinuePwm</name>
         <value>0xa624</value>
         <object_component_ref idref="oc-b3"/>
      </symbol>
      <symbol id="sm-ee8">
         <name>AE_ltcWakeUpSleep</name>
         <value>0x8678</value>
         <object_component_ref idref="oc-b3"/>
      </symbol>
      <symbol id="sm-ee9">
         <name>AE_ltcPreBalance</name>
         <value>0xa638</value>
         <object_component_ref idref="oc-b3"/>
      </symbol>
      <symbol id="sm-eea">
         <name>AE_ltcWriteConfRegA</name>
         <value>0x8788</value>
         <object_component_ref idref="oc-b3"/>
      </symbol>
      <symbol id="sm-eeb">
         <name>AE_ltcWriteConfRegB</name>
         <value>0x87a0</value>
         <object_component_ref idref="oc-b3"/>
      </symbol>
      <symbol id="sm-eec">
         <name>AE_ltcIsCellOpenWire</name>
         <value>0xaedc</value>
         <object_component_ref idref="oc-b3"/>
      </symbol>
      <symbol id="sm-eed">
         <name>AE_ltcReadConfRegB</name>
         <value>0x87d4</value>
         <object_component_ref idref="oc-b3"/>
      </symbol>
      <symbol id="sm-eee">
         <name>AE_ltcReadConfRegA</name>
         <value>0x87bc</value>
         <object_component_ref idref="oc-b3"/>
      </symbol>
      <symbol id="sm-eef">
         <name>AE_ltcWrite</name>
         <value>0x8228</value>
         <object_component_ref idref="oc-b3"/>
      </symbol>
      <symbol id="sm-ef0">
         <name>AE_ltcTemperature</name>
         <value>0xb5c0</value>
         <object_component_ref idref="oc-b3"/>
      </symbol>
      <symbol id="sm-ef1">
         <name>AE_ltcStartCellAdc</name>
         <value>0x919c</value>
         <object_component_ref idref="oc-b3"/>
      </symbol>
      <symbol id="sm-ef2">
         <name>AE_ltcUnderOverFlag</name>
         <value>0x8eb0</value>
         <object_component_ref idref="oc-b3"/>
      </symbol>
      <symbol id="sm-ef3">
         <name>AE_ltcStartStatusAdc</name>
         <value>0x97ac</value>
         <object_component_ref idref="oc-b3"/>
      </symbol>
      <symbol id="sm-ef4">
         <name>AE_ltcSetUnderOverVoltage</name>
         <value>0x8c30</value>
         <object_component_ref idref="oc-b3"/>
      </symbol>
      <symbol id="sm-ef5">
         <name>AE_ltcRead</name>
         <value>0x847c</value>
         <object_component_ref idref="oc-b3"/>
      </symbol>
      <symbol id="sm-ef6">
         <name>AE_ltcMinCellVolt</name>
         <value>0xad34</value>
         <object_component_ref idref="oc-b3"/>
      </symbol>
      <symbol id="sm-ef7">
         <name>AE_ltcClearStatusAdc</name>
         <value>0xa3b0</value>
         <object_component_ref idref="oc-b3"/>
      </symbol>
      <symbol id="sm-ef8">
         <name>AE_ltcCmdRead</name>
         <value>0x8610</value>
         <object_component_ref idref="oc-b3"/>
      </symbol>
      <symbol id="sm-ef9">
         <name>AE_ltcReadCellVoltage</name>
         <value>0x87f0</value>
         <object_component_ref idref="oc-b3"/>
      </symbol>
      <symbol id="sm-efa">
         <name>AE_ltcClearGpioAdc</name>
         <value>0xa2e4</value>
         <object_component_ref idref="oc-b3"/>
      </symbol>
      <symbol id="sm-efb">
         <name>getUsTick</name>
         <value>0xb6a4</value>
         <object_component_ref idref="oc-b3"/>
      </symbol>
      <symbol id="sm-efc">
         <name>AE_delayTenUs</name>
         <value>0xb6ec</value>
         <object_component_ref idref="oc-b3"/>
      </symbol>
      <symbol id="sm-efd">
         <name>AE_ltcCmdWrite</name>
         <value>0x8424</value>
         <object_component_ref idref="oc-b3"/>
      </symbol>
      <symbol id="sm-efe">
         <name>AE_ltcBalance</name>
         <value>0xa8e0</value>
         <object_component_ref idref="oc-b3"/>
      </symbol>
      <symbol id="sm-f0f">
         <name>AE_calculateTemp</name>
         <value>0x15260</value>
         <object_component_ref idref="oc-225"/>
      </symbol>
      <symbol id="sm-f35">
         <name>floorl</name>
         <value>0x15541</value>
         <object_component_ref idref="oc-29f"/>
      </symbol>
      <symbol id="sm-f36">
         <name>floor</name>
         <value>0x15541</value>
         <object_component_ref idref="oc-29f"/>
      </symbol>
      <symbol id="sm-f67">
         <name>logf</name>
         <value>0x1498d</value>
         <object_component_ref idref="oc-38d"/>
      </symbol>
      <symbol id="sm-f82">
         <name>memcpy</name>
         <value>0x15855</value>
         <object_component_ref idref="oc-5b"/>
      </symbol>
      <symbol id="sm-f83">
         <name>__aeabi_memcpy</name>
         <value>0x15855</value>
         <object_component_ref idref="oc-5b"/>
      </symbol>
      <symbol id="sm-f84">
         <name>__aeabi_memcpy8</name>
         <value>0x15855</value>
         <object_component_ref idref="oc-5b"/>
      </symbol>
      <symbol id="sm-f85">
         <name>__aeabi_memcpy4</name>
         <value>0x15855</value>
         <object_component_ref idref="oc-5b"/>
      </symbol>
      <symbol id="sm-f91">
         <name>__aeabi_idivmod</name>
         <value>0x159d8</value>
         <object_component_ref idref="oc-157"/>
      </symbol>
      <symbol id="sm-f92">
         <name>__aeabi_idiv</name>
         <value>0x159d8</value>
         <object_component_ref idref="oc-157"/>
      </symbol>
      <symbol id="sm-f9e">
         <name>__aeabi_uidivmod</name>
         <value>0x15a2c</value>
         <object_component_ref idref="oc-33d"/>
      </symbol>
      <symbol id="sm-f9f">
         <name>__aeabi_uidiv</name>
         <value>0x15a2c</value>
         <object_component_ref idref="oc-33d"/>
      </symbol>
      <symbol id="sm-fae">
         <name>__aeabi_memset</name>
         <value>0x158f3</value>
         <object_component_ref idref="oc-eb"/>
      </symbol>
      <symbol id="sm-faf">
         <name>memset</name>
         <value>0x158f9</value>
         <object_component_ref idref="oc-eb"/>
      </symbol>
      <symbol id="sm-fb0">
         <name>__aeabi_memset8</name>
         <value>0x158f3</value>
         <object_component_ref idref="oc-eb"/>
      </symbol>
      <symbol id="sm-fb1">
         <name>__aeabi_memset4</name>
         <value>0x158f3</value>
         <object_component_ref idref="oc-eb"/>
      </symbol>
      <symbol id="sm-fb2">
         <name>__aeabi_memclr8</name>
         <value>0x158f1</value>
         <object_component_ref idref="oc-eb"/>
      </symbol>
      <symbol id="sm-fb3">
         <name>__aeabi_memclr4</name>
         <value>0x158f1</value>
         <object_component_ref idref="oc-eb"/>
      </symbol>
      <symbol id="sm-fb4">
         <name>__aeabi_memclr</name>
         <value>0x158f1</value>
         <object_component_ref idref="oc-eb"/>
      </symbol>
      <symbol id="sm-fdc">
         <name>__TI_auto_init_nobinit_nopinit</name>
         <value>0x15a7d</value>
         <object_component_ref idref="oc-10f"/>
      </symbol>
      <symbol id="sm-fef">
         <name>__TI_zero_init</name>
         <value>0x15ae5</value>
         <object_component_ref idref="oc-6d"/>
      </symbol>
      <symbol id="sm-1006">
         <name>__TI_decompress_none</name>
         <value>0x15ad7</value>
         <object_component_ref idref="oc-17"/>
      </symbol>
      <symbol id="sm-1029">
         <name>__TI_decompress_lzss</name>
         <value>0x1596b</value>
         <object_component_ref idref="oc-11"/>
      </symbol>
      <symbol id="sm-1034">
         <name>C$$EXIT</name>
         <value>0x15af9</value>
         <object_component_ref idref="oc-178"/>
      </symbol>
      <symbol id="sm-1035">
         <name>abort</name>
         <value>0x15af9</value>
         <object_component_ref idref="oc-178"/>
      </symbol>
      <symbol id="sm-1044">
         <name>strlen</name>
         <value>0x15ac1</value>
         <object_component_ref idref="oc-2e7"/>
      </symbol>
      <symbol id="sm-105a">
         <name>__aeabi_errno_addr</name>
         <value>0x15af1</value>
         <object_component_ref idref="oc-422"/>
      </symbol>
      <symbol id="sm-105b">
         <name>errno</name>
         <value>0x80037d4</value>
         <object_component_ref idref="oc-46f"/>
      </symbol>
      <symbol id="sm-1065">
         <name>__aeabi_idiv0</name>
         <value>0x159d7</value>
         <object_component_ref idref="oc-2ef"/>
      </symbol>
      <symbol id="sm-1066">
         <name>__aeabi_ldiv0</name>
         <value>0x159d7</value>
         <object_component_ref idref="oc-2ef"/>
      </symbol>
      <symbol id="sm-1067">
         <name>__TI_static_base__</name>
         <value>0x0</value>
      </symbol>
      <symbol id="sm-106b">
         <name>SHT$$INIT_ARRAY$$Base</name>
         <value>0x0</value>
      </symbol>
      <symbol id="sm-106c">
         <name>SHT$$INIT_ARRAY$$Limit</name>
         <value>0x0</value>
      </symbol>
      <symbol id="sm-106d">
         <name>_system_post_cinit</name>
         <value>0x0</value>
      </symbol>
   </symbol_table>
   <title>Link successful</title>
</link_info>
